-- Logs begin at Fri 2017-12-08 09:52:43 EST, end at Fri 2017-12-08 11:31:38 EST. --
Dec 08 09:52:43 osboxes kernel: Linux version 4.9.0-3-amd64 (debian-kernel@lists.debian.org) (gcc version 6.3.0 20170516 (Debian 6.3.0-18) ) #1 SMP Debian 4.9.30-2+deb9u5 (2017-09-19)
Dec 08 09:52:43 osboxes kernel: Command line: BOOT_IMAGE=/vmlinuz-4.9.0-3-amd64 root=UUID=5e2700b4-cb8e-461a-8540-20d9fc6cb64b ro quiet
Dec 08 09:52:43 osboxes kernel: ------------[ cut here ]------------
Dec 08 09:52:43 osboxes kernel: WARNING: CPU: 0 PID: 0 at /build/linux-cRtIym/linux-4.9.30/arch/x86/kernel/fpu/xstate.c:593 fpu__init_system_xstate+0x53b/0x981
Dec 08 09:52:43 osboxes kernel: XSAVE consistency problem, dumping leaves
Dec 08 09:52:43 osboxes kernel: Modules linked in:
Dec 08 09:52:43 osboxes kernel: CPU: 0 PID: 0 Comm: swapper Not tainted 4.9.0-3-amd64 #1 Debian 4.9.30-2+deb9u5
Dec 08 09:52:43 osboxes kernel:  0000000000000000 ffffffffae9285b4 ffffffffaf203e08 0000000000000000
Dec 08 09:52:43 osboxes kernel:  ffffffffae676ebe 000000000000000a ffffffffaf203e60 0000000000000440
Dec 08 09:52:43 osboxes kernel:  ffffffffaf203e90 ffffffffaf203e9c 0000000000000100 ffffffffae676f3f
Dec 08 09:52:43 osboxes kernel: Call Trace:
Dec 08 09:52:43 osboxes kernel:  [<ffffffffae9285b4>] ? dump_stack+0x5c/0x78
Dec 08 09:52:43 osboxes kernel:  [<ffffffffae676ebe>] ? __warn+0xbe/0xe0
Dec 08 09:52:43 osboxes kernel:  [<ffffffffae676f3f>] ? warn_slowpath_fmt+0x5f/0x80
Dec 08 09:52:43 osboxes kernel:  [<ffffffffae672764>] ? xfeature_size+0x5a/0x78
Dec 08 09:52:43 osboxes kernel:  [<ffffffffaf347243>] ? fpu__init_system_xstate+0x53b/0x981
Dec 08 09:52:43 osboxes kernel:  [<ffffffffae958666>] ? msr_clear_bit+0x36/0xa0
Dec 08 09:52:43 osboxes kernel:  [<ffffffffaf3468dc>] ? fpu__init_system+0x208/0x30b
Dec 08 09:52:43 osboxes kernel:  [<ffffffffaf342fea>] ? setup_arch+0xb8/0xcc6
Dec 08 09:52:43 osboxes kernel:  [<ffffffffae77a25e>] ? printk+0x57/0x73
Dec 08 09:52:43 osboxes kernel:  [<ffffffffaf338120>] ? early_idt_handler_array+0x120/0x120
Dec 08 09:52:43 osboxes kernel:  [<ffffffffaf338bbf>] ? start_kernel+0xab/0x463
Dec 08 09:52:43 osboxes kernel:  [<ffffffffaf338120>] ? early_idt_handler_array+0x120/0x120
Dec 08 09:52:43 osboxes kernel:  [<ffffffffaf338408>] ? x86_64_start_kernel+0x14c/0x170
Dec 08 09:52:43 osboxes kernel: ---[ end trace 7f8310d661a36656 ]---
Dec 08 09:52:43 osboxes kernel: CPUID[0d, 00]: eax=00000007 ebx=00000440 ecx=00000440 edx=00000000
Dec 08 09:52:43 osboxes kernel: CPUID[0d, 01]: eax=00000000 ebx=000003c0 ecx=00000000 edx=00000000
Dec 08 09:52:43 osboxes kernel: CPUID[0d, 02]: eax=00000100 ebx=00000240 ecx=00000000 edx=00000000
Dec 08 09:52:43 osboxes kernel: CPUID[0d, 03]: eax=00000000 ebx=00000000 ecx=00000000 edx=00000000
Dec 08 09:52:43 osboxes kernel: CPUID[0d, 04]: eax=00000000 ebx=00000000 ecx=00000000 edx=00000000
Dec 08 09:52:43 osboxes kernel: CPUID[0d, 05]: eax=00000000 ebx=00000000 ecx=00000000 edx=00000000
Dec 08 09:52:43 osboxes kernel: CPUID[0d, 06]: eax=00000000 ebx=00000000 ecx=00000000 edx=00000000
Dec 08 09:52:43 osboxes kernel: CPUID[0d, 07]: eax=00000000 ebx=00000000 ecx=00000000 edx=00000000
Dec 08 09:52:43 osboxes kernel: CPUID[0d, 08]: eax=00000000 ebx=00000000 ecx=00000000 edx=00000000
Dec 08 09:52:43 osboxes kernel: CPUID[0d, 09]: eax=00000000 ebx=00000000 ecx=00000000 edx=00000000
Dec 08 09:52:43 osboxes kernel: CPUID[0d, 0a]: eax=00000000 ebx=00000000 ecx=00000000 edx=00000000
Dec 08 09:52:43 osboxes kernel: CPUID[0d, 0b]: eax=00000000 ebx=00000000 ecx=00000000 edx=00000000
Dec 08 09:52:43 osboxes kernel: CPUID[0d, 0c]: eax=00000000 ebx=00000000 ecx=00000000 edx=00000000
Dec 08 09:52:43 osboxes kernel: CPUID[0d, 0d]: eax=00000000 ebx=00000000 ecx=00000000 edx=00000000
Dec 08 09:52:43 osboxes kernel: CPUID[0d, 0e]: eax=00000000 ebx=00000000 ecx=00000000 edx=00000000
Dec 08 09:52:43 osboxes kernel: CPUID[0d, 0f]: eax=00000000 ebx=00000000 ecx=00000000 edx=00000000
Dec 08 09:52:43 osboxes kernel: CPUID[0d, 10]: eax=00000000 ebx=00000000 ecx=00000000 edx=00000000
Dec 08 09:52:43 osboxes kernel: CPUID[0d, 11]: eax=00000000 ebx=00000000 ecx=00000000 edx=00000000
Dec 08 09:52:43 osboxes kernel: CPUID[0d, 12]: eax=00000000 ebx=00000000 ecx=00000000 edx=00000000
Dec 08 09:52:43 osboxes kernel: CPUID[0d, 13]: eax=00000000 ebx=00000000 ecx=00000000 edx=00000000
Dec 08 09:52:43 osboxes kernel: x86/fpu: Supporting XSAVE feature 0x001: 'x87 floating point registers'
Dec 08 09:52:43 osboxes kernel: x86/fpu: Supporting XSAVE feature 0x002: 'SSE registers'
Dec 08 09:52:43 osboxes kernel: x86/fpu: Supporting XSAVE feature 0x004: 'AVX registers'
Dec 08 09:52:43 osboxes kernel: x86/fpu: xstate_offset[2]:  576, xstate_sizes[2]:  256
Dec 08 09:52:43 osboxes kernel: x86/fpu: Enabled xstate features 0x7, context size is 1088 bytes, using 'standard' format.
Dec 08 09:52:43 osboxes kernel: x86/fpu: Using 'eager' FPU context switches.
Dec 08 09:52:43 osboxes kernel: e820: BIOS-provided physical RAM map:
Dec 08 09:52:43 osboxes kernel: BIOS-e820: [mem 0x0000000000000000-0x000000000009fbff] usable
Dec 08 09:52:43 osboxes kernel: BIOS-e820: [mem 0x000000000009fc00-0x000000000009ffff] reserved
Dec 08 09:52:43 osboxes kernel: BIOS-e820: [mem 0x00000000000f0000-0x00000000000fffff] reserved
Dec 08 09:52:43 osboxes kernel: BIOS-e820: [mem 0x0000000000100000-0x00000000dffeffff] usable
Dec 08 09:52:43 osboxes kernel: BIOS-e820: [mem 0x00000000dfff0000-0x00000000dfffffff] ACPI data
Dec 08 09:52:43 osboxes kernel: BIOS-e820: [mem 0x00000000fec00000-0x00000000fec00fff] reserved
Dec 08 09:52:43 osboxes kernel: BIOS-e820: [mem 0x00000000fee00000-0x00000000fee00fff] reserved
Dec 08 09:52:43 osboxes kernel: BIOS-e820: [mem 0x00000000fffc0000-0x00000000ffffffff] reserved
Dec 08 09:52:43 osboxes kernel: BIOS-e820: [mem 0x0000000100000000-0x0000000107afffff] usable
Dec 08 09:52:43 osboxes kernel: NX (Execute Disable) protection: active
Dec 08 09:52:43 osboxes kernel: SMBIOS 2.5 present.
Dec 08 09:52:43 osboxes kernel: DMI: innotek GmbH VirtualBox/VirtualBox, BIOS VirtualBox 12/01/2006
Dec 08 09:52:43 osboxes kernel: Hypervisor detected: KVM
Dec 08 09:52:43 osboxes kernel: e820: update [mem 0x00000000-0x00000fff] usable ==> reserved
Dec 08 09:52:43 osboxes kernel: e820: remove [mem 0x000a0000-0x000fffff] usable
Dec 08 09:52:43 osboxes kernel: e820: last_pfn = 0x107b00 max_arch_pfn = 0x400000000
Dec 08 09:52:43 osboxes kernel: MTRR default type: uncachable
Dec 08 09:52:43 osboxes kernel: MTRR variable ranges disabled:
Dec 08 09:52:43 osboxes kernel: MTRR: Disabled
Dec 08 09:52:43 osboxes kernel: x86/PAT: MTRRs disabled, skipping PAT initialization too.
Dec 08 09:52:43 osboxes kernel: x86/PAT: Configuration [0-7]: WB  WT  UC- UC  WB  WT  UC- UC  
Dec 08 09:52:43 osboxes kernel: CPU MTRRs all blank - virtualized system.
Dec 08 09:52:43 osboxes kernel: e820: last_pfn = 0xdfff0 max_arch_pfn = 0x400000000
Dec 08 09:52:43 osboxes kernel: found SMP MP-table at [mem 0x0009fff0-0x0009ffff] mapped at [ffff88d18009fff0]
Dec 08 09:52:43 osboxes kernel: Base memory trampoline at [ffff88d180099000] 99000 size 24576
Dec 08 09:52:43 osboxes kernel: BRK [0x3912e000, 0x3912efff] PGTABLE
Dec 08 09:52:43 osboxes kernel: BRK [0x3912f000, 0x3912ffff] PGTABLE
Dec 08 09:52:43 osboxes kernel: BRK [0x39130000, 0x39130fff] PGTABLE
Dec 08 09:52:43 osboxes kernel: BRK [0x39131000, 0x39131fff] PGTABLE
Dec 08 09:52:43 osboxes kernel: BRK [0x39132000, 0x39132fff] PGTABLE
Dec 08 09:52:43 osboxes kernel: BRK [0x39133000, 0x39133fff] PGTABLE
Dec 08 09:52:43 osboxes kernel: BRK [0x39134000, 0x39134fff] PGTABLE
Dec 08 09:52:43 osboxes kernel: BRK [0x39135000, 0x39135fff] PGTABLE
Dec 08 09:52:43 osboxes kernel: RAMDISK: [mem 0x35d13000-0x36e80fff]
Dec 08 09:52:43 osboxes kernel: ACPI: Early table checksum verification disabled
Dec 08 09:52:43 osboxes kernel: ACPI: RSDP 0x00000000000E0000 000024 (v02 VBOX  )
Dec 08 09:52:43 osboxes kernel: ACPI: XSDT 0x00000000DFFF0030 00003C (v01 VBOX   VBOXXSDT 00000001 ASL  00000061)
Dec 08 09:52:43 osboxes kernel: ACPI: FACP 0x00000000DFFF00F0 0000F4 (v04 VBOX   VBOXFACP 00000001 ASL  00000061)
Dec 08 09:52:43 osboxes kernel: ACPI: DSDT 0x00000000DFFF0480 0021C8 (v02 VBOX   VBOXBIOS 00000002 INTL 20160831)
Dec 08 09:52:43 osboxes kernel: ACPI: FACS 0x00000000DFFF0200 000040
Dec 08 09:52:43 osboxes kernel: ACPI: FACS 0x00000000DFFF0200 000040
Dec 08 09:52:43 osboxes kernel: ACPI: APIC 0x00000000DFFF0240 00006C (v02 VBOX   VBOXAPIC 00000001 ASL  00000061)
Dec 08 09:52:43 osboxes kernel: ACPI: SSDT 0x00000000DFFF02B0 0001CC (v01 VBOX   VBOXCPUT 00000002 INTL 20160831)
Dec 08 09:52:43 osboxes kernel: ACPI: Local APIC address 0xfee00000
Dec 08 09:52:43 osboxes kernel: No NUMA configuration found
Dec 08 09:52:43 osboxes kernel: Faking a node at [mem 0x0000000000000000-0x0000000107afffff]
Dec 08 09:52:43 osboxes kernel: NODE_DATA(0) allocated [mem 0x107afb000-0x107afffff]
Dec 08 09:52:43 osboxes kernel: kvm-clock: Using msrs 4b564d01 and 4b564d00
Dec 08 09:52:43 osboxes kernel: kvm-clock: cpu 0, msr 1:7af3001, primary cpu clock
Dec 08 09:52:43 osboxes kernel: kvm-clock: using sched offset of 8241578572 cycles
Dec 08 09:52:43 osboxes kernel: clocksource: kvm-clock: mask: 0xffffffffffffffff max_cycles: 0x1cd42e4dffb, max_idle_ns: 881590591483 ns
Dec 08 09:52:43 osboxes kernel: Zone ranges:
Dec 08 09:52:43 osboxes kernel:   DMA      [mem 0x0000000000001000-0x0000000000ffffff]
Dec 08 09:52:43 osboxes kernel:   DMA32    [mem 0x0000000001000000-0x00000000ffffffff]
Dec 08 09:52:43 osboxes kernel:   Normal   [mem 0x0000000100000000-0x0000000107afffff]
Dec 08 09:52:43 osboxes kernel:   Device   empty
Dec 08 09:52:43 osboxes kernel: Movable zone start for each node
Dec 08 09:52:43 osboxes kernel: Early memory node ranges
Dec 08 09:52:43 osboxes kernel:   node   0: [mem 0x0000000000001000-0x000000000009efff]
Dec 08 09:52:43 osboxes kernel:   node   0: [mem 0x0000000000100000-0x00000000dffeffff]
Dec 08 09:52:43 osboxes kernel:   node   0: [mem 0x0000000100000000-0x0000000107afffff]
Dec 08 09:52:43 osboxes kernel: Initmem setup node 0 [mem 0x0000000000001000-0x0000000107afffff]
Dec 08 09:52:43 osboxes kernel: On node 0 totalpages: 948878
Dec 08 09:52:43 osboxes kernel:   DMA zone: 64 pages used for memmap
Dec 08 09:52:43 osboxes kernel:   DMA zone: 21 pages reserved
Dec 08 09:52:43 osboxes kernel:   DMA zone: 3998 pages, LIFO batch:0
Dec 08 09:52:43 osboxes kernel:   DMA32 zone: 14272 pages used for memmap
Dec 08 09:52:43 osboxes kernel:   DMA32 zone: 913392 pages, LIFO batch:31
Dec 08 09:52:43 osboxes kernel:   Normal zone: 492 pages used for memmap
Dec 08 09:52:43 osboxes kernel:   Normal zone: 31488 pages, LIFO batch:7
Dec 08 09:52:43 osboxes kernel: ACPI: PM-Timer IO Port: 0x4008
Dec 08 09:52:43 osboxes kernel: ACPI: Local APIC address 0xfee00000
Dec 08 09:52:43 osboxes kernel: IOAPIC[0]: apic_id 4, version 32, address 0xfec00000, GSI 0-23
Dec 08 09:52:43 osboxes kernel: ACPI: INT_SRC_OVR (bus 0 bus_irq 0 global_irq 2 dfl dfl)
Dec 08 09:52:43 osboxes kernel: ACPI: INT_SRC_OVR (bus 0 bus_irq 9 global_irq 9 high level)
Dec 08 09:52:43 osboxes kernel: ACPI: IRQ0 used by override.
Dec 08 09:52:43 osboxes kernel: ACPI: IRQ9 used by override.
Dec 08 09:52:43 osboxes kernel: Using ACPI (MADT) for SMP configuration information
Dec 08 09:52:43 osboxes kernel: smpboot: Allowing 4 CPUs, 0 hotplug CPUs
Dec 08 09:52:43 osboxes kernel: PM: Registered nosave memory: [mem 0x00000000-0x00000fff]
Dec 08 09:52:43 osboxes kernel: PM: Registered nosave memory: [mem 0x0009f000-0x0009ffff]
Dec 08 09:52:43 osboxes kernel: PM: Registered nosave memory: [mem 0x000a0000-0x000effff]
Dec 08 09:52:43 osboxes kernel: PM: Registered nosave memory: [mem 0x000f0000-0x000fffff]
Dec 08 09:52:43 osboxes kernel: PM: Registered nosave memory: [mem 0xdfff0000-0xdfffffff]
Dec 08 09:52:43 osboxes kernel: PM: Registered nosave memory: [mem 0xe0000000-0xfebfffff]
Dec 08 09:52:43 osboxes kernel: PM: Registered nosave memory: [mem 0xfec00000-0xfec00fff]
Dec 08 09:52:43 osboxes kernel: PM: Registered nosave memory: [mem 0xfec01000-0xfedfffff]
Dec 08 09:52:43 osboxes kernel: PM: Registered nosave memory: [mem 0xfee00000-0xfee00fff]
Dec 08 09:52:43 osboxes kernel: PM: Registered nosave memory: [mem 0xfee01000-0xfffbffff]
Dec 08 09:52:43 osboxes kernel: PM: Registered nosave memory: [mem 0xfffc0000-0xffffffff]
Dec 08 09:52:43 osboxes kernel: e820: [mem 0xe0000000-0xfebfffff] available for PCI devices
Dec 08 09:52:43 osboxes kernel: Booting paravirtualized kernel on KVM
Dec 08 09:52:43 osboxes kernel: clocksource: refined-jiffies: mask: 0xffffffff max_cycles: 0xffffffff, max_idle_ns: 7645519600211568 ns
Dec 08 09:52:43 osboxes kernel: setup_percpu: NR_CPUS:512 nr_cpumask_bits:512 nr_cpu_ids:4 nr_node_ids:1
Dec 08 09:52:43 osboxes kernel: percpu: Embedded 35 pages/cpu @ffff88d287600000 s103512 r8192 d31656 u524288
Dec 08 09:52:43 osboxes kernel: pcpu-alloc: s103512 r8192 d31656 u524288 alloc=1*2097152
Dec 08 09:52:43 osboxes kernel: pcpu-alloc: [0] 0 1 2 3 
Dec 08 09:52:43 osboxes kernel: PV qspinlock hash table entries: 256 (order: 0, 4096 bytes)
Dec 08 09:52:43 osboxes kernel: Built 1 zonelists in Node order, mobility grouping on.  Total pages: 934029
Dec 08 09:52:43 osboxes kernel: Policy zone: Normal
Dec 08 09:52:43 osboxes kernel: Kernel command line: BOOT_IMAGE=/vmlinuz-4.9.0-3-amd64 root=UUID=5e2700b4-cb8e-461a-8540-20d9fc6cb64b ro quiet
Dec 08 09:52:43 osboxes kernel: PID hash table entries: 4096 (order: 3, 32768 bytes)
Dec 08 09:52:43 osboxes kernel: Calgary: detecting Calgary via BIOS EBDA area
Dec 08 09:52:43 osboxes kernel: Calgary: Unable to locate Rio Grande table in EBDA - bailing!
Dec 08 09:52:43 osboxes kernel: Memory: 3635964K/3795512K available (6188K kernel code, 1137K rwdata, 2856K rodata, 1392K init, 688K bss, 159548K reserved, 0K cma-reserved)
Dec 08 09:52:43 osboxes kernel: Hierarchical RCU implementation.
Dec 08 09:52:43 osboxes kernel:         Build-time adjustment of leaf fanout to 64.
Dec 08 09:52:43 osboxes kernel:         RCU restricting CPUs from NR_CPUS=512 to nr_cpu_ids=4.
Dec 08 09:52:43 osboxes kernel: RCU: Adjusting geometry for rcu_fanout_leaf=64, nr_cpu_ids=4
Dec 08 09:52:43 osboxes kernel: NR_IRQS:33024 nr_irqs:456 16
Dec 08 09:52:43 osboxes kernel: Console: colour VGA+ 80x25
Dec 08 09:52:43 osboxes kernel: console [tty0] enabled
Dec 08 09:52:43 osboxes kernel: tsc: Detected 3000.000 MHz processor
Dec 08 09:52:43 osboxes kernel: Calibrating delay loop (skipped) preset value.. 6000.00 BogoMIPS (lpj=12000000)
Dec 08 09:52:43 osboxes kernel: pid_max: default: 32768 minimum: 301
Dec 08 09:52:43 osboxes kernel: ACPI: Core revision 20160831
Dec 08 09:52:43 osboxes kernel: ACPI: 2 ACPI AML tables successfully acquired and loaded
Dec 08 09:52:43 osboxes kernel: Security Framework initialized
Dec 08 09:52:43 osboxes kernel: Yama: disabled by default; enable with sysctl kernel.yama.*
Dec 08 09:52:43 osboxes kernel: AppArmor: AppArmor disabled by boot time parameter
Dec 08 09:52:43 osboxes kernel: Dentry cache hash table entries: 524288 (order: 10, 4194304 bytes)
Dec 08 09:52:43 osboxes kernel: Inode-cache hash table entries: 262144 (order: 9, 2097152 bytes)
Dec 08 09:52:43 osboxes kernel: Mount-cache hash table entries: 8192 (order: 4, 65536 bytes)
Dec 08 09:52:43 osboxes kernel: Mountpoint-cache hash table entries: 8192 (order: 4, 65536 bytes)
Dec 08 09:52:43 osboxes kernel: CPU: Physical Processor ID: 0
Dec 08 09:52:43 osboxes kernel: CPU: Processor Core ID: 0
Dec 08 09:52:43 osboxes kernel: mce: CPU supports 0 MCE banks
Dec 08 09:52:43 osboxes kernel: Last level iTLB entries: 4KB 64, 2MB 8, 4MB 8
Dec 08 09:52:43 osboxes kernel: Last level dTLB entries: 4KB 64, 2MB 0, 4MB 0, 1GB 4
Dec 08 09:52:43 osboxes kernel: Freeing SMP alternatives memory: 24K (ffffffffaf47a000 - ffffffffaf480000)
Dec 08 09:52:43 osboxes kernel: ftrace: allocating 25180 entries in 99 pages
Dec 08 09:52:43 osboxes kernel: smpboot: Max logical packages: 1
Dec 08 09:52:43 osboxes kernel: x2apic enabled
Dec 08 09:52:43 osboxes kernel: Switched APIC routing to physical x2apic.
Dec 08 09:52:43 osboxes kernel: ..TIMER: vector=0x30 apic1=0 pin1=2 apic2=-1 pin2=-1
Dec 08 09:52:43 osboxes kernel: smpboot: CPU0: Intel(R) Xeon(R) CPU E3-1505M v6 @ 3.00GHz (family: 0x6, model: 0x9e, stepping: 0x9)
Dec 08 09:52:43 osboxes kernel: Performance Events: unsupported p6 CPU model 158 no PMU driver, software events only.
Dec 08 09:52:43 osboxes kernel: KVM setup paravirtual spinlock
Dec 08 09:52:43 osboxes kernel: x86: Booting SMP configuration:
Dec 08 09:52:43 osboxes kernel: .... node  #0, CPUs:      #1
Dec 08 09:52:43 osboxes kernel: kvm-clock: cpu 1, msr 1:7af3041, secondary cpu clock
Dec 08 09:52:43 osboxes kernel: mce: CPU supports 0 MCE banks
Dec 08 09:52:43 osboxes kernel:  #2
Dec 08 09:52:43 osboxes kernel: kvm-clock: cpu 2, msr 1:7af3081, secondary cpu clock
Dec 08 09:52:43 osboxes kernel: mce: CPU supports 0 MCE banks
Dec 08 09:52:43 osboxes kernel:  #3
Dec 08 09:52:43 osboxes kernel: kvm-clock: cpu 3, msr 1:7af30c1, secondary cpu clock
Dec 08 09:52:43 osboxes kernel: mce: CPU supports 0 MCE banks
Dec 08 09:52:43 osboxes kernel: x86: Booted up 1 node, 4 CPUs
Dec 08 09:52:43 osboxes kernel: smpboot: Total of 4 processors activated (24000.00 BogoMIPS)
Dec 08 09:52:43 osboxes kernel: devtmpfs: initialized
Dec 08 09:52:43 osboxes kernel: x86/mm: Memory block size: 128MB
Dec 08 09:52:43 osboxes kernel: clocksource: jiffies: mask: 0xffffffff max_cycles: 0xffffffff, max_idle_ns: 7645041785100000 ns
Dec 08 09:52:43 osboxes kernel: futex hash table entries: 1024 (order: 4, 65536 bytes)
Dec 08 09:52:43 osboxes kernel: pinctrl core: initialized pinctrl subsystem
Dec 08 09:52:43 osboxes kernel: NET: Registered protocol family 16
Dec 08 09:52:43 osboxes kernel: cpuidle: using governor ladder
Dec 08 09:52:43 osboxes kernel: cpuidle: using governor menu
Dec 08 09:52:43 osboxes kernel: ACPI: bus type PCI registered
Dec 08 09:52:43 osboxes kernel: acpiphp: ACPI Hot Plug PCI Controller Driver version: 0.5
Dec 08 09:52:43 osboxes kernel: PCI: Using configuration type 1 for base access
Dec 08 09:52:43 osboxes kernel: HugeTLB registered 2 MB page size, pre-allocated 0 pages
Dec 08 09:52:43 osboxes kernel: ACPI: Added _OSI(Module Device)
Dec 08 09:52:43 osboxes kernel: ACPI: Added _OSI(Processor Device)
Dec 08 09:52:43 osboxes kernel: ACPI: Added _OSI(3.0 _SCP Extensions)
Dec 08 09:52:43 osboxes kernel: ACPI: Added _OSI(Processor Aggregator Device)
Dec 08 09:52:43 osboxes kernel: ACPI: Executed 1 blocks of module-level executable AML code
Dec 08 09:52:43 osboxes kernel: ACPI: Interpreter enabled
Dec 08 09:52:43 osboxes kernel: ACPI: (supports S0 S5)
Dec 08 09:52:43 osboxes kernel: ACPI: Using IOAPIC for interrupt routing
Dec 08 09:52:43 osboxes kernel: PCI: Using host bridge windows from ACPI; if necessary, use "pci=nocrs" and report a bug
Dec 08 09:52:43 osboxes kernel: ACPI: PCI Root Bridge [PCI0] (domain 0000 [bus 00-ff])
Dec 08 09:52:43 osboxes kernel: acpi PNP0A03:00: _OSC: OS supports [ASPM ClockPM Segments MSI]
Dec 08 09:52:43 osboxes kernel: acpi PNP0A03:00: _OSC failed (AE_NOT_FOUND); disabling ASPM
Dec 08 09:52:43 osboxes kernel: acpi PNP0A03:00: fail to add MMCONFIG information, can't access extended PCI configuration space under this bridge.
Dec 08 09:52:43 osboxes kernel: PCI host bridge to bus 0000:00
Dec 08 09:52:43 osboxes kernel: pci_bus 0000:00: root bus resource [io  0x0000-0x0cf7 window]
Dec 08 09:52:43 osboxes kernel: pci_bus 0000:00: root bus resource [io  0x0d00-0xffff window]
Dec 08 09:52:43 osboxes kernel: pci_bus 0000:00: root bus resource [mem 0x000a0000-0x000bffff window]
Dec 08 09:52:43 osboxes kernel: pci_bus 0000:00: root bus resource [mem 0xe0000000-0xffdfffff window]
Dec 08 09:52:43 osboxes kernel: pci_bus 0000:00: root bus resource [bus 00-ff]
Dec 08 09:52:43 osboxes kernel: pci 0000:00:00.0: [8086:1237] type 00 class 0x060000
Dec 08 09:52:43 osboxes kernel: pci 0000:00:01.0: [8086:7000] type 00 class 0x060100
Dec 08 09:52:43 osboxes kernel: pci 0000:00:01.1: [8086:7111] type 00 class 0x01018a
Dec 08 09:52:43 osboxes kernel: pci 0000:00:01.1: reg 0x20: [io  0xd000-0xd00f]
Dec 08 09:52:43 osboxes kernel: pci 0000:00:01.1: legacy IDE quirk: reg 0x10: [io  0x01f0-0x01f7]
Dec 08 09:52:43 osboxes kernel: pci 0000:00:01.1: legacy IDE quirk: reg 0x14: [io  0x03f6]
Dec 08 09:52:43 osboxes kernel: pci 0000:00:01.1: legacy IDE quirk: reg 0x18: [io  0x0170-0x0177]
Dec 08 09:52:43 osboxes kernel: pci 0000:00:01.1: legacy IDE quirk: reg 0x1c: [io  0x0376]
Dec 08 09:52:43 osboxes kernel: pci 0000:00:02.0: [80ee:beef] type 00 class 0x030000
Dec 08 09:52:43 osboxes kernel: pci 0000:00:02.0: reg 0x10: [mem 0xe0000000-0xe3ffffff pref]
Dec 08 09:52:43 osboxes kernel: pci 0000:00:03.0: [8086:100e] type 00 class 0x020000
Dec 08 09:52:43 osboxes kernel: pci 0000:00:03.0: reg 0x10: [mem 0xf0000000-0xf001ffff]
Dec 08 09:52:43 osboxes kernel: pci 0000:00:03.0: reg 0x18: [io  0xd010-0xd017]
Dec 08 09:52:43 osboxes kernel: pci 0000:00:04.0: [80ee:cafe] type 00 class 0x088000
Dec 08 09:52:43 osboxes kernel: pci 0000:00:04.0: reg 0x10: [io  0xd020-0xd03f]
Dec 08 09:52:43 osboxes kernel: pci 0000:00:04.0: reg 0x14: [mem 0xf0400000-0xf07fffff]
Dec 08 09:52:43 osboxes kernel: pci 0000:00:04.0: reg 0x18: [mem 0xf0800000-0xf0803fff pref]
Dec 08 09:52:43 osboxes kernel: pci 0000:00:05.0: [8086:2415] type 00 class 0x040100
Dec 08 09:52:43 osboxes kernel: pci 0000:00:05.0: reg 0x10: [io  0xd100-0xd1ff]
Dec 08 09:52:43 osboxes kernel: pci 0000:00:05.0: reg 0x14: [io  0xd200-0xd23f]
Dec 08 09:52:43 osboxes kernel: pci 0000:00:06.0: [106b:003f] type 00 class 0x0c0310
Dec 08 09:52:43 osboxes kernel: pci 0000:00:06.0: reg 0x10: [mem 0xf0804000-0xf0804fff]
Dec 08 09:52:43 osboxes kernel: pci 0000:00:07.0: [8086:7113] type 00 class 0x068000
Dec 08 09:52:43 osboxes kernel: pci 0000:00:07.0: quirk: [io  0x4000-0x403f] claimed by PIIX4 ACPI
Dec 08 09:52:43 osboxes kernel: pci 0000:00:07.0: quirk: [io  0x4100-0x410f] claimed by PIIX4 SMB
Dec 08 09:52:43 osboxes kernel: pci 0000:00:0b.0: [8086:265c] type 00 class 0x0c0320
Dec 08 09:52:43 osboxes kernel: pci 0000:00:0b.0: reg 0x10: [mem 0xf0805000-0xf0805fff]
Dec 08 09:52:43 osboxes kernel: pci 0000:00:0d.0: [8086:2829] type 00 class 0x010601
Dec 08 09:52:43 osboxes kernel: pci 0000:00:0d.0: reg 0x10: [io  0xd240-0xd247]
Dec 08 09:52:43 osboxes kernel: pci 0000:00:0d.0: reg 0x18: [io  0xd250-0xd257]
Dec 08 09:52:43 osboxes kernel: pci 0000:00:0d.0: reg 0x20: [io  0xd260-0xd26f]
Dec 08 09:52:43 osboxes kernel: pci 0000:00:0d.0: reg 0x24: [mem 0xf0806000-0xf0807fff]
Dec 08 09:52:43 osboxes kernel: ACPI: PCI Interrupt Link [LNKA] (IRQs 5 9 10 *11)
Dec 08 09:52:43 osboxes kernel: ACPI: PCI Interrupt Link [LNKB] (IRQs 5 9 10 *11)
Dec 08 09:52:43 osboxes kernel: ACPI: PCI Interrupt Link [LNKC] (IRQs 5 9 *10 11)
Dec 08 09:52:43 osboxes kernel: ACPI: PCI Interrupt Link [LNKD] (IRQs 5 *9 10 11)
Dec 08 09:52:43 osboxes kernel: ACPI: Enabled 2 GPEs in block 00 to 07
Dec 08 09:52:43 osboxes kernel: vgaarb: setting as boot device: PCI:0000:00:02.0
Dec 08 09:52:43 osboxes kernel: vgaarb: device added: PCI:0000:00:02.0,decodes=io+mem,owns=io+mem,locks=none
Dec 08 09:52:43 osboxes kernel: vgaarb: loaded
Dec 08 09:52:43 osboxes kernel: vgaarb: bridge control possible 0000:00:02.0
Dec 08 09:52:43 osboxes kernel: PCI: Using ACPI for IRQ routing
Dec 08 09:52:43 osboxes kernel: PCI: pci_cache_line_size set to 64 bytes
Dec 08 09:52:43 osboxes kernel: e820: reserve RAM buffer [mem 0x0009fc00-0x0009ffff]
Dec 08 09:52:43 osboxes kernel: e820: reserve RAM buffer [mem 0xdfff0000-0xdfffffff]
Dec 08 09:52:43 osboxes kernel: e820: reserve RAM buffer [mem 0x107b00000-0x107ffffff]
Dec 08 09:52:43 osboxes kernel: clocksource: Switched to clocksource kvm-clock
Dec 08 09:52:43 osboxes kernel: VFS: Disk quotas dquot_6.6.0
Dec 08 09:52:43 osboxes kernel: VFS: Dquot-cache hash table entries: 512 (order 0, 4096 bytes)
Dec 08 09:52:43 osboxes kernel: pnp: PnP ACPI init
Dec 08 09:52:43 osboxes kernel: pnp 00:00: Plug and Play ACPI device, IDs PNP0303 (active)
Dec 08 09:52:43 osboxes kernel: pnp 00:01: Plug and Play ACPI device, IDs PNP0f03 (active)
Dec 08 09:52:43 osboxes kernel: pnp: PnP ACPI: found 2 devices
Dec 08 09:52:43 osboxes kernel: clocksource: acpi_pm: mask: 0xffffff max_cycles: 0xffffff, max_idle_ns: 2085701024 ns
Dec 08 09:52:43 osboxes kernel: pci_bus 0000:00: resource 4 [io  0x0000-0x0cf7 window]
Dec 08 09:52:43 osboxes kernel: pci_bus 0000:00: resource 5 [io  0x0d00-0xffff window]
Dec 08 09:52:43 osboxes kernel: pci_bus 0000:00: resource 6 [mem 0x000a0000-0x000bffff window]
Dec 08 09:52:43 osboxes kernel: pci_bus 0000:00: resource 7 [mem 0xe0000000-0xffdfffff window]
Dec 08 09:52:43 osboxes kernel: NET: Registered protocol family 2
Dec 08 09:52:43 osboxes kernel: TCP established hash table entries: 32768 (order: 6, 262144 bytes)
Dec 08 09:52:43 osboxes kernel: TCP bind hash table entries: 32768 (order: 7, 524288 bytes)
Dec 08 09:52:43 osboxes kernel: TCP: Hash tables configured (established 32768 bind 32768)
Dec 08 09:52:43 osboxes kernel: UDP hash table entries: 2048 (order: 4, 65536 bytes)
Dec 08 09:52:43 osboxes kernel: UDP-Lite hash table entries: 2048 (order: 4, 65536 bytes)
Dec 08 09:52:43 osboxes kernel: NET: Registered protocol family 1
Dec 08 09:52:43 osboxes kernel: pci 0000:00:00.0: Limiting direct PCI/PCI transfers
Dec 08 09:52:43 osboxes kernel: pci 0000:00:01.0: Activating ISA DMA hang workarounds
Dec 08 09:52:43 osboxes kernel: pci 0000:00:02.0: Video device with shadowed ROM at [mem 0x000c0000-0x000dffff]
Dec 08 09:52:43 osboxes kernel: PCI: CLS 0 bytes, default 64
Dec 08 09:52:43 osboxes kernel: Unpacking initramfs...
Dec 08 09:52:43 osboxes kernel: Freeing initrd memory: 17848K (ffff88d1b5d13000 - ffff88d1b6e81000)
Dec 08 09:52:43 osboxes kernel: PCI-DMA: Using software bounce buffering for IO (SWIOTLB)
Dec 08 09:52:43 osboxes kernel: software IO TLB [mem 0xdbff0000-0xdfff0000] (64MB) mapped at [ffff88d25bff0000-ffff88d25ffeffff]
Dec 08 09:52:43 osboxes kernel: platform rtc_cmos: registered platform RTC device (no PNP device found)
Dec 08 09:52:43 osboxes kernel: audit: initializing netlink subsys (disabled)
Dec 08 09:52:43 osboxes kernel: audit: type=2000 audit(1512744769.782:1): initialized
Dec 08 09:52:43 osboxes kernel: workingset: timestamp_bits=40 max_order=20 bucket_order=0
Dec 08 09:52:43 osboxes kernel: zbud: loaded
Dec 08 09:52:43 osboxes kernel: Block layer SCSI generic (bsg) driver version 0.4 loaded (major 250)
Dec 08 09:52:43 osboxes kernel: io scheduler noop registered
Dec 08 09:52:43 osboxes kernel: io scheduler deadline registered
Dec 08 09:52:43 osboxes kernel: io scheduler cfq registered (default)
Dec 08 09:52:43 osboxes kernel: pci_hotplug: PCI Hot Plug PCI Core version: 0.5
Dec 08 09:52:43 osboxes kernel: pciehp: PCI Express Hot Plug Controller Driver version: 0.4
Dec 08 09:52:43 osboxes kernel: intel_idle: does not run on family 6 model 158
Dec 08 09:52:43 osboxes kernel: GHES: HEST is not enabled!
Dec 08 09:52:43 osboxes kernel: Serial: 8250/16550 driver, 4 ports, IRQ sharing enabled
Dec 08 09:52:43 osboxes kernel: Linux agpgart interface v0.103
Dec 08 09:52:43 osboxes kernel: AMD IOMMUv2 driver by Joerg Roedel <jroedel@suse.de>
Dec 08 09:52:43 osboxes kernel: AMD IOMMUv2 functionality not available on this system
Dec 08 09:52:43 osboxes kernel: i8042: PNP: PS/2 Controller [PNP0303:PS2K,PNP0f03:PS2M] at 0x60,0x64 irq 1,12
Dec 08 09:52:43 osboxes kernel: serio: i8042 KBD port at 0x60,0x64 irq 1
Dec 08 09:52:43 osboxes kernel: serio: i8042 AUX port at 0x60,0x64 irq 12
Dec 08 09:52:43 osboxes kernel: mousedev: PS/2 mouse device common for all mice
Dec 08 09:52:43 osboxes kernel: input: AT Translated Set 2 keyboard as /devices/platform/i8042/serio0/input/input0
Dec 08 09:52:43 osboxes kernel: rtc_cmos rtc_cmos: rtc core: registered rtc_cmos as rtc0
Dec 08 09:52:43 osboxes kernel: rtc_cmos rtc_cmos: alarms up to one day, 114 bytes nvram
Dec 08 09:52:43 osboxes kernel: ledtrig-cpu: registered to indicate activity on CPUs
Dec 08 09:52:43 osboxes kernel: NET: Registered protocol family 10
Dec 08 09:52:43 osboxes kernel: mip6: Mobile IPv6
Dec 08 09:52:43 osboxes kernel: NET: Registered protocol family 17
Dec 08 09:52:43 osboxes kernel: mpls_gso: MPLS GSO support
Dec 08 09:52:43 osboxes kernel: microcode: sig=0x906e9, pf=0x8, revision=0x0
Dec 08 09:52:43 osboxes kernel: microcode: Microcode Update Driver: v2.01 <tigran@aivazian.fsnet.co.uk>, Peter Oruba
Dec 08 09:52:43 osboxes kernel: registered taskstats version 1
Dec 08 09:52:43 osboxes kernel: zswap: loaded using pool lzo/zbud
Dec 08 09:52:43 osboxes kernel: ima: No TPM chip found, activating TPM-bypass!
Dec 08 09:52:43 osboxes kernel: rtc_cmos rtc_cmos: setting system clock to 2017-12-08 14:52:39 UTC (1512744759)
Dec 08 09:52:43 osboxes kernel: PM: Hibernation image not present or could not be loaded.
Dec 08 09:52:43 osboxes kernel: Freeing unused kernel memory: 1392K (ffffffffaf31e000 - ffffffffaf47a000)
Dec 08 09:52:43 osboxes kernel: Write protecting the kernel read-only data: 12288k
Dec 08 09:52:43 osboxes kernel: Freeing unused kernel memory: 1988K (ffff88d1b880f000 - ffff88d1b8a00000)
Dec 08 09:52:43 osboxes kernel: Freeing unused kernel memory: 1240K (ffff88d1b8cca000 - ffff88d1b8e00000)
Dec 08 09:52:43 osboxes kernel: x86/mm: Checked W+X mappings: passed, no W+X pages found.
Dec 08 09:52:43 osboxes kernel: random: systemd-udevd: uninitialized urandom read (16 bytes read)
Dec 08 09:52:43 osboxes kernel: random: systemd-udevd: uninitialized urandom read (16 bytes read)
Dec 08 09:52:43 osboxes kernel: random: systemd-udevd: uninitialized urandom read (16 bytes read)
Dec 08 09:52:43 osboxes kernel: random: udevadm: uninitialized urandom read (16 bytes read)
Dec 08 09:52:43 osboxes kernel: random: udevadm: uninitialized urandom read (16 bytes read)
Dec 08 09:52:43 osboxes kernel: random: udevadm: uninitialized urandom read (16 bytes read)
Dec 08 09:52:43 osboxes kernel: random: udevadm: uninitialized urandom read (16 bytes read)
Dec 08 09:52:43 osboxes kernel: random: udevadm: uninitialized urandom read (16 bytes read)
Dec 08 09:52:43 osboxes kernel: random: udevadm: uninitialized urandom read (16 bytes read)
Dec 08 09:52:43 osboxes kernel: random: udevadm: uninitialized urandom read (16 bytes read)
Dec 08 09:52:43 osboxes kernel: piix4_smbus 0000:00:07.0: SMBus Host Controller at 0x4100, revision 0
Dec 08 09:52:43 osboxes kernel: e1000: Intel(R) PRO/1000 Network Driver - version 7.3.21-k8-NAPI
Dec 08 09:52:43 osboxes kernel: e1000: Copyright (c) 1999-2006 Intel Corporation.
Dec 08 09:52:43 osboxes kernel: SCSI subsystem initialized
Dec 08 09:52:43 osboxes kernel: ACPI: bus type USB registered
Dec 08 09:52:43 osboxes kernel: usbcore: registered new interface driver usbfs
Dec 08 09:52:43 osboxes kernel: usbcore: registered new interface driver hub
Dec 08 09:52:43 osboxes kernel: usbcore: registered new device driver usb
Dec 08 09:52:43 osboxes kernel: ehci_hcd: USB 2.0 'Enhanced' Host Controller (EHCI) Driver
Dec 08 09:52:43 osboxes kernel: ohci_hcd: USB 1.1 'Open' Host Controller (OHCI) Driver
Dec 08 09:52:43 osboxes kernel: ehci-pci: EHCI PCI platform driver
Dec 08 09:52:43 osboxes kernel: libata version 3.00 loaded.
Dec 08 09:52:43 osboxes kernel: AVX version of gcm_enc/dec engaged.
Dec 08 09:52:43 osboxes kernel: AES CTR mode by8 optimization enabled
Dec 08 09:52:43 osboxes kernel: input: ImExPS/2 Generic Explorer Mouse as /devices/platform/i8042/serio1/input/input2
Dec 08 09:52:43 osboxes kernel: e1000 0000:00:03.0 eth0: (PCI:33MHz:32-bit) 08:00:27:65:a1:7b
Dec 08 09:52:43 osboxes kernel: e1000 0000:00:03.0 eth0: Intel(R) PRO/1000 Network Connection
Dec 08 09:52:43 osboxes kernel: ehci-pci 0000:00:0b.0: EHCI Host Controller
Dec 08 09:52:43 osboxes kernel: ehci-pci 0000:00:0b.0: new USB bus registered, assigned bus number 1
Dec 08 09:52:43 osboxes kernel: ehci-pci 0000:00:0b.0: irq 19, io mem 0xf0805000
Dec 08 09:52:43 osboxes kernel: e1000 0000:00:03.0 enp0s3: renamed from eth0
Dec 08 09:52:43 osboxes kernel: ehci-pci 0000:00:0b.0: USB 2.0 started, EHCI 1.00
Dec 08 09:52:43 osboxes kernel: usb usb1: New USB device found, idVendor=1d6b, idProduct=0002
Dec 08 09:52:43 osboxes kernel: usb usb1: New USB device strings: Mfr=3, Product=2, SerialNumber=1
Dec 08 09:52:43 osboxes kernel: usb usb1: Product: EHCI Host Controller
Dec 08 09:52:43 osboxes kernel: usb usb1: Manufacturer: Linux 4.9.0-3-amd64 ehci_hcd
Dec 08 09:52:43 osboxes kernel: usb usb1: SerialNumber: 0000:00:0b.0
Dec 08 09:52:43 osboxes kernel: hub 1-0:1.0: USB hub found
Dec 08 09:52:43 osboxes kernel: hub 1-0:1.0: 12 ports detected
Dec 08 09:52:43 osboxes kernel: ata_piix 0000:00:01.1: version 2.13
Dec 08 09:52:43 osboxes kernel: ohci-pci: OHCI PCI platform driver
Dec 08 09:52:43 osboxes kernel: scsi host0: ata_piix
Dec 08 09:52:43 osboxes kernel: scsi host1: ata_piix
Dec 08 09:52:43 osboxes kernel: ata1: PATA max UDMA/33 cmd 0x1f0 ctl 0x3f6 bmdma 0xd000 irq 14
Dec 08 09:52:43 osboxes kernel: ata2: PATA max UDMA/33 cmd 0x170 ctl 0x376 bmdma 0xd008 irq 15
Dec 08 09:52:43 osboxes kernel: ahci 0000:00:0d.0: version 3.0
Dec 08 09:52:43 osboxes kernel: ahci 0000:00:0d.0: SSS flag set, parallel bus scan disabled
Dec 08 09:52:43 osboxes kernel: ahci 0000:00:0d.0: AHCI 0001.0100 32 slots 1 ports 3 Gbps 0x1 impl SATA mode
Dec 08 09:52:43 osboxes kernel: ahci 0000:00:0d.0: flags: 64bit ncq stag only ccc 
Dec 08 09:52:43 osboxes kernel: scsi host2: ahci
Dec 08 09:52:43 osboxes kernel: ata3: SATA max UDMA/133 abar m8192@0xf0806000 port 0xf0806100 irq 21
Dec 08 09:52:43 osboxes kernel: ohci-pci 0000:00:06.0: OHCI PCI host controller
Dec 08 09:52:43 osboxes kernel: ohci-pci 0000:00:06.0: new USB bus registered, assigned bus number 2
Dec 08 09:52:43 osboxes kernel: ohci-pci 0000:00:06.0: irq 22, io mem 0xf0804000
Dec 08 09:52:43 osboxes kernel: usb usb2: New USB device found, idVendor=1d6b, idProduct=0001
Dec 08 09:52:43 osboxes kernel: usb usb2: New USB device strings: Mfr=3, Product=2, SerialNumber=1
Dec 08 09:52:43 osboxes kernel: usb usb2: Product: OHCI PCI host controller
Dec 08 09:52:43 osboxes kernel: usb usb2: Manufacturer: Linux 4.9.0-3-amd64 ohci_hcd
Dec 08 09:52:43 osboxes kernel: usb usb2: SerialNumber: 0000:00:06.0
Dec 08 09:52:43 osboxes kernel: hub 2-0:1.0: USB hub found
Dec 08 09:52:43 osboxes kernel: hub 2-0:1.0: 12 ports detected
Dec 08 09:52:43 osboxes kernel: ata2.00: ATAPI: VBOX CD-ROM, 1.0, max UDMA/133
Dec 08 09:52:43 osboxes kernel: ata2.00: configured for UDMA/33
Dec 08 09:52:43 osboxes kernel: scsi 1:0:0:0: CD-ROM            VBOX     CD-ROM           1.0  PQ: 0 ANSI: 5
Dec 08 09:52:43 osboxes kernel: ata3: SATA link up 3.0 Gbps (SStatus 123 SControl 300)
Dec 08 09:52:43 osboxes kernel: ata3.00: ATA-6: VBOX HARDDISK, 1.0, max UDMA/133
Dec 08 09:52:43 osboxes kernel: ata3.00: 419430400 sectors, multi 128: LBA48 NCQ (depth 31/32)
Dec 08 09:52:43 osboxes kernel: ata3.00: configured for UDMA/133
Dec 08 09:52:43 osboxes kernel: scsi 2:0:0:0: Direct-Access     ATA      VBOX HARDDISK    1.0  PQ: 0 ANSI: 5
Dec 08 09:52:43 osboxes kernel: sr 1:0:0:0: [sr0] scsi3-mmc drive: 32x/32x xa/form2 tray
Dec 08 09:52:43 osboxes kernel: cdrom: Uniform CD-ROM driver Revision: 3.20
Dec 08 09:52:43 osboxes kernel: sr 1:0:0:0: Attached scsi CD-ROM sr0
Dec 08 09:52:43 osboxes kernel: sd 2:0:0:0: [sda] 419430400 512-byte logical blocks: (215 GB/200 GiB)
Dec 08 09:52:43 osboxes kernel: sd 2:0:0:0: [sda] Write Protect is off
Dec 08 09:52:43 osboxes kernel: sd 2:0:0:0: [sda] Mode Sense: 00 3a 00 00
Dec 08 09:52:43 osboxes kernel: sd 2:0:0:0: [sda] Write cache: enabled, read cache: enabled, doesn't support DPO or FUA
Dec 08 09:52:43 osboxes kernel:  sda: sda1 sda2 sda3 sda4
Dec 08 09:52:43 osboxes kernel: sd 2:0:0:0: [sda] Attached SCSI disk
Dec 08 09:52:43 osboxes kernel: random: fast init done
Dec 08 09:52:43 osboxes kernel: usb 2-1: new full-speed USB device number 2 using ohci-pci
Dec 08 09:52:43 osboxes kernel: tsc: Refined TSC clocksource calibration: 2999.676 MHz
Dec 08 09:52:43 osboxes kernel: clocksource: tsc: mask: 0xffffffffffffffff max_cycles: 0x2b3d13c30d2, max_idle_ns: 440795360085 ns
Dec 08 09:52:43 osboxes kernel: usb 2-1: New USB device found, idVendor=80ee, idProduct=0021
Dec 08 09:52:43 osboxes kernel: usb 2-1: New USB device strings: Mfr=1, Product=3, SerialNumber=0
Dec 08 09:52:43 osboxes kernel: usb 2-1: Product: USB Tablet
Dec 08 09:52:43 osboxes kernel: usb 2-1: Manufacturer: VirtualBox
Dec 08 09:52:43 osboxes kernel: hidraw: raw HID events driver (C) Jiri Kosina
Dec 08 09:52:43 osboxes kernel: usbcore: registered new interface driver usbhid
Dec 08 09:52:43 osboxes kernel: usbhid: USB HID core driver
Dec 08 09:52:43 osboxes kernel: input: VirtualBox USB Tablet as /devices/pci0000:00/0000:00:06.0/usb2/2-1/2-1:1.0/0003:80EE:0021.0001/input/input3
Dec 08 09:52:43 osboxes kernel: hid-generic 0003:80EE:0021.0001: input,hidraw0: USB HID v1.10 Mouse [VirtualBox USB Tablet] on usb-0000:00:06.0-1/input0
Dec 08 09:52:43 osboxes kernel: floppy0: no floppy controllers found
Dec 08 09:52:43 osboxes kernel: PM: Starting manual resume from disk
Dec 08 09:52:43 osboxes kernel: PM: Hibernation image partition 8:3 present
Dec 08 09:52:43 osboxes kernel: PM: Looking for hibernation image.
Dec 08 09:52:43 osboxes kernel: PM: Image not found (code -22)
Dec 08 09:52:43 osboxes kernel: PM: Hibernation image not present or could not be loaded.
Dec 08 09:52:43 osboxes kernel: EXT4-fs (sda1): mounted filesystem with ordered data mode. Opts: (null)
Dec 08 09:52:43 osboxes kernel: ip_tables: (C) 2000-2006 Netfilter Core Team
Dec 08 09:52:43 osboxes systemd[1]: systemd 232 running in system mode. (+PAM +AUDIT +SELINUX +IMA +APPARMOR +SMACK +SYSVINIT +UTMP +LIBCRYPTSETUP +GCRYPT +GNUTLS +ACL +XZ +LZ4 +SECCOMP +BLKID +ELFUTILS +KMOD +IDN)
Dec 08 09:52:43 osboxes systemd[1]: Detected virtualization oracle.
Dec 08 09:52:43 osboxes systemd[1]: Detected architecture x86-64.
Dec 08 09:52:43 osboxes systemd[1]: Set hostname to <osboxes>.
Dec 08 09:52:43 osboxes systemd[1]: Reached target User and Group Name Lookups.
Dec 08 09:52:43 osboxes systemd[1]: Listening on fsck to fsckd communication Socket.
Dec 08 09:52:43 osboxes systemd[1]: Set up automount Arbitrary Executable File Formats File System Automount Point.
Dec 08 09:52:43 osboxes systemd[1]: Created slice User and Session Slice.
Dec 08 09:52:43 osboxes systemd[1]: Listening on Journal Socket (/dev/log).
Dec 08 09:52:43 osboxes systemd[1]: Listening on Journal Socket.
Dec 08 09:52:43 osboxes systemd-journald[222]: Journal started
Dec 08 09:52:43 osboxes systemd-journald[222]: Runtime journal (/run/log/journal/12b4fba6ebb349e78018ada292728ddd) is 4.4M, max 35.7M, 31.2M free.
Dec 08 09:52:43 osboxes systemd-modules-load[217]: Inserted module 'lp'
Dec 08 09:52:43 osboxes kernel: lp: driver loaded but no devices found
Dec 08 09:52:43 osboxes systemd[1]: Started Create Static Device Nodes in /dev.
Dec 08 09:52:43 osboxes systemd[1]: Starting udev Kernel Device Manager...
Dec 08 09:52:43 osboxes systemd-modules-load[217]: Inserted module 'ppdev'
Dec 08 09:52:43 osboxes kernel: ppdev: user-space parallel port driver
Dec 08 09:52:43 osboxes systemd-modules-load[217]: Inserted module 'parport_pc'
Dec 08 09:52:43 osboxes systemd[1]: Started Load Kernel Modules.
Dec 08 09:52:43 osboxes systemd[1]: Starting Apply Kernel Variables...
Dec 08 09:52:43 osboxes systemd[1]: Started Apply Kernel Variables.
Dec 08 09:52:43 osboxes systemd[1]: Mounted POSIX Message Queue File System.
Dec 08 09:52:43 osboxes systemd[1]: Mounted Debug File System.
Dec 08 09:52:43 osboxes systemd[1]: Mounted Huge Pages File System.
Dec 08 09:52:43 osboxes systemd[1]: Started Remount Root and Kernel File Systems.
Dec 08 09:52:43 osboxes kernel: EXT4-fs (sda1): re-mounted. Opts: errors=remount-ro
Dec 08 09:52:43 osboxes systemd[1]: Starting udev Coldplug all Devices...
Dec 08 09:52:43 osboxes systemd[1]: Starting Load/Save Random Seed...
Dec 08 09:52:43 osboxes systemd[1]: Starting Flush Journal to Persistent Storage...
Dec 08 09:52:43 osboxes systemd[1]: Started Load/Save Random Seed.
Dec 08 09:52:43 osboxes systemd-journald[222]: Runtime journal (/run/log/journal/12b4fba6ebb349e78018ada292728ddd) is 4.4M, max 35.7M, 31.2M free.
Dec 08 09:52:43 osboxes systemd[1]: Started Flush Journal to Persistent Storage.
Dec 08 09:52:43 osboxes systemd[1]: Started udev Coldplug all Devices.
Dec 08 09:52:43 osboxes systemd[1]: Started udev Kernel Device Manager.
Dec 08 09:52:43 osboxes kernel: ACPI: AC Adapter [AC] (on-line)
Dec 08 09:52:43 osboxes keyboard-setup.sh[219]: cannot open file /tmp/tmpkbd.NkY3FP
Dec 08 09:52:43 osboxes kernel: input: Power Button as /devices/LNXSYSTM:00/LNXPWRBN:00/input/input4
Dec 08 09:52:43 osboxes kernel: ACPI: Power Button [PWRF]
Dec 08 09:52:43 osboxes kernel: input: Sleep Button as /devices/LNXSYSTM:00/LNXSLPBN:00/input/input5
Dec 08 09:52:43 osboxes kernel: ACPI: Sleep Button [SLPF]
Dec 08 09:52:43 osboxes kernel: ACPI: Battery Slot [BAT0] (battery present)
Dec 08 09:52:43 osboxes kernel: ACPI: Video Device [GFX0] (multi-head: yes  rom: no  post: no)
Dec 08 09:52:43 osboxes kernel: input: Video Bus as /devices/LNXSYSTM:00/LNXSYBUS:00/PNP0A03:00/LNXVIDEO:00/input/input6
Dec 08 09:52:43 osboxes kernel: sr 1:0:0:0: Attached scsi generic sg0 type 5
Dec 08 09:52:43 osboxes kernel: sd 2:0:0:0: Attached scsi generic sg1 type 0
Dec 08 09:52:43 osboxes kernel: input: PC Speaker as /devices/platform/pcspkr/input/input7
Dec 08 09:52:43 osboxes mtp-probe[297]: checking bus 2, device 2: "/sys/devices/pci0000:00/0000:00:06.0/usb2/2-1"
Dec 08 09:52:43 osboxes mtp-probe[297]: bus: 2, device: 2 was not an MTP device
Dec 08 09:52:43 osboxes systemd[1]: Found device VBOX_HARDDISK 2.
Dec 08 09:52:43 osboxes systemd[1]: Found device VBOX_HARDDISK 4.
Dec 08 09:52:43 osboxes systemd[1]: Found device VBOX_HARDDISK 3.
Dec 08 09:52:43 osboxes systemd[1]: Activating swap /dev/disk/by-uuid/c459b323-8f98-4803-bd37-ad3b6283d962...
Dec 08 09:52:43 osboxes kernel: Adding 4882428k swap on /dev/sda3.  Priority:-1 extents:1 across:4882428k FS
Dec 08 09:52:43 osboxes systemd[1]: Activated swap /dev/disk/by-uuid/c459b323-8f98-4803-bd37-ad3b6283d962.
Dec 08 09:52:43 osboxes systemd[1]: Reached target Swap.
Dec 08 09:52:43 osboxes kernel: snd_intel8x0 0000:00:05.0: white list rate for 1028:0177 is 48000
Dec 08 09:52:43 osboxes systemd[1]: Reached target Sound Card.
Dec 08 09:52:43 osboxes systemd[1]: Started Set the console keyboard layout.
Dec 08 09:52:43 osboxes systemd[1]: Reached target Local File Systems (Pre).
Dec 08 09:52:43 osboxes systemd[1]: Starting File System Check on /dev/disk/by-uuid/bc3ea64b-f31e-4e7f-bec7-b40c404def9b...
Dec 08 09:52:43 osboxes systemd[1]: Starting File System Check on /dev/disk/by-uuid/c6a89876-9de2-4bcd-aead-21c3af8d045d...
Dec 08 09:52:43 osboxes systemd[1]: Started File System Check Daemon to report status.
Dec 08 09:52:43 osboxes systemd-fsck[358]: /dev/sda4: clean, 150/6356992 files, 548200/25402368 blocks
Dec 08 09:52:43 osboxes systemd[1]: Started File System Check on /dev/disk/by-uuid/bc3ea64b-f31e-4e7f-bec7-b40c404def9b.
Dec 08 09:52:43 osboxes systemd[1]: Mounting /home...
Dec 08 09:52:43 osboxes systemd-fsck[359]: /dev/sda2: clean, 337/305216 files, 48918/1220608 blocks
Dec 08 09:52:43 osboxes kernel: EXT4-fs (sda4): mounted filesystem with ordered data mode. Opts: (null)
Dec 08 09:52:43 osboxes systemd[1]: Mounted /home.
Dec 08 09:52:43 osboxes systemd[1]: Started File System Check on /dev/disk/by-uuid/c6a89876-9de2-4bcd-aead-21c3af8d045d.
Dec 08 09:52:43 osboxes systemd[1]: Mounting /boot...
Dec 08 09:52:43 osboxes kernel: EXT4-fs (sda2): mounted filesystem with ordered data mode. Opts: (null)
Dec 08 09:52:43 osboxes systemd[1]: Mounted /boot.
Dec 08 09:52:43 osboxes systemd[1]: Reached target Local File Systems.
Dec 08 09:52:43 osboxes systemd[1]: Starting Set console font and keymap...
Dec 08 09:52:43 osboxes systemd[1]: Starting Raise network interfaces...
Dec 08 09:52:43 osboxes systemd[1]: Starting Create Volatile Files and Directories...
Dec 08 09:52:44 osboxes systemd[1]: Started Set console font and keymap.
Dec 08 09:52:44 osboxes systemd[1]: Started Create Volatile Files and Directories.
Dec 08 09:52:44 osboxes systemd[1]: Starting Network Time Synchronization...
Dec 08 09:52:44 osboxes systemd[1]: Starting Update UTMP about System Boot/Shutdown...
Dec 08 09:52:44 osboxes systemd[1]: Started Update UTMP about System Boot/Shutdown.
Dec 08 09:52:44 osboxes systemd[1]: Started Raise network interfaces.
Dec 08 09:52:44 osboxes systemd[1]: Started Network Time Synchronization.
Dec 08 09:52:44 osboxes systemd[1]: Reached target System Initialization.
Dec 08 09:52:44 osboxes systemd[1]: Listening on Avahi mDNS/DNS-SD Stack Activation Socket.
Dec 08 09:52:44 osboxes systemd[1]: Listening on D-Bus System Message Bus Socket.
Dec 08 09:52:44 osboxes systemd[1]: Started Daily Cleanup of Temporary Directories.
Dec 08 09:52:44 osboxes systemd[1]: Started CUPS Scheduler.
Dec 08 09:52:44 osboxes systemd[1]: Reached target Paths.
Dec 08 09:52:44 osboxes systemd[1]: Listening on CUPS Scheduler.
Dec 08 09:52:44 osboxes systemd[1]: Reached target Sockets.
Dec 08 09:52:44 osboxes systemd[1]: Reached target Basic System.
Dec 08 09:52:44 osboxes systemd[1]: Starting Modem Manager...
Dec 08 09:52:44 osboxes systemd[1]: Starting Accounts Service...
Dec 08 09:52:44 osboxes systemd[1]: Starting System Logging Service...
Dec 08 09:52:44 osboxes systemd[1]: Starting Avahi mDNS/DNS-SD Stack...
Dec 08 09:52:44 osboxes systemd[1]: Started Regular background program processing daemon.
Dec 08 09:52:44 osboxes systemd[1]: Starting LSB: Speech Dispatcher...
Dec 08 09:52:44 osboxes systemd[1]: Started D-Bus System Message Bus.
Dec 08 09:52:44 osboxes cron[436]: (CRON) INFO (pidfile fd = 3)
Dec 08 09:52:44 osboxes cron[436]: (CRON) INFO (Running @reboot jobs)
Dec 08 09:52:44 osboxes avahi-daemon[434]: Found user 'avahi' (UID 113) and group 'avahi' (GID 120).
Dec 08 09:52:44 osboxes avahi-daemon[434]: Successfully dropped root privileges.
Dec 08 09:52:44 osboxes avahi-daemon[434]: avahi-daemon 0.6.32 starting up.
Dec 08 09:52:44 osboxes liblogging-stdlog[433]:  [origin software="rsyslogd" swVersion="8.24.0" x-pid="433" x-info="http://www.rsyslog.com"] start
Dec 08 09:52:44 osboxes avahi-daemon[434]: Successfully called chroot().
Dec 08 09:52:44 osboxes avahi-daemon[434]: Successfully dropped remaining capabilities.
Dec 08 09:52:44 osboxes avahi-daemon[442]: chroot.c: open() failed: No such file or directory
Dec 08 09:52:44 osboxes avahi-daemon[434]: Failed to open /etc/resolv.conf: Invalid argument
Dec 08 09:52:44 osboxes avahi-daemon[434]: No service file found in /etc/avahi/services.
Dec 08 09:52:44 osboxes avahi-daemon[434]: Network interface enumeration completed.
Dec 08 09:52:44 osboxes avahi-daemon[434]: Server startup complete. Host name is osboxes.local. Local service cookie is 865363070.
Dec 08 09:52:44 osboxes ModemManager[431]: <info>  ModemManager (version 1.6.4) starting in system bus...
Dec 08 09:52:44 osboxes systemd[1]: Started Avahi mDNS/DNS-SD Stack.
Dec 08 09:52:44 osboxes systemd[1]: Starting Restore /etc/resolv.conf if the system crashed before the ppp link was shut down...
Dec 08 09:52:44 osboxes systemd[1]: Starting Save/Restore Sound Card State...
Dec 08 09:52:44 osboxes systemd[1]: Starting Login Service...
Dec 08 09:52:44 osboxes systemd[1]: Starting Network Manager...
Dec 08 09:52:44 osboxes systemd[1]: Starting RealtimeKit Scheduling Policy Service...
Dec 08 09:52:44 osboxes dbus[438]: [system] Activating via systemd: service name='org.freedesktop.PolicyKit1' unit='polkit.service'
Dec 08 09:52:44 osboxes systemd[1]: Reached target Login Prompts.
Dec 08 09:52:44 osboxes systemd[1]: Started CUPS Scheduler.
Dec 08 09:52:44 osboxes systemd[1]: Started Make remote CUPS printers available locally.
Dec 08 09:52:44 osboxes systemd[1]: Reached target System Time Synchronized.
Dec 08 09:52:44 osboxes systemd[1]: anacron.timer: Adding 4min 17.898002s random time.
Dec 08 09:52:44 osboxes systemd[1]: Started Trigger anacron every hour.
Dec 08 09:52:44 osboxes systemd[1]: Started Run anacron jobs.
Dec 08 09:52:44 osboxes systemd[1]: anacron.timer: Adding 2min 29.878975s random time.
Dec 08 09:52:44 osboxes systemd[1]: anacron.timer: Adding 3min 42.331972s random time.
Dec 08 09:52:44 osboxes systemd[1]: Started System Logging Service.
Dec 08 09:52:44 osboxes systemd[1]: Started Restore /etc/resolv.conf if the system crashed before the ppp link was shut down.
Dec 08 09:52:44 osboxes systemd[1]: Started Save/Restore Sound Card State.
Dec 08 09:52:44 osboxes speech-dispatcher[437]: speech-dispatcher disabled; edit /etc/default/speech-dispatcher.
Dec 08 09:52:44 osboxes systemd[1]: Started LSB: Speech Dispatcher.
Dec 08 09:52:44 osboxes systemd[1]: Starting Authorization Manager...
Dec 08 09:52:44 osboxes systemd[1]: Started Login Service.
Dec 08 09:52:44 osboxes systemd-logind[452]: Watching system buttons on /dev/input/event3 (Power Button)
Dec 08 09:52:44 osboxes systemd-logind[452]: Watching system buttons on /dev/input/event4 (Sleep Button)
Dec 08 09:52:44 osboxes systemd-logind[452]: Watching system buttons on /dev/input/event5 (Video Bus)
Dec 08 09:52:44 osboxes systemd-logind[452]: New seat seat0.
Dec 08 09:52:44 osboxes systemd[1]: Started RealtimeKit Scheduling Policy Service.
Dec 08 09:52:44 osboxes rtkit-daemon[456]: Successfully called chroot.
Dec 08 09:52:44 osboxes rtkit-daemon[456]: Successfully dropped privileges.
Dec 08 09:52:44 osboxes rtkit-daemon[456]: Successfully limited resources.
Dec 08 09:52:44 osboxes rtkit-daemon[456]: Running.
Dec 08 09:52:44 osboxes rtkit-daemon[456]: Canary thread running.
Dec 08 09:52:44 osboxes rtkit-daemon[456]: Watchdog thread running.
Dec 08 09:52:44 osboxes anacron[460]: Anacron 2.3 started on 2017-12-08
Dec 08 09:52:44 osboxes anacron[460]: Will run job `cron.daily' in 5 min.
Dec 08 09:52:44 osboxes anacron[460]: Jobs will be executed sequentially
Dec 08 09:52:44 osboxes polkitd[462]: started daemon version 0.105 using authority implementation `local' version `0.105'
Dec 08 09:52:44 osboxes dbus[438]: [system] Successfully activated service 'org.freedesktop.PolicyKit1'
Dec 08 09:52:44 osboxes systemd[1]: Started Authorization Manager.
Dec 08 09:52:44 osboxes accounts-daemon[432]: started daemon version 0.6.43
Dec 08 09:52:44 osboxes systemd[1]: Started Accounts Service.
Dec 08 09:52:44 osboxes systemd[1]: Started Modem Manager.
Dec 08 09:52:44 osboxes kernel: random: crng init done
Dec 08 09:52:44 osboxes NetworkManager[454]: <info>  [1512744764.5216] NetworkManager (version 1.6.2) is starting...
Dec 08 09:52:44 osboxes NetworkManager[454]: <info>  [1512744764.5221] Read config: /etc/NetworkManager/NetworkManager.conf
Dec 08 09:52:44 osboxes NetworkManager[454]: <info>  [1512744764.5259] manager[0x565544544040]: monitoring kernel firmware directory '/lib/firmware'.
Dec 08 09:52:44 osboxes NetworkManager[454]: <info>  [1512744764.5259] monitoring ifupdown state file '/run/network/ifstate'.
Dec 08 09:52:44 osboxes NetworkManager[454]: <info>  [1512744764.5280] dns-mgr[0x565544538180]: init: dns=default, rc-manager=resolvconf
Dec 08 09:52:44 osboxes systemd[1]: Started Network Manager.
Dec 08 09:52:44 osboxes systemd[1]: Starting Network Manager Wait Online...
Dec 08 09:52:44 osboxes systemd[1]: Reached target Network.
Dec 08 09:52:44 osboxes systemd[1]: Started Unattended Upgrades Shutdown.
Dec 08 09:52:44 osboxes systemd[1]: Starting Permit User Sessions...
Dec 08 09:52:44 osboxes systemd[1]: Started strongSwan IPsec IKEv1/IKEv2 daemon using ipsec.conf.
Dec 08 09:52:44 osboxes dbus[438]: [system] Activating via systemd: service name='org.freedesktop.nm_dispatcher' unit='dbus-org.freedesktop.nm-dispatcher.service'
Dec 08 09:52:44 osboxes systemd[1]: Starting Network Manager Script Dispatcher Service...
Dec 08 09:52:44 osboxes dbus[438]: [system] Successfully activated service 'org.freedesktop.nm_dispatcher'
Dec 08 09:52:44 osboxes systemd[1]: Started Network Manager Script Dispatcher Service.
Dec 08 09:52:44 osboxes NetworkManager[454]: <info>  [1512744764.5590] init!
Dec 08 09:52:44 osboxes NetworkManager[454]: <info>  [1512744764.5592]       interface-parser: parsing file /etc/network/interfaces
Dec 08 09:52:44 osboxes NetworkManager[454]: <info>  [1512744764.5593]       interface-parser: source line includes interfaces file(s) /etc/network/interfaces.d/*
Dec 08 09:52:44 osboxes NetworkManager[454]: <warn>  [1512744764.5593] interfaces file /etc/network/interfaces.d/* doesn't exist
Dec 08 09:52:44 osboxes NetworkManager[454]: <info>  [1512744764.5593]       interface-parser: finished parsing file /etc/network/interfaces
Dec 08 09:52:44 osboxes NetworkManager[454]: <info>  [1512744764.5593] management mode: unmanaged
Dec 08 09:52:44 osboxes NetworkManager[454]: <info>  [1512744764.5596] devices added (path: /sys/devices/pci0000:00/0000:00:03.0/net/enp0s3, iface: enp0s3)
Dec 08 09:52:44 osboxes NetworkManager[454]: <info>  [1512744764.5596] device added (path: /sys/devices/pci0000:00/0000:00:03.0/net/enp0s3, iface: enp0s3): no ifupdown configuration found.
Dec 08 09:52:44 osboxes NetworkManager[454]: <info>  [1512744764.5596] devices added (path: /sys/devices/virtual/net/lo, iface: lo)
Dec 08 09:52:44 osboxes NetworkManager[454]: <info>  [1512744764.5596] device added (path: /sys/devices/virtual/net/lo, iface: lo): no ifupdown configuration found.
Dec 08 09:52:44 osboxes NetworkManager[454]: <info>  [1512744764.5596] end _init.
Dec 08 09:52:44 osboxes NetworkManager[454]: <info>  [1512744764.5596] settings: loaded plugin ifupdown: (C) 2008 Canonical Ltd.  To report bugs please use the NetworkManager mailing list. (/usr/lib/x86_64-linux-gnu/NetworkManager/libnm-settings-plugin-ifupdown.so)
Dec 08 09:52:44 osboxes NetworkManager[454]: <info>  [1512744764.5597] settings: loaded plugin keyfile: (c) 2007 - 2016 Red Hat, Inc.  To report bugs please use the NetworkManager mailing list.
Dec 08 09:52:44 osboxes NetworkManager[454]: <info>  [1512744764.5597] (1146516608) ... get_connections.
Dec 08 09:52:44 osboxes NetworkManager[454]: <info>  [1512744764.5597] (1146516608) ... get_connections (managed=false): return empty list.
Dec 08 09:52:44 osboxes dbus[438]: [system] Activating via systemd: service name='org.freedesktop.hostname1' unit='dbus-org.freedesktop.hostname1.service'
Dec 08 09:52:44 osboxes NetworkManager[454]: <info>  [1512744764.5600] get unmanaged devices count: 0
Dec 08 09:52:44 osboxes systemd[1]: Starting Hostname Service...
Dec 08 09:52:44 osboxes systemd[1]: Started Permit User Sessions.
Dec 08 09:52:44 osboxes systemd[1]: Starting GNOME Display Manager...
Dec 08 09:52:44 osboxes systemd[1]: Started GNOME Display Manager.
Dec 08 09:52:44 osboxes ipsec[475]: Starting strongSwan 5.5.1 IPsec [starter]...
Dec 08 09:52:44 osboxes ipsec_starter[475]: Starting strongSwan 5.5.1 IPsec [starter]...
Dec 08 09:52:44 osboxes kernel: NET: Registered protocol family 15
Dec 08 09:52:44 osboxes gdm-launch-environment][503]: pam_unix(gdm-launch-environment:session): session opened for user Debian-gdm by (uid=0)
Dec 08 09:52:44 osboxes systemd[1]: Created slice User Slice of Debian-gdm.
Dec 08 09:52:44 osboxes dbus[438]: [system] Successfully activated service 'org.freedesktop.hostname1'
Dec 08 09:52:44 osboxes NetworkManager[454]: <info>  [1512744764.7042] settings: hostname: using hostnamed
Dec 08 09:52:44 osboxes NetworkManager[454]: <info>  [1512744764.7042] settings: hostname changed from (none) to "osboxes"
Dec 08 09:52:44 osboxes nm-dispatcher[476]: req:1 'hostname': new request (1 scripts)
Dec 08 09:52:44 osboxes nm-dispatcher[476]: req:1 'hostname': start running ordered scripts...
Dec 08 09:52:44 osboxes NetworkManager[454]: <info>  [1512744764.7129] dhcp-init: Using DHCP client 'dhclient'
Dec 08 09:52:44 osboxes NetworkManager[454]: <info>  [1512744764.7129] manager: WiFi enabled by radio killswitch; enabled by state file
Dec 08 09:52:44 osboxes NetworkManager[454]: <info>  [1512744764.7130] manager: WWAN enabled by radio killswitch; enabled by state file
Dec 08 09:52:44 osboxes NetworkManager[454]: <info>  [1512744764.7130] manager: Networking is enabled by state file
Dec 08 09:52:44 osboxes NetworkManager[454]: <info>  [1512744764.7133] Loaded device plugin: NMBondDeviceFactory (internal)
Dec 08 09:52:44 osboxes NetworkManager[454]: <info>  [1512744764.7134] Loaded device plugin: NMBridgeDeviceFactory (internal)
Dec 08 09:52:44 osboxes NetworkManager[454]: <info>  [1512744764.7134] Loaded device plugin: NMEthernetDeviceFactory (internal)
Dec 08 09:52:44 osboxes NetworkManager[454]: <info>  [1512744764.7134] Loaded device plugin: NMInfinibandDeviceFactory (internal)
Dec 08 09:52:44 osboxes NetworkManager[454]: <info>  [1512744764.7134] Loaded device plugin: NMIPTunnelDeviceFactory (internal)
Dec 08 09:52:44 osboxes NetworkManager[454]: <info>  [1512744764.7134] Loaded device plugin: NMMacsecDeviceFactory (internal)
Dec 08 09:52:44 osboxes NetworkManager[454]: <info>  [1512744764.7134] Loaded device plugin: NMMacvlanDeviceFactory (internal)
Dec 08 09:52:44 osboxes NetworkManager[454]: <info>  [1512744764.7134] Loaded device plugin: NMTunDeviceFactory (internal)
Dec 08 09:52:44 osboxes NetworkManager[454]: <info>  [1512744764.7134] Loaded device plugin: NMVethDeviceFactory (internal)
Dec 08 09:52:44 osboxes NetworkManager[454]: <info>  [1512744764.7135] Loaded device plugin: NMVlanDeviceFactory (internal)
Dec 08 09:52:44 osboxes NetworkManager[454]: <info>  [1512744764.7135] Loaded device plugin: NMVxlanDeviceFactory (internal)
Dec 08 09:52:44 osboxes systemd[1]: Started Hostname Service.
Dec 08 09:52:44 osboxes NetworkManager[454]: <info>  [1512744764.7144] Loaded device plugin: NMAtmManager (/usr/lib/x86_64-linux-gnu/NetworkManager/libnm-device-plugin-adsl.so)
Dec 08 09:52:44 osboxes systemd[1]: Starting User Manager for UID 117...
Dec 08 09:52:44 osboxes systemd-logind[452]: New session c1 of user Debian-gdm.
Dec 08 09:52:44 osboxes systemd[1]: Started Session c1 of user Debian-gdm.
Dec 08 09:52:44 osboxes NetworkManager[454]: <info>  [1512744764.7165] Loaded device plugin: NMTeamFactory (/usr/lib/x86_64-linux-gnu/NetworkManager/libnm-device-plugin-team.so)
Dec 08 09:52:44 osboxes NetworkManager[454]: <info>  [1512744764.7176] Loaded device plugin: NMWifiFactory (/usr/lib/x86_64-linux-gnu/NetworkManager/libnm-device-plugin-wifi.so)
Dec 08 09:52:44 osboxes NetworkManager[454]: <info>  [1512744764.7199] Loaded device plugin: NMWwanFactory (/usr/lib/x86_64-linux-gnu/NetworkManager/libnm-device-plugin-wwan.so)
Dec 08 09:52:44 osboxes NetworkManager[454]: <info>  [1512744764.7223] Loaded device plugin: NMBluezManager (/usr/lib/x86_64-linux-gnu/NetworkManager/libnm-device-plugin-bluetooth.so)
Dec 08 09:52:44 osboxes NetworkManager[454]: <info>  [1512744764.7237] device (lo): link connected
Dec 08 09:52:44 osboxes NetworkManager[454]: <info>  [1512744764.7244] manager: (lo): new Generic device (/org/freedesktop/NetworkManager/Devices/1)
Dec 08 09:52:44 osboxes NetworkManager[454]: <info>  [1512744764.7255] manager: (enp0s3): new Ethernet device (/org/freedesktop/NetworkManager/Devices/2)
Dec 08 09:52:44 osboxes NetworkManager[454]: <info>  [1512744764.7263] keyfile: add connection in-memory (02789980-66de-3828-9737-073d826f2984,"Wired connection 1")
Dec 08 09:52:44 osboxes NetworkManager[454]: <info>  [1512744764.7273] settings: (enp0s3): created default wired connection 'Wired connection 1'
Dec 08 09:52:44 osboxes NetworkManager[454]: <info>  [1512744764.7284] device (enp0s3): state change: unmanaged -> unavailable (reason 'managed') [10 20 2]
Dec 08 09:52:44 osboxes kernel: IPv6: ADDRCONF(NETDEV_UP): enp0s3: link is not ready
Dec 08 09:52:44 osboxes kernel: IPv6: ADDRCONF(NETDEV_UP): enp0s3: link is not ready
Dec 08 09:52:44 osboxes NetworkManager[454]: <info>  [1512744764.7386] ModemManager available in the bus
Dec 08 09:52:44 osboxes NetworkManager[454]: <info>  [1512744764.7389] device (enp0s3): link connected
Dec 08 09:52:44 osboxes NetworkManager[454]: <info>  [1512744764.7392] device (enp0s3): state change: unavailable -> disconnected (reason 'carrier-changed') [20 30 40]
Dec 08 09:52:44 osboxes kernel: e1000: enp0s3 NIC Link is Up 1000 Mbps Full Duplex, Flow Control: RX
Dec 08 09:52:44 osboxes kernel: IPv6: ADDRCONF(NETDEV_CHANGE): enp0s3: link becomes ready
Dec 08 09:52:44 osboxes NetworkManager[454]: <info>  [1512744764.7416] policy: auto-activating connection 'Wired connection 1'
Dec 08 09:52:44 osboxes NetworkManager[454]: <info>  [1512744764.7425] device (enp0s3): Activation: starting connection 'Wired connection 1' (02789980-66de-3828-9737-073d826f2984)
Dec 08 09:52:44 osboxes NetworkManager[454]: <info>  [1512744764.7427] device (enp0s3): state change: disconnected -> prepare (reason 'none') [30 40 0]
Dec 08 09:52:44 osboxes NetworkManager[454]: <info>  [1512744764.7428] manager: NetworkManager state is now CONNECTING
Dec 08 09:52:44 osboxes NetworkManager[454]: <info>  [1512744764.7432] device (enp0s3): state change: prepare -> config (reason 'none') [40 50 0]
Dec 08 09:52:44 osboxes NetworkManager[454]: <info>  [1512744764.7440] device (enp0s3): state change: config -> ip-config (reason 'none') [50 70 0]
Dec 08 09:52:44 osboxes NetworkManager[454]: <info>  [1512744764.7461] dhcp4 (enp0s3): activation: beginning transaction (timeout in 45 seconds)
Dec 08 09:52:44 osboxes systemd[514]: pam_unix(systemd-user:session): session opened for user Debian-gdm by (uid=0)
Dec 08 09:52:44 osboxes kernel: Initializing XFRM netlink socket
Dec 08 09:52:44 osboxes systemd[514]: Listening on Sound System.
Dec 08 09:52:44 osboxes systemd[514]: Listening on GnuPG cryptographic agent and passphrase cache.
Dec 08 09:52:44 osboxes systemd[514]: Starting D-Bus User Message Bus Socket.
Dec 08 09:52:44 osboxes systemd[514]: Listening on GnuPG cryptographic agent (ssh-agent emulation).
Dec 08 09:52:44 osboxes systemd[514]: Reached target Timers.
Dec 08 09:52:44 osboxes systemd[514]: Reached target Paths.
Dec 08 09:52:44 osboxes systemd[514]: Listening on GnuPG cryptographic agent and passphrase cache (restricted).
Dec 08 09:52:44 osboxes systemd[514]: Listening on GnuPG cryptographic agent (access for web browsers).
Dec 08 09:52:44 osboxes systemd[514]: Listening on D-Bus User Message Bus Socket.
Dec 08 09:52:44 osboxes systemd[514]: Reached target Sockets.
Dec 08 09:52:44 osboxes systemd[514]: Reached target Basic System.
Dec 08 09:52:44 osboxes systemd[514]: Reached target Default.
Dec 08 09:52:44 osboxes systemd[514]: Startup finished in 21ms.
Dec 08 09:52:44 osboxes systemd[1]: Started User Manager for UID 117.
Dec 08 09:52:44 osboxes charon-custom[521]: 00[DMN] Starting IKE charon daemon (strongSwan 5.5.1, Linux 4.9.0-3-amd64, x86_64)
Dec 08 09:52:44 osboxes charon-custom[521]: 00[DMN] Starting IKE charon daemon (strongSwan 5.5.1, Linux 4.9.0-3-amd64, x86_64)
Dec 08 09:52:44 osboxes NetworkManager[454]: <info>  [1512744764.7948] dhcp4 (enp0s3): dhclient started with pid 518
Dec 08 09:52:44 osboxes systemd[514]: Started D-Bus User Message Bus.
Dec 08 09:52:44 osboxes charon-custom[521]: 00[CFG] loading ca certificates from '/etc/ipsec.d/cacerts'
Dec 08 09:52:44 osboxes charon-custom[521]: 00[CFG] loading ca certificates from '/etc/ipsec.d/cacerts'
Dec 08 09:52:44 osboxes charon-custom[521]: 00[CFG] loading aa certificates from '/etc/ipsec.d/aacerts'
Dec 08 09:52:44 osboxes charon-custom[521]: 00[CFG] loading aa certificates from '/etc/ipsec.d/aacerts'
Dec 08 09:52:44 osboxes charon-custom[521]: 00[CFG] loading ocsp signer certificates from '/etc/ipsec.d/ocspcerts'
Dec 08 09:52:44 osboxes charon-custom[521]: 00[CFG] loading ocsp signer certificates from '/etc/ipsec.d/ocspcerts'
Dec 08 09:52:44 osboxes charon-custom[521]: 00[CFG] loading attribute certificates from '/etc/ipsec.d/acerts'
Dec 08 09:52:44 osboxes charon-custom[521]: 00[CFG] loading attribute certificates from '/etc/ipsec.d/acerts'
Dec 08 09:52:44 osboxes charon-custom[521]: 00[CFG] loading crls from '/etc/ipsec.d/crls'
Dec 08 09:52:44 osboxes charon-custom[521]: 00[CFG] loading crls from '/etc/ipsec.d/crls'
Dec 08 09:52:44 osboxes charon-custom[521]: 00[CFG] loading secrets from '/etc/ipsec.secrets'
Dec 08 09:52:44 osboxes charon-custom[521]: 00[CFG] loading secrets from '/etc/ipsec.secrets'
Dec 08 09:52:44 osboxes charon-custom[521]: 00[CFG]   loaded IKE secret for 192.168.0.100
Dec 08 09:52:44 osboxes charon-custom[521]: 00[CFG]   loaded IKE secret for 192.168.0.100
Dec 08 09:52:44 osboxes charon-custom[521]: 00[LIB] loaded plugins: charon aesni aes rc2 sha2 sha1 md5 random nonce x509 revocation constraints pubkey pkcs1 pkcs7 pkcs8 pkcs12 pgp dnskey sshkey pem openssl fips-prf gmp agent xcbc hmac gcm attr kernel-netlink resolve socket-default connmark stroke updown
Dec 08 09:52:44 osboxes charon-custom[521]: 00[LIB] loaded plugins: charon aesni aes rc2 sha2 sha1 md5 random nonce x509 revocation constraints pubkey pkcs1 pkcs7 pkcs8 pkcs12 pgp dnskey sshkey pem openssl fips-prf gmp agent xcbc hmac gcm attr kernel-netlink resolve socket-default connmark stroke updown
Dec 08 09:52:44 osboxes charon-custom[521]: 00[LIB] dropped capabilities, running as uid 0, gid 0
Dec 08 09:52:44 osboxes charon-custom[521]: 00[LIB] dropped capabilities, running as uid 0, gid 0
Dec 08 09:52:44 osboxes charon-custom[521]: 00[JOB] spawning 16 worker threads
Dec 08 09:52:44 osboxes charon-custom[521]: 00[JOB] spawning 16 worker threads
Dec 08 09:52:44 osboxes ipsec[475]: charon (521) started after 140 ms
Dec 08 09:52:44 osboxes ipsec_starter[475]: charon (521) started after 140 ms
Dec 08 09:52:44 osboxes charon-custom[521]: 06[CFG] received stroke: add connection 'home'
Dec 08 09:52:44 osboxes charon-custom[521]: 06[CFG] received stroke: add connection 'home'
Dec 08 09:52:44 osboxes charon-custom[521]: 06[CFG] left nor right host is our side, assuming left=local
Dec 08 09:52:44 osboxes charon-custom[521]: 06[CFG] left nor right host is our side, assuming left=local
Dec 08 09:52:44 osboxes charon-custom[521]: 06[CFG] added configuration 'home'
Dec 08 09:52:44 osboxes charon-custom[521]: 06[CFG] added configuration 'home'
Dec 08 09:52:44 osboxes dhclient[518]: DHCPDISCOVER on enp0s3 to 255.255.255.255 port 67 interval 6
Dec 08 09:52:44 osboxes dhclient[518]: DHCPREQUEST of 192.168.0.100 on enp0s3 to 255.255.255.255 port 67
Dec 08 09:52:44 osboxes dhclient[518]: DHCPOFFER of 192.168.0.100 from 192.168.0.10
Dec 08 09:52:44 osboxes dhclient[518]: DHCPACK of 192.168.0.100 from 192.168.0.10
Dec 08 09:52:44 osboxes NetworkManager[454]: <info>  [1512744764.9270] dhcp4 (enp0s3):   address 192.168.0.100
Dec 08 09:52:44 osboxes NetworkManager[454]: <info>  [1512744764.9270] dhcp4 (enp0s3):   plen 24 (255.255.255.0)
Dec 08 09:52:44 osboxes NetworkManager[454]: <info>  [1512744764.9270] dhcp4 (enp0s3):   server identifier 192.168.0.10
Dec 08 09:52:44 osboxes NetworkManager[454]: <info>  [1512744764.9270] dhcp4 (enp0s3):   lease time 1200
Dec 08 09:52:44 osboxes NetworkManager[454]: <info>  [1512744764.9271] dhcp4 (enp0s3): state changed unknown -> bound
Dec 08 09:52:44 osboxes NetworkManager[454]: <info>  [1512744764.9277] device (enp0s3): state change: ip-config -> ip-check (reason 'none') [70 80 0]
Dec 08 09:52:44 osboxes charon-custom[521]: 08[KNL] 192.168.0.100 appeared on enp0s3
Dec 08 09:52:44 osboxes charon-custom[521]: 08[KNL] 192.168.0.100 appeared on enp0s3
Dec 08 09:52:44 osboxes NetworkManager[454]: <info>  [1512744764.9281] device (enp0s3): state change: ip-check -> secondaries (reason 'none') [80 90 0]
Dec 08 09:52:44 osboxes NetworkManager[454]: <info>  [1512744764.9283] device (enp0s3): state change: secondaries -> activated (reason 'none') [90 100 0]
Dec 08 09:52:44 osboxes NetworkManager[454]: <info>  [1512744764.9283] manager: NetworkManager state is now CONNECTED_LOCAL
Dec 08 09:52:44 osboxes avahi-daemon[434]: Joining mDNS multicast group on interface enp0s3.IPv4 with address 192.168.0.100.
Dec 08 09:52:44 osboxes avahi-daemon[434]: New relevant interface enp0s3.IPv4 for mDNS.
Dec 08 09:52:44 osboxes avahi-daemon[434]: Registering new address record for 192.168.0.100 on enp0s3.IPv4.
Dec 08 09:52:44 osboxes nm-dispatcher[476]: req:2 'connectivity-change': new request (1 scripts)
Dec 08 09:52:44 osboxes nm-dispatcher[476]: req:2 'connectivity-change': start running ordered scripts...
Dec 08 09:52:45 osboxes dhclient[518]: bound to 192.168.0.100 -- renewal in 495 seconds.
Dec 08 09:52:45 osboxes NetworkManager[454]: <info>  [1512744765.0771] device (enp0s3): Activation: successful, device activated.
Dec 08 09:52:45 osboxes gnome-shell[562]: Can't initialize KMS backend: could not find drm kms device
Dec 08 09:52:45 osboxes nm-dispatcher[476]: req:3 'up' [enp0s3]: new request (1 scripts)
Dec 08 09:52:45 osboxes nm-dispatcher[476]: req:3 'up' [enp0s3]: start running ordered scripts...
Dec 08 09:52:45 osboxes gnome-session[528]: gnome-session-binary[528]: WARNING: App 'org.gnome.Shell.desktop' exited with code 1
Dec 08 09:52:45 osboxes gnome-session-binary[528]: WARNING: App 'org.gnome.Shell.desktop' exited with code 1
Dec 08 09:52:45 osboxes gnome-session-binary[528]: Unrecoverable failure in required component org.gnome.Shell.desktop
Dec 08 09:52:45 osboxes nm-dispatcher[476]: grep: /etc/resolv.conf: No such file or directory
Dec 08 09:52:45 osboxes gdm-launch-environment][503]: pam_unix(gdm-launch-environment:session): session closed for user Debian-gdm
Dec 08 09:52:45 osboxes gdm3[495]: GdmDisplay: display lasted 0.477327 seconds
Dec 08 09:52:45 osboxes systemd-logind[452]: Removed session c1.
Dec 08 09:52:45 osboxes systemd[1]: Stopping User Manager for UID 117...
Dec 08 09:52:45 osboxes gdm3[495]: Child process -524 was already dead.
Dec 08 09:52:45 osboxes gdm3[495]: Child process 503 was already dead.
Dec 08 09:52:45 osboxes gdm3[495]: Unable to kill session worker process
Dec 08 09:52:45 osboxes systemd[514]: Stopping D-Bus User Message Bus...
Dec 08 09:52:45 osboxes systemd[514]: Stopped target Default.
Dec 08 09:52:45 osboxes systemd[514]: Stopped D-Bus User Message Bus.
Dec 08 09:52:45 osboxes systemd[514]: Stopped target Basic System.
Dec 08 09:52:45 osboxes systemd[514]: Stopped target Sockets.
Dec 08 09:52:45 osboxes systemd[514]: Closed GnuPG cryptographic agent (access for web browsers).
Dec 08 09:52:45 osboxes systemd[514]: Closed GnuPG cryptographic agent and passphrase cache.
Dec 08 09:52:45 osboxes systemd[514]: Closed Sound System.
Dec 08 09:52:45 osboxes systemd[514]: Closed GnuPG cryptographic agent and passphrase cache (restricted).
Dec 08 09:52:45 osboxes systemd[514]: Closed GnuPG cryptographic agent (ssh-agent emulation).
Dec 08 09:52:45 osboxes systemd[514]: Stopped target Paths.
Dec 08 09:52:45 osboxes systemd[514]: Stopped target Timers.
Dec 08 09:52:45 osboxes systemd[514]: Closed D-Bus User Message Bus Socket.
Dec 08 09:52:45 osboxes systemd[514]: Reached target Shutdown.
Dec 08 09:52:45 osboxes systemd[514]: Starting Exit the Session...
Dec 08 09:52:45 osboxes nm-dispatcher[476]: grep: /etc/resolv.conf: No such file or directory
Dec 08 09:52:45 osboxes systemd[514]: Received SIGRTMIN+24 from PID 583 (kill).
Dec 08 09:52:45 osboxes systemd[519]: pam_unix(systemd-user:session): session closed for user Debian-gdm
Dec 08 09:52:45 osboxes systemd[1]: Stopped User Manager for UID 117.
Dec 08 09:52:45 osboxes systemd[1]: Removed slice User Slice of Debian-gdm.
Dec 08 09:52:45 osboxes gdm-launch-environment][580]: pam_unix(gdm-launch-environment:session): session opened for user Debian-gdm by (uid=0)
Dec 08 09:52:45 osboxes systemd[1]: Created slice User Slice of Debian-gdm.
Dec 08 09:52:45 osboxes systemd[1]: Starting User Manager for UID 117...
Dec 08 09:52:45 osboxes systemd-logind[452]: New session c2 of user Debian-gdm.
Dec 08 09:52:45 osboxes systemd[1]: Started Session c2 of user Debian-gdm.
Dec 08 09:52:45 osboxes systemd[606]: pam_unix(systemd-user:session): session opened for user Debian-gdm by (uid=0)
Dec 08 09:52:45 osboxes systemd[606]: Listening on Sound System.
Dec 08 09:52:45 osboxes systemd[606]: Listening on GnuPG cryptographic agent and passphrase cache.
Dec 08 09:52:45 osboxes systemd[606]: Starting D-Bus User Message Bus Socket.
Dec 08 09:52:45 osboxes systemd[606]: Reached target Paths.
Dec 08 09:52:45 osboxes systemd[606]: Listening on GnuPG cryptographic agent (ssh-agent emulation).
Dec 08 09:52:45 osboxes systemd[606]: Reached target Timers.
Dec 08 09:52:45 osboxes systemd[606]: Listening on GnuPG cryptographic agent (access for web browsers).
Dec 08 09:52:45 osboxes systemd[606]: Listening on GnuPG cryptographic agent and passphrase cache (restricted).
Dec 08 09:52:45 osboxes systemd[606]: Listening on D-Bus User Message Bus Socket.
Dec 08 09:52:45 osboxes systemd[606]: Reached target Sockets.
Dec 08 09:52:45 osboxes systemd[606]: Reached target Basic System.
Dec 08 09:52:45 osboxes systemd[606]: Reached target Default.
Dec 08 09:52:45 osboxes systemd[606]: Startup finished in 8ms.
Dec 08 09:52:45 osboxes systemd[1]: Started User Manager for UID 117.
Dec 08 09:52:45 osboxes /usr/lib/gdm3/gdm-x-session[611]: (--) Log file renamed from "/var/log/Xorg.pid-613.log" to "/var/log/Xorg.0.log"
Dec 08 09:52:45 osboxes /usr/lib/gdm3/gdm-x-session[611]: X.Org X Server 1.19.2
Dec 08 09:52:45 osboxes /usr/lib/gdm3/gdm-x-session[611]: Release Date: 2017-03-02
Dec 08 09:52:45 osboxes /usr/lib/gdm3/gdm-x-session[611]: X Protocol Version 11, Revision 0
Dec 08 09:52:45 osboxes /usr/lib/gdm3/gdm-x-session[611]: Build Operating System: Linux 4.9.0-4-amd64 x86_64 Debian
Dec 08 09:52:45 osboxes /usr/lib/gdm3/gdm-x-session[611]: Current Operating System: Linux osboxes 4.9.0-3-amd64 #1 SMP Debian 4.9.30-2+deb9u5 (2017-09-19) x86_64
Dec 08 09:52:45 osboxes /usr/lib/gdm3/gdm-x-session[611]: Kernel command line: BOOT_IMAGE=/vmlinuz-4.9.0-3-amd64 root=UUID=5e2700b4-cb8e-461a-8540-20d9fc6cb64b ro quiet
Dec 08 09:52:45 osboxes /usr/lib/gdm3/gdm-x-session[611]: Build Date: 16 October 2017  08:19:45AM
Dec 08 09:52:45 osboxes /usr/lib/gdm3/gdm-x-session[611]: xorg-server 2:1.19.2-1+deb9u2 (https://www.debian.org/support)
Dec 08 09:52:45 osboxes /usr/lib/gdm3/gdm-x-session[611]: Current version of pixman: 0.34.0
Dec 08 09:52:45 osboxes /usr/lib/gdm3/gdm-x-session[611]:         Before reporting problems, check http://wiki.x.org
Dec 08 09:52:45 osboxes /usr/lib/gdm3/gdm-x-session[611]:         to make sure that you have the latest version.
Dec 08 09:52:45 osboxes /usr/lib/gdm3/gdm-x-session[611]: Markers: (--) probed, (**) from config file, (==) default setting,
Dec 08 09:52:45 osboxes /usr/lib/gdm3/gdm-x-session[611]:         (++) from command line, (!!) notice, (II) informational,
Dec 08 09:52:45 osboxes /usr/lib/gdm3/gdm-x-session[611]:         (WW) warning, (EE) error, (NI) not implemented, (??) unknown.
Dec 08 09:52:45 osboxes /usr/lib/gdm3/gdm-x-session[611]: (==) Log file: "/var/log/Xorg.0.log", Time: Fri Dec  8 09:52:45 2017
Dec 08 09:52:45 osboxes /usr/lib/gdm3/gdm-x-session[611]: (==) Using system config directory "/usr/share/X11/xorg.conf.d"
Dec 08 09:52:45 osboxes /usr/lib/gdm3/gdm-x-session[611]: (==) No Layout section.  Using the first Screen section.
Dec 08 09:52:45 osboxes /usr/lib/gdm3/gdm-x-session[611]: (==) No screen section available. Using defaults.
Dec 08 09:52:45 osboxes /usr/lib/gdm3/gdm-x-session[611]: (**) |-->Screen "Default Screen Section" (0)
Dec 08 09:52:45 osboxes /usr/lib/gdm3/gdm-x-session[611]: (**) |   |-->Monitor "<default monitor>"
Dec 08 09:52:45 osboxes /usr/lib/gdm3/gdm-x-session[611]: (==) No monitor specified for screen "Default Screen Section".
Dec 08 09:52:45 osboxes /usr/lib/gdm3/gdm-x-session[611]:         Using a default monitor configuration.
Dec 08 09:52:45 osboxes /usr/lib/gdm3/gdm-x-session[611]: (==) Automatically adding devices
Dec 08 09:52:45 osboxes /usr/lib/gdm3/gdm-x-session[611]: (==) Automatically enabling devices
Dec 08 09:52:45 osboxes /usr/lib/gdm3/gdm-x-session[611]: (==) Automatically adding GPU devices
Dec 08 09:52:45 osboxes /usr/lib/gdm3/gdm-x-session[611]: (==) Max clients allowed: 256, resource mask: 0x1fffff
Dec 08 09:52:45 osboxes /usr/lib/gdm3/gdm-x-session[611]: (WW) The directory "/usr/share/fonts/X11/cyrillic" does not exist.
Dec 08 09:52:45 osboxes /usr/lib/gdm3/gdm-x-session[611]:         Entry deleted from font path.
Dec 08 09:52:45 osboxes /usr/lib/gdm3/gdm-x-session[611]: (==) FontPath set to:
Dec 08 09:52:45 osboxes /usr/lib/gdm3/gdm-x-session[611]:         /usr/share/fonts/X11/misc,
Dec 08 09:52:45 osboxes /usr/lib/gdm3/gdm-x-session[611]:         /usr/share/fonts/X11/100dpi/:unscaled,
Dec 08 09:52:45 osboxes /usr/lib/gdm3/gdm-x-session[611]:         /usr/share/fonts/X11/75dpi/:unscaled,
Dec 08 09:52:45 osboxes /usr/lib/gdm3/gdm-x-session[611]:         /usr/share/fonts/X11/Type1,
Dec 08 09:52:45 osboxes /usr/lib/gdm3/gdm-x-session[611]:         /usr/share/fonts/X11/100dpi,
Dec 08 09:52:45 osboxes /usr/lib/gdm3/gdm-x-session[611]:         /usr/share/fonts/X11/75dpi,
Dec 08 09:52:45 osboxes /usr/lib/gdm3/gdm-x-session[611]:         built-ins
Dec 08 09:52:45 osboxes /usr/lib/gdm3/gdm-x-session[611]: (==) ModulePath set to "/usr/lib/xorg/modules"
Dec 08 09:52:45 osboxes /usr/lib/gdm3/gdm-x-session[611]: (II) The server relies on udev to provide the list of input devices.
Dec 08 09:52:45 osboxes /usr/lib/gdm3/gdm-x-session[611]:         If no devices become available, reconfigure udev or disable AutoAddDevices.
Dec 08 09:52:45 osboxes /usr/lib/gdm3/gdm-x-session[611]: (II) Loader magic: 0x561c70c83e00
Dec 08 09:52:45 osboxes /usr/lib/gdm3/gdm-x-session[611]: (II) Module ABI versions:
Dec 08 09:52:45 osboxes /usr/lib/gdm3/gdm-x-session[611]:         X.Org ANSI C Emulation: 0.4
Dec 08 09:52:45 osboxes /usr/lib/gdm3/gdm-x-session[611]:         X.Org Video Driver: 23.0
Dec 08 09:52:45 osboxes /usr/lib/gdm3/gdm-x-session[611]:         X.Org XInput driver : 24.1
Dec 08 09:52:45 osboxes /usr/lib/gdm3/gdm-x-session[611]:         X.Org Server Extension : 10.0
Dec 08 09:52:45 osboxes /usr/lib/gdm3/gdm-x-session[611]: (++) using VT number 1
Dec 08 09:52:45 osboxes /usr/lib/gdm3/gdm-x-session[611]: (II) systemd-logind: took control of session /org/freedesktop/login1/session/c2
Dec 08 09:52:45 osboxes /usr/lib/gdm3/gdm-x-session[611]: (--) PCI:*(0:0:2:0) 80ee:beef:0000:0000 rev 0, Mem @ 0xe0000000/67108864, BIOS @ 0x????????/131072
Dec 08 09:52:45 osboxes /usr/lib/gdm3/gdm-x-session[611]: (II) LoadModule: "glx"
Dec 08 09:52:45 osboxes /usr/lib/gdm3/gdm-x-session[611]: (II) Loading /usr/lib/xorg/modules/extensions/libglx.so
Dec 08 09:52:45 osboxes /usr/lib/gdm3/gdm-x-session[611]: (II) Module glx: vendor="X.Org Foundation"
Dec 08 09:52:45 osboxes /usr/lib/gdm3/gdm-x-session[611]:         compiled for 1.19.2, module version = 1.0.0
Dec 08 09:52:45 osboxes /usr/lib/gdm3/gdm-x-session[611]:         ABI class: X.Org Server Extension, version 10.0
Dec 08 09:52:45 osboxes /usr/lib/gdm3/gdm-x-session[611]: (==) Matched vboxvideo as autoconfigured driver 0
Dec 08 09:52:45 osboxes /usr/lib/gdm3/gdm-x-session[611]: (==) Matched modesetting as autoconfigured driver 1
Dec 08 09:52:45 osboxes /usr/lib/gdm3/gdm-x-session[611]: (==) Matched fbdev as autoconfigured driver 2
Dec 08 09:52:45 osboxes /usr/lib/gdm3/gdm-x-session[611]: (==) Matched vesa as autoconfigured driver 3
Dec 08 09:52:45 osboxes /usr/lib/gdm3/gdm-x-session[611]: (==) Assigned the driver to the xf86ConfigLayout
Dec 08 09:52:45 osboxes /usr/lib/gdm3/gdm-x-session[611]: (II) LoadModule: "vboxvideo"
Dec 08 09:52:45 osboxes /usr/lib/gdm3/gdm-x-session[611]: (WW) Warning, couldn't open module vboxvideo
Dec 08 09:52:45 osboxes /usr/lib/gdm3/gdm-x-session[611]: (II) UnloadModule: "vboxvideo"
Dec 08 09:52:45 osboxes /usr/lib/gdm3/gdm-x-session[611]: (II) Unloading vboxvideo
Dec 08 09:52:45 osboxes /usr/lib/gdm3/gdm-x-session[611]: (EE) Failed to load module "vboxvideo" (module does not exist, 0)
Dec 08 09:52:45 osboxes /usr/lib/gdm3/gdm-x-session[611]: (II) LoadModule: "modesetting"
Dec 08 09:52:45 osboxes /usr/lib/gdm3/gdm-x-session[611]: (II) Loading /usr/lib/xorg/modules/drivers/modesetting_drv.so
Dec 08 09:52:45 osboxes /usr/lib/gdm3/gdm-x-session[611]: (II) Module modesetting: vendor="X.Org Foundation"
Dec 08 09:52:45 osboxes /usr/lib/gdm3/gdm-x-session[611]:         compiled for 1.19.2, module version = 1.19.2
Dec 08 09:52:45 osboxes /usr/lib/gdm3/gdm-x-session[611]:         Module class: X.Org Video Driver
Dec 08 09:52:45 osboxes /usr/lib/gdm3/gdm-x-session[611]:         ABI class: X.Org Video Driver, version 23.0
Dec 08 09:52:45 osboxes /usr/lib/gdm3/gdm-x-session[611]: (II) LoadModule: "fbdev"
Dec 08 09:52:45 osboxes /usr/lib/gdm3/gdm-x-session[611]: (II) Loading /usr/lib/xorg/modules/drivers/fbdev_drv.so
Dec 08 09:52:45 osboxes /usr/lib/gdm3/gdm-x-session[611]: (II) Module fbdev: vendor="X.Org Foundation"
Dec 08 09:52:45 osboxes /usr/lib/gdm3/gdm-x-session[611]:         compiled for 1.19.0, module version = 0.4.4
Dec 08 09:52:45 osboxes /usr/lib/gdm3/gdm-x-session[611]:         Module class: X.Org Video Driver
Dec 08 09:52:45 osboxes /usr/lib/gdm3/gdm-x-session[611]:         ABI class: X.Org Video Driver, version 23.0
Dec 08 09:52:45 osboxes /usr/lib/gdm3/gdm-x-session[611]: (II) LoadModule: "vesa"
Dec 08 09:52:45 osboxes /usr/lib/gdm3/gdm-x-session[611]: (II) Loading /usr/lib/xorg/modules/drivers/vesa_drv.so
Dec 08 09:52:45 osboxes /usr/lib/gdm3/gdm-x-session[611]: (II) Module vesa: vendor="X.Org Foundation"
Dec 08 09:52:45 osboxes /usr/lib/gdm3/gdm-x-session[611]:         compiled for 1.19.0, module version = 2.3.4
Dec 08 09:52:45 osboxes /usr/lib/gdm3/gdm-x-session[611]:         Module class: X.Org Video Driver
Dec 08 09:52:45 osboxes /usr/lib/gdm3/gdm-x-session[611]:         ABI class: X.Org Video Driver, version 23.0
Dec 08 09:52:45 osboxes /usr/lib/gdm3/gdm-x-session[611]: (II) modesetting: Driver for Modesetting Kernel Drivers: kms
Dec 08 09:52:45 osboxes /usr/lib/gdm3/gdm-x-session[611]: (II) FBDEV: driver for framebuffer: fbdev
Dec 08 09:52:45 osboxes /usr/lib/gdm3/gdm-x-session[611]: (II) VESA: driver for VESA chipsets: vesa
Dec 08 09:52:45 osboxes /usr/lib/gdm3/gdm-x-session[611]: (EE) open /dev/dri/card0: No such file or directory
Dec 08 09:52:45 osboxes /usr/lib/gdm3/gdm-x-session[611]: (WW) Falling back to old probe method for modesetting
Dec 08 09:52:45 osboxes /usr/lib/gdm3/gdm-x-session[611]: (EE) open /dev/dri/card0: No such file or directory
Dec 08 09:52:45 osboxes /usr/lib/gdm3/gdm-x-session[611]: (II) Loading sub module "fbdevhw"
Dec 08 09:52:45 osboxes /usr/lib/gdm3/gdm-x-session[611]: (II) LoadModule: "fbdevhw"
Dec 08 09:52:45 osboxes /usr/lib/gdm3/gdm-x-session[611]: (II) Loading /usr/lib/xorg/modules/libfbdevhw.so
Dec 08 09:52:45 osboxes /usr/lib/gdm3/gdm-x-session[611]: (II) Module fbdevhw: vendor="X.Org Foundation"
Dec 08 09:52:45 osboxes /usr/lib/gdm3/gdm-x-session[611]:         compiled for 1.19.2, module version = 0.0.2
Dec 08 09:52:45 osboxes /usr/lib/gdm3/gdm-x-session[611]:         ABI class: X.Org Video Driver, version 23.0
Dec 08 09:52:45 osboxes /usr/lib/gdm3/gdm-x-session[611]: (EE) open /dev/fb0: No such file or directory
Dec 08 09:52:45 osboxes /usr/lib/gdm3/gdm-x-session[611]: (WW) Falling back to old probe method for fbdev
Dec 08 09:52:45 osboxes /usr/lib/gdm3/gdm-x-session[611]: (II) Loading sub module "fbdevhw"
Dec 08 09:52:45 osboxes /usr/lib/gdm3/gdm-x-session[611]: (II) LoadModule: "fbdevhw"
Dec 08 09:52:45 osboxes /usr/lib/gdm3/gdm-x-session[611]: (II) Loading /usr/lib/xorg/modules/libfbdevhw.so
Dec 08 09:52:45 osboxes /usr/lib/gdm3/gdm-x-session[611]: (II) Module fbdevhw: vendor="X.Org Foundation"
Dec 08 09:52:45 osboxes /usr/lib/gdm3/gdm-x-session[611]:         compiled for 1.19.2, module version = 0.0.2
Dec 08 09:52:45 osboxes /usr/lib/gdm3/gdm-x-session[611]:         ABI class: X.Org Video Driver, version 23.0
Dec 08 09:52:45 osboxes /usr/lib/gdm3/gdm-x-session[611]: (EE) open /dev/fb0: No such file or directory
Dec 08 09:52:45 osboxes /usr/lib/gdm3/gdm-x-session[611]: (EE) Screen 0 deleted because of no matching config section.
Dec 08 09:52:45 osboxes /usr/lib/gdm3/gdm-x-session[611]: (II) UnloadModule: "modesetting"
Dec 08 09:52:45 osboxes /usr/lib/gdm3/gdm-x-session[611]: (EE) Screen 0 deleted because of no matching config section.
Dec 08 09:52:45 osboxes /usr/lib/gdm3/gdm-x-session[611]: (II) UnloadModule: "fbdev"
Dec 08 09:52:45 osboxes /usr/lib/gdm3/gdm-x-session[611]: (II) UnloadSubModule: "fbdevhw"
Dec 08 09:52:45 osboxes /usr/lib/gdm3/gdm-x-session[611]: (II) Loading sub module "vbe"
Dec 08 09:52:45 osboxes /usr/lib/gdm3/gdm-x-session[611]: (II) LoadModule: "vbe"
Dec 08 09:52:45 osboxes /usr/lib/gdm3/gdm-x-session[611]: (II) Loading /usr/lib/xorg/modules/libvbe.so
Dec 08 09:52:45 osboxes /usr/lib/gdm3/gdm-x-session[611]: (II) Module vbe: vendor="X.Org Foundation"
Dec 08 09:52:45 osboxes /usr/lib/gdm3/gdm-x-session[611]:         compiled for 1.19.2, module version = 1.1.0
Dec 08 09:52:45 osboxes /usr/lib/gdm3/gdm-x-session[611]:         ABI class: X.Org Video Driver, version 23.0
Dec 08 09:52:45 osboxes /usr/lib/gdm3/gdm-x-session[611]: (II) Loading sub module "int10"
Dec 08 09:52:45 osboxes /usr/lib/gdm3/gdm-x-session[611]: (II) LoadModule: "int10"
Dec 08 09:52:45 osboxes /usr/lib/gdm3/gdm-x-session[611]: (II) Loading /usr/lib/xorg/modules/libint10.so
Dec 08 09:52:45 osboxes /usr/lib/gdm3/gdm-x-session[611]: (II) Module int10: vendor="X.Org Foundation"
Dec 08 09:52:45 osboxes /usr/lib/gdm3/gdm-x-session[611]:         compiled for 1.19.2, module version = 1.0.0
Dec 08 09:52:45 osboxes /usr/lib/gdm3/gdm-x-session[611]:         ABI class: X.Org Video Driver, version 23.0
Dec 08 09:52:45 osboxes /usr/lib/gdm3/gdm-x-session[611]: (II) VESA(0): initializing int10
Dec 08 09:52:45 osboxes /usr/lib/gdm3/gdm-x-session[611]: (II) VESA(0): Primary V_BIOS segment is: 0xc000
Dec 08 09:52:45 osboxes /usr/lib/gdm3/gdm-x-session[611]: (II) VESA(0): VESA BIOS detected
Dec 08 09:52:45 osboxes /usr/lib/gdm3/gdm-x-session[611]: (II) VESA(0): VESA VBE Version 2.0
Dec 08 09:52:45 osboxes /usr/lib/gdm3/gdm-x-session[611]: (II) VESA(0): VESA VBE Total Mem: 33792 kB
Dec 08 09:52:45 osboxes /usr/lib/gdm3/gdm-x-session[611]: (II) VESA(0): VESA VBE OEM: VirtualBox VESA BIOS
Dec 08 09:52:45 osboxes /usr/lib/gdm3/gdm-x-session[611]: (II) VESA(0): VESA VBE OEM Software Rev: 0.3
Dec 08 09:52:45 osboxes /usr/lib/gdm3/gdm-x-session[611]: (II) VESA(0): VESA VBE OEM Vendor: Oracle Corporation
Dec 08 09:52:45 osboxes /usr/lib/gdm3/gdm-x-session[611]: (II) VESA(0): VESA VBE OEM Product: Oracle VM VirtualBox VBE Adapter
Dec 08 09:52:45 osboxes /usr/lib/gdm3/gdm-x-session[611]: (II) VESA(0): VESA VBE OEM Product Rev: Oracle VM VirtualBox Version 5.1.22
Dec 08 09:52:45 osboxes avahi-daemon[434]: Host name conflict, retrying with osboxes-2
Dec 08 09:52:45 osboxes avahi-daemon[434]: Registering new address record for 192.168.0.100 on enp0s3.IPv4.
Dec 08 09:52:45 osboxes /usr/lib/gdm3/gdm-x-session[611]: (II) VESA(0): Creating default Display subsection in Screen section
Dec 08 09:52:45 osboxes /usr/lib/gdm3/gdm-x-session[611]:         "Default Screen Section" for depth/fbbpp 24/32
Dec 08 09:52:45 osboxes /usr/lib/gdm3/gdm-x-session[611]: (==) VESA(0): Depth 24, (--) framebuffer bpp 32
Dec 08 09:52:45 osboxes /usr/lib/gdm3/gdm-x-session[611]: (==) VESA(0): RGB weight 888
Dec 08 09:52:45 osboxes /usr/lib/gdm3/gdm-x-session[611]: (==) VESA(0): Default visual is TrueColor
Dec 08 09:52:45 osboxes /usr/lib/gdm3/gdm-x-session[611]: (==) VESA(0): Using gamma correction (1.0, 1.0, 1.0)
Dec 08 09:52:45 osboxes /usr/lib/gdm3/gdm-x-session[611]: (II) Loading sub module "ddc"
Dec 08 09:52:45 osboxes /usr/lib/gdm3/gdm-x-session[611]: (II) LoadModule: "ddc"
Dec 08 09:52:45 osboxes /usr/lib/gdm3/gdm-x-session[611]: (II) Module "ddc" already built-in
Dec 08 09:52:45 osboxes /usr/lib/gdm3/gdm-x-session[611]: (II) VESA(0): VESA VBE DDC not supported
Dec 08 09:52:45 osboxes /usr/lib/gdm3/gdm-x-session[611]: (II) VESA(0): VESA VBE PanelID invalid
Dec 08 09:52:45 osboxes /usr/lib/gdm3/gdm-x-session[611]: (II) VESA(0): Searching for matching VESA mode(s):
Dec 08 09:52:45 osboxes /usr/lib/gdm3/gdm-x-session[611]: Mode: 100 (640x400)
Dec 08 09:52:45 osboxes /usr/lib/gdm3/gdm-x-session[611]:         ModeAttributes: 0x9b
Dec 08 09:52:45 osboxes /usr/lib/gdm3/gdm-x-session[611]:         WinAAttributes: 0x7
Dec 08 09:52:45 osboxes /usr/lib/gdm3/gdm-x-session[611]:         WinBAttributes: 0x0
Dec 08 09:52:45 osboxes /usr/lib/gdm3/gdm-x-session[611]:         WinGranularity: 64
Dec 08 09:52:45 osboxes /usr/lib/gdm3/gdm-x-session[611]:         WinSize: 64
Dec 08 09:52:45 osboxes /usr/lib/gdm3/gdm-x-session[611]:         WinASegment: 0xa000
Dec 08 09:52:45 osboxes /usr/lib/gdm3/gdm-x-session[611]:         WinBSegment: 0x0
Dec 08 09:52:45 osboxes /usr/lib/gdm3/gdm-x-session[611]:         WinFuncPtr: 0xc0000629
Dec 08 09:52:45 osboxes /usr/lib/gdm3/gdm-x-session[611]:         BytesPerScanline: 640
Dec 08 09:52:45 osboxes /usr/lib/gdm3/gdm-x-session[611]:         XResolution: 640
Dec 08 09:52:45 osboxes /usr/lib/gdm3/gdm-x-session[611]:         YResolution: 400
Dec 08 09:52:45 osboxes /usr/lib/gdm3/gdm-x-session[611]:         XCharSize: 8
Dec 08 09:52:45 osboxes /usr/lib/gdm3/gdm-x-session[611]:         YCharSize: 16
Dec 08 09:52:45 osboxes /usr/lib/gdm3/gdm-x-session[611]:         NumberOfPlanes: 1
Dec 08 09:52:45 osboxes /usr/lib/gdm3/gdm-x-session[611]:         BitsPerPixel: 8
Dec 08 09:52:45 osboxes /usr/lib/gdm3/gdm-x-session[611]:         NumberOfBanks: 1
Dec 08 09:52:45 osboxes /usr/lib/gdm3/gdm-x-session[611]:         MemoryModel: 4
Dec 08 09:52:45 osboxes /usr/lib/gdm3/gdm-x-session[611]:         BankSize: 0
Dec 08 09:52:45 osboxes /usr/lib/gdm3/gdm-x-session[611]:         NumberOfImages: 134
Dec 08 09:52:45 osboxes /usr/lib/gdm3/gdm-x-session[611]:         RedMaskSize: 0
Dec 08 09:52:45 osboxes /usr/lib/gdm3/gdm-x-session[611]:         RedFieldPosition: 0
Dec 08 09:52:45 osboxes /usr/lib/gdm3/gdm-x-session[611]:         GreenMaskSize: 0
Dec 08 09:52:45 osboxes /usr/lib/gdm3/gdm-x-session[611]:         GreenFieldPosition: 0
Dec 08 09:52:45 osboxes /usr/lib/gdm3/gdm-x-session[611]:         BlueMaskSize: 0
Dec 08 09:52:45 osboxes /usr/lib/gdm3/gdm-x-session[611]:         BlueFieldPosition: 0
Dec 08 09:52:45 osboxes /usr/lib/gdm3/gdm-x-session[611]:         RsvdMaskSize: 0
Dec 08 09:52:45 osboxes /usr/lib/gdm3/gdm-x-session[611]:         RsvdFieldPosition: 0
Dec 08 09:52:45 osboxes /usr/lib/gdm3/gdm-x-session[611]:         DirectColorModeInfo: 0
Dec 08 09:52:45 osboxes /usr/lib/gdm3/gdm-x-session[611]:         PhysBasePtr: 0xe0000000
Dec 08 09:52:45 osboxes /usr/lib/gdm3/gdm-x-session[611]: Mode: 101 (640x480)
Dec 08 09:52:45 osboxes /usr/lib/gdm3/gdm-x-session[611]:         ModeAttributes: 0x9b
Dec 08 09:52:45 osboxes /usr/lib/gdm3/gdm-x-session[611]:         WinAAttributes: 0x7
Dec 08 09:52:45 osboxes /usr/lib/gdm3/gdm-x-session[611]:         WinBAttributes: 0x0
Dec 08 09:52:45 osboxes /usr/lib/gdm3/gdm-x-session[611]:         WinGranularity: 64
Dec 08 09:52:45 osboxes /usr/lib/gdm3/gdm-x-session[611]:         WinSize: 64
Dec 08 09:52:45 osboxes /usr/lib/gdm3/gdm-x-session[611]:         WinASegment: 0xa000
Dec 08 09:52:45 osboxes /usr/lib/gdm3/gdm-x-session[611]:         WinBSegment: 0x0
Dec 08 09:52:45 osboxes /usr/lib/gdm3/gdm-x-session[611]:         WinFuncPtr: 0xc0000629
Dec 08 09:52:45 osboxes /usr/lib/gdm3/gdm-x-session[611]:         BytesPerScanline: 640
Dec 08 09:52:45 osboxes /usr/lib/gdm3/gdm-x-session[611]:         XResolution: 640
Dec 08 09:52:45 osboxes /usr/lib/gdm3/gdm-x-session[611]:         YResolution: 480
Dec 08 09:52:45 osboxes /usr/lib/gdm3/gdm-x-session[611]:         XCharSize: 8
Dec 08 09:52:45 osboxes /usr/lib/gdm3/gdm-x-session[611]:         YCharSize: 16
Dec 08 09:52:45 osboxes /usr/lib/gdm3/gdm-x-session[611]:         NumberOfPlanes: 1
Dec 08 09:52:45 osboxes /usr/lib/gdm3/gdm-x-session[611]:         BitsPerPixel: 8
Dec 08 09:52:45 osboxes /usr/lib/gdm3/gdm-x-session[611]:         NumberOfBanks: 1
Dec 08 09:52:45 osboxes /usr/lib/gdm3/gdm-x-session[611]:         MemoryModel: 4
Dec 08 09:52:45 osboxes /usr/lib/gdm3/gdm-x-session[611]:         BankSize: 0
Dec 08 09:52:45 osboxes /usr/lib/gdm3/gdm-x-session[611]:         NumberOfImages: 111
Dec 08 09:52:45 osboxes /usr/lib/gdm3/gdm-x-session[611]:         RedMaskSize: 0
Dec 08 09:52:45 osboxes /usr/lib/gdm3/gdm-x-session[611]:         RedFieldPosition: 0
Dec 08 09:52:45 osboxes /usr/lib/gdm3/gdm-x-session[611]:         GreenMaskSize: 0
Dec 08 09:52:45 osboxes /usr/lib/gdm3/gdm-x-session[611]:         GreenFieldPosition: 0
Dec 08 09:52:45 osboxes /usr/lib/gdm3/gdm-x-session[611]:         BlueMaskSize: 0
Dec 08 09:52:45 osboxes /usr/lib/gdm3/gdm-x-session[611]:         BlueFieldPosition: 0
Dec 08 09:52:45 osboxes /usr/lib/gdm3/gdm-x-session[611]:         RsvdMaskSize: 0
Dec 08 09:52:45 osboxes /usr/lib/gdm3/gdm-x-session[611]:         RsvdFieldPosition: 0
Dec 08 09:52:45 osboxes /usr/lib/gdm3/gdm-x-session[611]:         DirectColorModeInfo: 0
Dec 08 09:52:45 osboxes /usr/lib/gdm3/gdm-x-session[611]:         PhysBasePtr: 0xe0000000
Dec 08 09:52:45 osboxes /usr/lib/gdm3/gdm-x-session[611]: Mode: 102 (800x600)
Dec 08 09:52:45 osboxes /usr/lib/gdm3/gdm-x-session[611]:         ModeAttributes: 0x1f
Dec 08 09:52:45 osboxes /usr/lib/gdm3/gdm-x-session[611]:         WinAAttributes: 0x7
Dec 08 09:52:45 osboxes /usr/lib/gdm3/gdm-x-session[611]:         WinBAttributes: 0x0
Dec 08 09:52:45 osboxes /usr/lib/gdm3/gdm-x-session[611]:         WinGranularity: 64
Dec 08 09:52:45 osboxes /usr/lib/gdm3/gdm-x-session[611]:         WinSize: 64
Dec 08 09:52:45 osboxes /usr/lib/gdm3/gdm-x-session[611]:         WinASegment: 0xa000
Dec 08 09:52:45 osboxes /usr/lib/gdm3/gdm-x-session[611]:         WinBSegment: 0x0
Dec 08 09:52:45 osboxes /usr/lib/gdm3/gdm-x-session[611]:         WinFuncPtr: 0xc0000629
Dec 08 09:52:45 osboxes /usr/lib/gdm3/gdm-x-session[611]:         BytesPerScanline: 100
Dec 08 09:52:45 osboxes /usr/lib/gdm3/gdm-x-session[611]:         XResolution: 800
Dec 08 09:52:45 osboxes /usr/lib/gdm3/gdm-x-session[611]:         YResolution: 600
Dec 08 09:52:45 osboxes /usr/lib/gdm3/gdm-x-session[611]:         XCharSize: 8
Dec 08 09:52:45 osboxes /usr/lib/gdm3/gdm-x-session[611]:         YCharSize: 16
Dec 08 09:52:45 osboxes /usr/lib/gdm3/gdm-x-session[611]:         NumberOfPlanes: 4
Dec 08 09:52:45 osboxes /usr/lib/gdm3/gdm-x-session[611]:         BitsPerPixel: 4
Dec 08 09:52:45 osboxes /usr/lib/gdm3/gdm-x-session[611]:         NumberOfBanks: 1
Dec 08 09:52:45 osboxes /usr/lib/gdm3/gdm-x-session[611]:         MemoryModel: 3
Dec 08 09:52:45 osboxes /usr/lib/gdm3/gdm-x-session[611]:         BankSize: 0
Dec 08 09:52:45 osboxes /usr/lib/gdm3/gdm-x-session[611]:         NumberOfImages: 143
Dec 08 09:52:45 osboxes /usr/lib/gdm3/gdm-x-session[611]:         RedMaskSize: 0
Dec 08 09:52:45 osboxes /usr/lib/gdm3/gdm-x-session[611]:         RedFieldPosition: 0
Dec 08 09:52:45 osboxes /usr/lib/gdm3/gdm-x-session[611]:         GreenMaskSize: 0
Dec 08 09:52:45 osboxes /usr/lib/gdm3/gdm-x-session[611]:         GreenFieldPosition: 0
Dec 08 09:52:45 osboxes /usr/lib/gdm3/gdm-x-session[611]:         BlueMaskSize: 0
Dec 08 09:52:45 osboxes /usr/lib/gdm3/gdm-x-session[611]:         BlueFieldPosition: 0
Dec 08 09:52:45 osboxes /usr/lib/gdm3/gdm-x-session[611]:         RsvdMaskSize: 0
Dec 08 09:52:45 osboxes /usr/lib/gdm3/gdm-x-session[611]:         RsvdFieldPosition: 0
Dec 08 09:52:45 osboxes /usr/lib/gdm3/gdm-x-session[611]:         DirectColorModeInfo: 0
Dec 08 09:52:45 osboxes /usr/lib/gdm3/gdm-x-session[611]:         PhysBasePtr: 0xe0000000
Dec 08 09:52:45 osboxes /usr/lib/gdm3/gdm-x-session[611]: Mode: 103 (800x600)
Dec 08 09:52:45 osboxes /usr/lib/gdm3/gdm-x-session[611]:         ModeAttributes: 0x9b
Dec 08 09:52:45 osboxes /usr/lib/gdm3/gdm-x-session[611]:         WinAAttributes: 0x7
Dec 08 09:52:45 osboxes /usr/lib/gdm3/gdm-x-session[611]:         WinBAttributes: 0x0
Dec 08 09:52:45 osboxes /usr/lib/gdm3/gdm-x-session[611]:         WinGranularity: 64
Dec 08 09:52:45 osboxes /usr/lib/gdm3/gdm-x-session[611]:         WinSize: 64
Dec 08 09:52:45 osboxes /usr/lib/gdm3/gdm-x-session[611]:         WinASegment: 0xa000
Dec 08 09:52:45 osboxes /usr/lib/gdm3/gdm-x-session[611]:         WinBSegment: 0x0
Dec 08 09:52:45 osboxes /usr/lib/gdm3/gdm-x-session[611]:         WinFuncPtr: 0xc0000629
Dec 08 09:52:45 osboxes /usr/lib/gdm3/gdm-x-session[611]:         BytesPerScanline: 800
Dec 08 09:52:45 osboxes /usr/lib/gdm3/gdm-x-session[611]:         XResolution: 800
Dec 08 09:52:45 osboxes /usr/lib/gdm3/gdm-x-session[611]:         YResolution: 600
Dec 08 09:52:45 osboxes /usr/lib/gdm3/gdm-x-session[611]:         XCharSize: 8
Dec 08 09:52:45 osboxes /usr/lib/gdm3/gdm-x-session[611]:         YCharSize: 16
Dec 08 09:52:45 osboxes /usr/lib/gdm3/gdm-x-session[611]:         NumberOfPlanes: 1
Dec 08 09:52:45 osboxes /usr/lib/gdm3/gdm-x-session[611]:         BitsPerPixel: 8
Dec 08 09:52:45 osboxes /usr/lib/gdm3/gdm-x-session[611]:         NumberOfBanks: 1
Dec 08 09:52:45 osboxes /usr/lib/gdm3/gdm-x-session[611]:         MemoryModel: 4
Dec 08 09:52:45 osboxes /usr/lib/gdm3/gdm-x-session[611]:         BankSize: 0
Dec 08 09:52:45 osboxes /usr/lib/gdm3/gdm-x-session[611]:         NumberOfImages: 71
Dec 08 09:52:45 osboxes /usr/lib/gdm3/gdm-x-session[611]:         RedMaskSize: 0
Dec 08 09:52:45 osboxes /usr/lib/gdm3/gdm-x-session[611]:         RedFieldPosition: 0
Dec 08 09:52:45 osboxes /usr/lib/gdm3/gdm-x-session[611]:         GreenMaskSize: 0
Dec 08 09:52:45 osboxes /usr/lib/gdm3/gdm-x-session[611]:         GreenFieldPosition: 0
Dec 08 09:52:45 osboxes /usr/lib/gdm3/gdm-x-session[611]:         BlueMaskSize: 0
Dec 08 09:52:45 osboxes /usr/lib/gdm3/gdm-x-session[611]:         BlueFieldPosition: 0
Dec 08 09:52:45 osboxes /usr/lib/gdm3/gdm-x-session[611]:         RsvdMaskSize: 0
Dec 08 09:52:45 osboxes /usr/lib/gdm3/gdm-x-session[611]:         RsvdFieldPosition: 0
Dec 08 09:52:45 osboxes /usr/lib/gdm3/gdm-x-session[611]:         DirectColorModeInfo: 0
Dec 08 09:52:45 osboxes /usr/lib/gdm3/gdm-x-session[611]:         PhysBasePtr: 0xe0000000
Dec 08 09:52:45 osboxes /usr/lib/gdm3/gdm-x-session[611]: Mode: 104 (1024x768)
Dec 08 09:52:45 osboxes /usr/lib/gdm3/gdm-x-session[611]:         ModeAttributes: 0x1f
Dec 08 09:52:45 osboxes /usr/lib/gdm3/gdm-x-session[611]:         WinAAttributes: 0x7
Dec 08 09:52:45 osboxes /usr/lib/gdm3/gdm-x-session[611]:         WinBAttributes: 0x0
Dec 08 09:52:45 osboxes /usr/lib/gdm3/gdm-x-session[611]:         WinGranularity: 64
Dec 08 09:52:45 osboxes /usr/lib/gdm3/gdm-x-session[611]:         WinSize: 64
Dec 08 09:52:45 osboxes /usr/lib/gdm3/gdm-x-session[611]:         WinASegment: 0xa000
Dec 08 09:52:45 osboxes /usr/lib/gdm3/gdm-x-session[611]:         WinBSegment: 0x0
Dec 08 09:52:45 osboxes /usr/lib/gdm3/gdm-x-session[611]:         WinFuncPtr: 0xc0000629
Dec 08 09:52:45 osboxes /usr/lib/gdm3/gdm-x-session[611]:         BytesPerScanline: 128
Dec 08 09:52:45 osboxes /usr/lib/gdm3/gdm-x-session[611]:         XResolution: 1024
Dec 08 09:52:45 osboxes /usr/lib/gdm3/gdm-x-session[611]:         YResolution: 768
Dec 08 09:52:45 osboxes /usr/lib/gdm3/gdm-x-session[611]:         XCharSize: 8
Dec 08 09:52:45 osboxes /usr/lib/gdm3/gdm-x-session[611]:         YCharSize: 16
Dec 08 09:52:45 osboxes /usr/lib/gdm3/gdm-x-session[611]:         NumberOfPlanes: 4
Dec 08 09:52:45 osboxes /usr/lib/gdm3/gdm-x-session[611]:         BitsPerPixel: 4
Dec 08 09:52:45 osboxes /usr/lib/gdm3/gdm-x-session[611]:         NumberOfBanks: 1
Dec 08 09:52:45 osboxes /usr/lib/gdm3/gdm-x-session[611]:         MemoryModel: 3
Dec 08 09:52:45 osboxes /usr/lib/gdm3/gdm-x-session[611]:         BankSize: 0
