-- Logs begin at Fri 2017-12-08 09:52:30 EST, end at Fri 2017-12-08 11:32:10 EST. --
Dec 08 09:52:30 osboxes kernel: Linux version 4.9.0-4-amd64 (debian-kernel@lists.debian.org) (gcc version 6.3.0 20170516 (Debian 6.3.0-18) ) #1 SMP Debian 4.9.51-1 (2017-09-28)
Dec 08 09:52:30 osboxes kernel: Command line: BOOT_IMAGE=/vmlinuz-4.9.0-4-amd64 root=UUID=5e2700b4-cb8e-461a-8540-20d9fc6cb64b ro quiet
Dec 08 09:52:30 osboxes kernel: ------------[ cut here ]------------
Dec 08 09:52:30 osboxes kernel: WARNING: CPU: 0 PID: 0 at /build/linux-EAZfyE/linux-4.9.51/arch/x86/kernel/fpu/xstate.c:593 fpu__init_system_xstate+0x53b/0x981
Dec 08 09:52:30 osboxes kernel: XSAVE consistency problem, dumping leaves
Dec 08 09:52:30 osboxes kernel: Modules linked in:
Dec 08 09:52:30 osboxes kernel: CPU: 0 PID: 0 Comm: swapper Not tainted 4.9.0-4-amd64 #1 Debian 4.9.51-1
Dec 08 09:52:30 osboxes kernel:  0000000000000000 ffffffffa3129974 ffffffffa3a03e08 0000000000000000
Dec 08 09:52:30 osboxes kernel:  ffffffffa2e76eae 000000000000000a ffffffffa3a03e60 0000000000000440
Dec 08 09:52:30 osboxes kernel:  ffffffffa3a03e90 ffffffffa3a03e9c 0000000000000100 ffffffffa2e76f2f
Dec 08 09:52:30 osboxes kernel: Call Trace:
Dec 08 09:52:30 osboxes kernel:  [<ffffffffa3129974>] ? dump_stack+0x5c/0x78
Dec 08 09:52:30 osboxes kernel:  [<ffffffffa2e76eae>] ? __warn+0xbe/0xe0
Dec 08 09:52:30 osboxes kernel:  [<ffffffffa2e76f2f>] ? warn_slowpath_fmt+0x5f/0x80
Dec 08 09:52:30 osboxes kernel:  [<ffffffffa2e72714>] ? xfeature_size+0x5a/0x78
Dec 08 09:52:30 osboxes kernel:  [<ffffffffa3b47248>] ? fpu__init_system_xstate+0x53b/0x981
Dec 08 09:52:30 osboxes kernel:  [<ffffffffa3159a36>] ? msr_clear_bit+0x36/0xa0
Dec 08 09:52:30 osboxes kernel:  [<ffffffffa3b468e1>] ? fpu__init_system+0x208/0x30b
Dec 08 09:52:30 osboxes kernel:  [<ffffffffa3b42fea>] ? setup_arch+0xb8/0xccb
Dec 08 09:52:30 osboxes kernel:  [<ffffffffa2f7af2e>] ? printk+0x57/0x73
Dec 08 09:52:30 osboxes kernel:  [<ffffffffa3b38120>] ? early_idt_handler_array+0x120/0x120
Dec 08 09:52:30 osboxes kernel:  [<ffffffffa3b38bbf>] ? start_kernel+0xab/0x463
Dec 08 09:52:30 osboxes kernel:  [<ffffffffa3b38120>] ? early_idt_handler_array+0x120/0x120
Dec 08 09:52:30 osboxes kernel:  [<ffffffffa3b38408>] ? x86_64_start_kernel+0x14c/0x170
Dec 08 09:52:30 osboxes kernel: ---[ end trace 6e7b76ecd1d82104 ]---
Dec 08 09:52:30 osboxes kernel: CPUID[0d, 00]: eax=00000007 ebx=00000440 ecx=00000440 edx=00000000
Dec 08 09:52:30 osboxes kernel: CPUID[0d, 01]: eax=00000000 ebx=000003c0 ecx=00000000 edx=00000000
Dec 08 09:52:30 osboxes kernel: CPUID[0d, 02]: eax=00000100 ebx=00000240 ecx=00000000 edx=00000000
Dec 08 09:52:30 osboxes kernel: CPUID[0d, 03]: eax=00000000 ebx=00000000 ecx=00000000 edx=00000000
Dec 08 09:52:30 osboxes kernel: CPUID[0d, 04]: eax=00000000 ebx=00000000 ecx=00000000 edx=00000000
Dec 08 09:52:30 osboxes kernel: CPUID[0d, 05]: eax=00000000 ebx=00000000 ecx=00000000 edx=00000000
Dec 08 09:52:30 osboxes kernel: CPUID[0d, 06]: eax=00000000 ebx=00000000 ecx=00000000 edx=00000000
Dec 08 09:52:30 osboxes kernel: CPUID[0d, 07]: eax=00000000 ebx=00000000 ecx=00000000 edx=00000000
Dec 08 09:52:30 osboxes kernel: CPUID[0d, 08]: eax=00000000 ebx=00000000 ecx=00000000 edx=00000000
Dec 08 09:52:30 osboxes kernel: CPUID[0d, 09]: eax=00000000 ebx=00000000 ecx=00000000 edx=00000000
Dec 08 09:52:30 osboxes kernel: CPUID[0d, 0a]: eax=00000000 ebx=00000000 ecx=00000000 edx=00000000
Dec 08 09:52:30 osboxes kernel: CPUID[0d, 0b]: eax=00000000 ebx=00000000 ecx=00000000 edx=00000000
Dec 08 09:52:30 osboxes kernel: CPUID[0d, 0c]: eax=00000000 ebx=00000000 ecx=00000000 edx=00000000
Dec 08 09:52:30 osboxes kernel: CPUID[0d, 0d]: eax=00000000 ebx=00000000 ecx=00000000 edx=00000000
Dec 08 09:52:30 osboxes kernel: CPUID[0d, 0e]: eax=00000000 ebx=00000000 ecx=00000000 edx=00000000
Dec 08 09:52:30 osboxes kernel: CPUID[0d, 0f]: eax=00000000 ebx=00000000 ecx=00000000 edx=00000000
Dec 08 09:52:30 osboxes kernel: CPUID[0d, 10]: eax=00000000 ebx=00000000 ecx=00000000 edx=00000000
Dec 08 09:52:30 osboxes kernel: CPUID[0d, 11]: eax=00000000 ebx=00000000 ecx=00000000 edx=00000000
Dec 08 09:52:30 osboxes kernel: CPUID[0d, 12]: eax=00000000 ebx=00000000 ecx=00000000 edx=00000000
Dec 08 09:52:30 osboxes kernel: CPUID[0d, 13]: eax=00000000 ebx=00000000 ecx=00000000 edx=00000000
Dec 08 09:52:30 osboxes kernel: x86/fpu: Supporting XSAVE feature 0x001: 'x87 floating point registers'
Dec 08 09:52:30 osboxes kernel: x86/fpu: Supporting XSAVE feature 0x002: 'SSE registers'
Dec 08 09:52:30 osboxes kernel: x86/fpu: Supporting XSAVE feature 0x004: 'AVX registers'
Dec 08 09:52:30 osboxes kernel: x86/fpu: xstate_offset[2]:  576, xstate_sizes[2]:  256
Dec 08 09:52:30 osboxes kernel: x86/fpu: Enabled xstate features 0x7, context size is 1088 bytes, using 'standard' format.
Dec 08 09:52:30 osboxes kernel: x86/fpu: Using 'eager' FPU context switches.
Dec 08 09:52:30 osboxes kernel: e820: BIOS-provided physical RAM map:
Dec 08 09:52:30 osboxes kernel: BIOS-e820: [mem 0x0000000000000000-0x000000000009fbff] usable
Dec 08 09:52:30 osboxes kernel: BIOS-e820: [mem 0x000000000009fc00-0x000000000009ffff] reserved
Dec 08 09:52:30 osboxes kernel: BIOS-e820: [mem 0x00000000000f0000-0x00000000000fffff] reserved
Dec 08 09:52:30 osboxes kernel: BIOS-e820: [mem 0x0000000000100000-0x00000000dffeffff] usable
Dec 08 09:52:30 osboxes kernel: BIOS-e820: [mem 0x00000000dfff0000-0x00000000dfffffff] ACPI data
Dec 08 09:52:30 osboxes kernel: BIOS-e820: [mem 0x00000000fec00000-0x00000000fec00fff] reserved
Dec 08 09:52:30 osboxes kernel: BIOS-e820: [mem 0x00000000fee00000-0x00000000fee00fff] reserved
Dec 08 09:52:30 osboxes kernel: BIOS-e820: [mem 0x00000000fffc0000-0x00000000ffffffff] reserved
Dec 08 09:52:30 osboxes kernel: BIOS-e820: [mem 0x0000000100000000-0x0000000107afffff] usable
Dec 08 09:52:30 osboxes kernel: NX (Execute Disable) protection: active
Dec 08 09:52:30 osboxes kernel: SMBIOS 2.5 present.
Dec 08 09:52:30 osboxes kernel: DMI: innotek GmbH VirtualBox/VirtualBox, BIOS VirtualBox 12/01/2006
Dec 08 09:52:30 osboxes kernel: Hypervisor detected: KVM
Dec 08 09:52:30 osboxes kernel: e820: update [mem 0x00000000-0x00000fff] usable ==> reserved
Dec 08 09:52:30 osboxes kernel: e820: remove [mem 0x000a0000-0x000fffff] usable
Dec 08 09:52:30 osboxes kernel: e820: last_pfn = 0x107b00 max_arch_pfn = 0x400000000
Dec 08 09:52:30 osboxes kernel: MTRR default type: uncachable
Dec 08 09:52:30 osboxes kernel: MTRR variable ranges disabled:
Dec 08 09:52:30 osboxes kernel: MTRR: Disabled
Dec 08 09:52:30 osboxes kernel: x86/PAT: MTRRs disabled, skipping PAT initialization too.
Dec 08 09:52:30 osboxes kernel: CPU MTRRs all blank - virtualized system.
Dec 08 09:52:30 osboxes kernel: x86/PAT: Configuration [0-7]: WB  WT  UC- UC  WB  WT  UC- UC  
Dec 08 09:52:30 osboxes kernel: e820: last_pfn = 0xdfff0 max_arch_pfn = 0x400000000
Dec 08 09:52:30 osboxes kernel: found SMP MP-table at [mem 0x0009fff0-0x0009ffff] mapped at [ffff94dd4009fff0]
Dec 08 09:52:30 osboxes kernel: Base memory trampoline at [ffff94dd40099000] 99000 size 24576
Dec 08 09:52:30 osboxes kernel: BRK [0x0f32f000, 0x0f32ffff] PGTABLE
Dec 08 09:52:30 osboxes kernel: BRK [0x0f330000, 0x0f330fff] PGTABLE
Dec 08 09:52:30 osboxes kernel: BRK [0x0f331000, 0x0f331fff] PGTABLE
Dec 08 09:52:30 osboxes kernel: BRK [0x0f332000, 0x0f332fff] PGTABLE
Dec 08 09:52:30 osboxes kernel: BRK [0x0f333000, 0x0f333fff] PGTABLE
Dec 08 09:52:30 osboxes kernel: BRK [0x0f334000, 0x0f334fff] PGTABLE
Dec 08 09:52:30 osboxes kernel: BRK [0x0f335000, 0x0f335fff] PGTABLE
Dec 08 09:52:30 osboxes kernel: BRK [0x0f336000, 0x0f336fff] PGTABLE
Dec 08 09:52:30 osboxes kernel: RAMDISK: [mem 0x35d11000-0x36e7ffff]
Dec 08 09:52:30 osboxes kernel: ACPI: Early table checksum verification disabled
Dec 08 09:52:30 osboxes kernel: ACPI: RSDP 0x00000000000E0000 000024 (v02 VBOX  )
Dec 08 09:52:30 osboxes kernel: ACPI: XSDT 0x00000000DFFF0030 00003C (v01 VBOX   VBOXXSDT 00000001 ASL  00000061)
Dec 08 09:52:30 osboxes kernel: ACPI: FACP 0x00000000DFFF00F0 0000F4 (v04 VBOX   VBOXFACP 00000001 ASL  00000061)
Dec 08 09:52:30 osboxes kernel: ACPI: DSDT 0x00000000DFFF0480 0021C8 (v02 VBOX   VBOXBIOS 00000002 INTL 20160831)
Dec 08 09:52:30 osboxes kernel: ACPI: FACS 0x00000000DFFF0200 000040
Dec 08 09:52:30 osboxes kernel: ACPI: FACS 0x00000000DFFF0200 000040
Dec 08 09:52:30 osboxes kernel: ACPI: APIC 0x00000000DFFF0240 00006C (v02 VBOX   VBOXAPIC 00000001 ASL  00000061)
Dec 08 09:52:30 osboxes kernel: ACPI: SSDT 0x00000000DFFF02B0 0001CC (v01 VBOX   VBOXCPUT 00000002 INTL 20160831)
Dec 08 09:52:30 osboxes kernel: ACPI: Local APIC address 0xfee00000
Dec 08 09:52:30 osboxes kernel: No NUMA configuration found
Dec 08 09:52:30 osboxes kernel: Faking a node at [mem 0x0000000000000000-0x0000000107afffff]
Dec 08 09:52:30 osboxes kernel: NODE_DATA(0) allocated [mem 0x107afb000-0x107afffff]
Dec 08 09:52:30 osboxes kernel: kvm-clock: Using msrs 4b564d01 and 4b564d00
Dec 08 09:52:30 osboxes kernel: kvm-clock: cpu 0, msr 1:7af3001, primary cpu clock
Dec 08 09:52:30 osboxes kernel: kvm-clock: using sched offset of 4878671850 cycles
Dec 08 09:52:30 osboxes kernel: clocksource: kvm-clock: mask: 0xffffffffffffffff max_cycles: 0x1cd42e4dffb, max_idle_ns: 881590591483 ns
Dec 08 09:52:30 osboxes kernel: Zone ranges:
Dec 08 09:52:30 osboxes kernel:   DMA      [mem 0x0000000000001000-0x0000000000ffffff]
Dec 08 09:52:30 osboxes kernel:   DMA32    [mem 0x0000000001000000-0x00000000ffffffff]
Dec 08 09:52:30 osboxes kernel:   Normal   [mem 0x0000000100000000-0x0000000107afffff]
Dec 08 09:52:30 osboxes kernel:   Device   empty
Dec 08 09:52:30 osboxes kernel: Movable zone start for each node
Dec 08 09:52:30 osboxes kernel: Early memory node ranges
Dec 08 09:52:30 osboxes kernel:   node   0: [mem 0x0000000000001000-0x000000000009efff]
Dec 08 09:52:30 osboxes kernel:   node   0: [mem 0x0000000000100000-0x00000000dffeffff]
Dec 08 09:52:30 osboxes kernel:   node   0: [mem 0x0000000100000000-0x0000000107afffff]
Dec 08 09:52:30 osboxes kernel: Initmem setup node 0 [mem 0x0000000000001000-0x0000000107afffff]
Dec 08 09:52:30 osboxes kernel: On node 0 totalpages: 948878
Dec 08 09:52:30 osboxes kernel:   DMA zone: 64 pages used for memmap
Dec 08 09:52:30 osboxes kernel:   DMA zone: 21 pages reserved
Dec 08 09:52:30 osboxes kernel:   DMA zone: 3998 pages, LIFO batch:0
Dec 08 09:52:30 osboxes kernel:   DMA32 zone: 14272 pages used for memmap
Dec 08 09:52:30 osboxes kernel:   DMA32 zone: 913392 pages, LIFO batch:31
Dec 08 09:52:30 osboxes kernel:   Normal zone: 492 pages used for memmap
Dec 08 09:52:30 osboxes kernel:   Normal zone: 31488 pages, LIFO batch:7
Dec 08 09:52:30 osboxes kernel: ACPI: PM-Timer IO Port: 0x4008
Dec 08 09:52:30 osboxes kernel: ACPI: Local APIC address 0xfee00000
Dec 08 09:52:30 osboxes kernel: IOAPIC[0]: apic_id 4, version 32, address 0xfec00000, GSI 0-23
Dec 08 09:52:30 osboxes kernel: ACPI: INT_SRC_OVR (bus 0 bus_irq 0 global_irq 2 dfl dfl)
Dec 08 09:52:30 osboxes kernel: ACPI: INT_SRC_OVR (bus 0 bus_irq 9 global_irq 9 high level)
Dec 08 09:52:30 osboxes kernel: ACPI: IRQ0 used by override.
Dec 08 09:52:30 osboxes kernel: ACPI: IRQ9 used by override.
Dec 08 09:52:30 osboxes kernel: Using ACPI (MADT) for SMP configuration information
Dec 08 09:52:30 osboxes kernel: smpboot: Allowing 4 CPUs, 0 hotplug CPUs
Dec 08 09:52:30 osboxes kernel: PM: Registered nosave memory: [mem 0x00000000-0x00000fff]
Dec 08 09:52:30 osboxes kernel: PM: Registered nosave memory: [mem 0x0009f000-0x0009ffff]
Dec 08 09:52:30 osboxes kernel: PM: Registered nosave memory: [mem 0x000a0000-0x000effff]
Dec 08 09:52:30 osboxes kernel: PM: Registered nosave memory: [mem 0x000f0000-0x000fffff]
Dec 08 09:52:30 osboxes kernel: PM: Registered nosave memory: [mem 0xdfff0000-0xdfffffff]
Dec 08 09:52:30 osboxes kernel: PM: Registered nosave memory: [mem 0xe0000000-0xfebfffff]
Dec 08 09:52:30 osboxes kernel: PM: Registered nosave memory: [mem 0xfec00000-0xfec00fff]
Dec 08 09:52:30 osboxes kernel: PM: Registered nosave memory: [mem 0xfec01000-0xfedfffff]
Dec 08 09:52:30 osboxes kernel: PM: Registered nosave memory: [mem 0xfee00000-0xfee00fff]
Dec 08 09:52:30 osboxes kernel: PM: Registered nosave memory: [mem 0xfee01000-0xfffbffff]
Dec 08 09:52:30 osboxes kernel: PM: Registered nosave memory: [mem 0xfffc0000-0xffffffff]
Dec 08 09:52:30 osboxes kernel: e820: [mem 0xe0000000-0xfebfffff] available for PCI devices
Dec 08 09:52:30 osboxes kernel: Booting paravirtualized kernel on KVM
Dec 08 09:52:30 osboxes kernel: clocksource: refined-jiffies: mask: 0xffffffff max_cycles: 0xffffffff, max_idle_ns: 7645519600211568 ns
Dec 08 09:52:30 osboxes kernel: setup_percpu: NR_CPUS:512 nr_cpumask_bits:512 nr_cpu_ids:4 nr_node_ids:1
Dec 08 09:52:30 osboxes kernel: percpu: Embedded 35 pages/cpu @ffff94de47600000 s103512 r8192 d31656 u524288
Dec 08 09:52:30 osboxes kernel: pcpu-alloc: s103512 r8192 d31656 u524288 alloc=1*2097152
Dec 08 09:52:30 osboxes kernel: pcpu-alloc: [0] 0 1 2 3 
Dec 08 09:52:30 osboxes kernel: PV qspinlock hash table entries: 256 (order: 0, 4096 bytes)
Dec 08 09:52:30 osboxes kernel: Built 1 zonelists in Node order, mobility grouping on.  Total pages: 934029
Dec 08 09:52:30 osboxes kernel: Policy zone: Normal
Dec 08 09:52:30 osboxes kernel: Kernel command line: BOOT_IMAGE=/vmlinuz-4.9.0-4-amd64 root=UUID=5e2700b4-cb8e-461a-8540-20d9fc6cb64b ro quiet
Dec 08 09:52:30 osboxes kernel: PID hash table entries: 4096 (order: 3, 32768 bytes)
Dec 08 09:52:30 osboxes kernel: Calgary: detecting Calgary via BIOS EBDA area
Dec 08 09:52:30 osboxes kernel: Calgary: Unable to locate Rio Grande table in EBDA - bailing!
Dec 08 09:52:30 osboxes kernel: Memory: 3635956K/3795512K available (6196K kernel code, 1137K rwdata, 2856K rodata, 1396K init, 688K bss, 159556K reserved, 0K cma-reserved)
Dec 08 09:52:30 osboxes kernel: Hierarchical RCU implementation.
Dec 08 09:52:30 osboxes kernel:         Build-time adjustment of leaf fanout to 64.
Dec 08 09:52:30 osboxes kernel:         RCU restricting CPUs from NR_CPUS=512 to nr_cpu_ids=4.
Dec 08 09:52:30 osboxes kernel: RCU: Adjusting geometry for rcu_fanout_leaf=64, nr_cpu_ids=4
Dec 08 09:52:30 osboxes kernel: NR_IRQS:33024 nr_irqs:456 16
Dec 08 09:52:30 osboxes kernel: Console: colour VGA+ 80x25
Dec 08 09:52:30 osboxes kernel: console [tty0] enabled
Dec 08 09:52:30 osboxes kernel: tsc: Detected 3000.000 MHz processor
Dec 08 09:52:30 osboxes kernel: Calibrating delay loop (skipped) preset value.. 6000.00 BogoMIPS (lpj=12000000)
Dec 08 09:52:30 osboxes kernel: pid_max: default: 32768 minimum: 301
Dec 08 09:52:30 osboxes kernel: ACPI: Core revision 20160831
Dec 08 09:52:30 osboxes kernel: ACPI: 2 ACPI AML tables successfully acquired and loaded
Dec 08 09:52:30 osboxes kernel: Security Framework initialized
Dec 08 09:52:30 osboxes kernel: Yama: disabled by default; enable with sysctl kernel.yama.*
Dec 08 09:52:30 osboxes kernel: AppArmor: AppArmor disabled by boot time parameter
Dec 08 09:52:30 osboxes kernel: Dentry cache hash table entries: 524288 (order: 10, 4194304 bytes)
Dec 08 09:52:30 osboxes kernel: Inode-cache hash table entries: 262144 (order: 9, 2097152 bytes)
Dec 08 09:52:30 osboxes kernel: Mount-cache hash table entries: 8192 (order: 4, 65536 bytes)
Dec 08 09:52:30 osboxes kernel: Mountpoint-cache hash table entries: 8192 (order: 4, 65536 bytes)
Dec 08 09:52:30 osboxes kernel: CPU: Physical Processor ID: 0
Dec 08 09:52:30 osboxes kernel: CPU: Processor Core ID: 0
Dec 08 09:52:30 osboxes kernel: mce: CPU supports 0 MCE banks
Dec 08 09:52:30 osboxes kernel: Last level iTLB entries: 4KB 64, 2MB 8, 4MB 8
Dec 08 09:52:30 osboxes kernel: Last level dTLB entries: 4KB 64, 2MB 0, 4MB 0, 1GB 4
Dec 08 09:52:30 osboxes kernel: Freeing SMP alternatives memory: 24K
Dec 08 09:52:30 osboxes kernel: ftrace: allocating 25191 entries in 99 pages
Dec 08 09:52:30 osboxes kernel: smpboot: Max logical packages: 1
Dec 08 09:52:30 osboxes kernel: x2apic enabled
Dec 08 09:52:30 osboxes kernel: Switched APIC routing to physical x2apic.
Dec 08 09:52:30 osboxes kernel: ..TIMER: vector=0x30 apic1=0 pin1=2 apic2=-1 pin2=-1
Dec 08 09:52:30 osboxes kernel: smpboot: CPU0: Intel(R) Xeon(R) CPU E3-1505M v6 @ 3.00GHz (family: 0x6, model: 0x9e, stepping: 0x9)
Dec 08 09:52:30 osboxes kernel: Performance Events: unsupported p6 CPU model 158 no PMU driver, software events only.
Dec 08 09:52:30 osboxes kernel: KVM setup paravirtual spinlock
Dec 08 09:52:30 osboxes kernel: x86: Booting SMP configuration:
Dec 08 09:52:30 osboxes kernel: .... node  #0, CPUs:      #1
Dec 08 09:52:30 osboxes kernel: kvm-clock: cpu 1, msr 1:7af3041, secondary cpu clock
Dec 08 09:52:30 osboxes kernel: mce: CPU supports 0 MCE banks
Dec 08 09:52:30 osboxes kernel:  #2
Dec 08 09:52:30 osboxes kernel: kvm-clock: cpu 2, msr 1:7af3081, secondary cpu clock
Dec 08 09:52:30 osboxes kernel: mce: CPU supports 0 MCE banks
Dec 08 09:52:30 osboxes kernel:  #3
Dec 08 09:52:30 osboxes kernel: kvm-clock: cpu 3, msr 1:7af30c1, secondary cpu clock
Dec 08 09:52:30 osboxes kernel: mce: CPU supports 0 MCE banks
Dec 08 09:52:30 osboxes kernel: x86: Booted up 1 node, 4 CPUs
Dec 08 09:52:30 osboxes kernel: smpboot: Total of 4 processors activated (24000.00 BogoMIPS)
Dec 08 09:52:30 osboxes kernel: devtmpfs: initialized
Dec 08 09:52:30 osboxes kernel: x86/mm: Memory block size: 128MB
Dec 08 09:52:30 osboxes kernel: clocksource: jiffies: mask: 0xffffffff max_cycles: 0xffffffff, max_idle_ns: 7645041785100000 ns
Dec 08 09:52:30 osboxes kernel: futex hash table entries: 1024 (order: 4, 65536 bytes)
Dec 08 09:52:30 osboxes kernel: pinctrl core: initialized pinctrl subsystem
Dec 08 09:52:30 osboxes kernel: NET: Registered protocol family 16
Dec 08 09:52:30 osboxes kernel: cpuidle: using governor ladder
Dec 08 09:52:30 osboxes kernel: cpuidle: using governor menu
Dec 08 09:52:30 osboxes kernel: ACPI: bus type PCI registered
Dec 08 09:52:30 osboxes kernel: acpiphp: ACPI Hot Plug PCI Controller Driver version: 0.5
Dec 08 09:52:30 osboxes kernel: PCI: Using configuration type 1 for base access
Dec 08 09:52:30 osboxes kernel: HugeTLB registered 2 MB page size, pre-allocated 0 pages
Dec 08 09:52:30 osboxes kernel: ACPI: Added _OSI(Module Device)
Dec 08 09:52:30 osboxes kernel: ACPI: Added _OSI(Processor Device)
Dec 08 09:52:30 osboxes kernel: ACPI: Added _OSI(3.0 _SCP Extensions)
Dec 08 09:52:30 osboxes kernel: ACPI: Added _OSI(Processor Aggregator Device)
Dec 08 09:52:30 osboxes kernel: ACPI: Executed 1 blocks of module-level executable AML code
Dec 08 09:52:30 osboxes kernel: ACPI: Interpreter enabled
Dec 08 09:52:30 osboxes kernel: ACPI: (supports S0 S5)
Dec 08 09:52:30 osboxes kernel: ACPI: Using IOAPIC for interrupt routing
Dec 08 09:52:30 osboxes kernel: PCI: Using host bridge windows from ACPI; if necessary, use "pci=nocrs" and report a bug
Dec 08 09:52:30 osboxes kernel: ACPI: PCI Root Bridge [PCI0] (domain 0000 [bus 00-ff])
Dec 08 09:52:30 osboxes kernel: acpi PNP0A03:00: _OSC: OS supports [ASPM ClockPM Segments MSI]
Dec 08 09:52:30 osboxes kernel: acpi PNP0A03:00: _OSC failed (AE_NOT_FOUND); disabling ASPM
Dec 08 09:52:30 osboxes kernel: acpi PNP0A03:00: fail to add MMCONFIG information, can't access extended PCI configuration space under this bridge.
Dec 08 09:52:30 osboxes kernel: PCI host bridge to bus 0000:00
Dec 08 09:52:30 osboxes kernel: pci_bus 0000:00: root bus resource [io  0x0000-0x0cf7 window]
Dec 08 09:52:30 osboxes kernel: pci_bus 0000:00: root bus resource [io  0x0d00-0xffff window]
Dec 08 09:52:30 osboxes kernel: pci_bus 0000:00: root bus resource [mem 0x000a0000-0x000bffff window]
Dec 08 09:52:30 osboxes kernel: pci_bus 0000:00: root bus resource [mem 0xe0000000-0xffdfffff window]
Dec 08 09:52:30 osboxes kernel: pci_bus 0000:00: root bus resource [bus 00-ff]
Dec 08 09:52:30 osboxes kernel: pci 0000:00:00.0: [8086:1237] type 00 class 0x060000
Dec 08 09:52:30 osboxes kernel: pci 0000:00:01.0: [8086:7000] type 00 class 0x060100
Dec 08 09:52:30 osboxes kernel: pci 0000:00:01.1: [8086:7111] type 00 class 0x01018a
Dec 08 09:52:30 osboxes kernel: pci 0000:00:01.1: reg 0x20: [io  0xd000-0xd00f]
Dec 08 09:52:30 osboxes kernel: pci 0000:00:01.1: legacy IDE quirk: reg 0x10: [io  0x01f0-0x01f7]
Dec 08 09:52:30 osboxes kernel: pci 0000:00:01.1: legacy IDE quirk: reg 0x14: [io  0x03f6]
Dec 08 09:52:30 osboxes kernel: pci 0000:00:01.1: legacy IDE quirk: reg 0x18: [io  0x0170-0x0177]
Dec 08 09:52:30 osboxes kernel: pci 0000:00:01.1: legacy IDE quirk: reg 0x1c: [io  0x0376]
Dec 08 09:52:30 osboxes kernel: pci 0000:00:02.0: [80ee:beef] type 00 class 0x030000
Dec 08 09:52:30 osboxes kernel: pci 0000:00:02.0: reg 0x10: [mem 0xe0000000-0xe3ffffff pref]
Dec 08 09:52:30 osboxes kernel: pci 0000:00:03.0: [8086:100e] type 00 class 0x020000
Dec 08 09:52:30 osboxes kernel: pci 0000:00:03.0: reg 0x10: [mem 0xf0000000-0xf001ffff]
Dec 08 09:52:30 osboxes kernel: pci 0000:00:03.0: reg 0x18: [io  0xd010-0xd017]
Dec 08 09:52:30 osboxes kernel: pci 0000:00:04.0: [80ee:cafe] type 00 class 0x088000
Dec 08 09:52:30 osboxes kernel: pci 0000:00:04.0: reg 0x10: [io  0xd020-0xd03f]
Dec 08 09:52:30 osboxes kernel: pci 0000:00:04.0: reg 0x14: [mem 0xf0400000-0xf07fffff]
Dec 08 09:52:30 osboxes kernel: pci 0000:00:04.0: reg 0x18: [mem 0xf0800000-0xf0803fff pref]
Dec 08 09:52:30 osboxes kernel: pci 0000:00:05.0: [8086:2415] type 00 class 0x040100
Dec 08 09:52:30 osboxes kernel: pci 0000:00:05.0: reg 0x10: [io  0xd100-0xd1ff]
Dec 08 09:52:30 osboxes kernel: pci 0000:00:05.0: reg 0x14: [io  0xd200-0xd23f]
Dec 08 09:52:30 osboxes kernel: pci 0000:00:06.0: [106b:003f] type 00 class 0x0c0310
Dec 08 09:52:30 osboxes kernel: pci 0000:00:06.0: reg 0x10: [mem 0xf0804000-0xf0804fff]
Dec 08 09:52:30 osboxes kernel: pci 0000:00:07.0: [8086:7113] type 00 class 0x068000
Dec 08 09:52:30 osboxes kernel: pci 0000:00:07.0: quirk: [io  0x4000-0x403f] claimed by PIIX4 ACPI
Dec 08 09:52:30 osboxes kernel: pci 0000:00:07.0: quirk: [io  0x4100-0x410f] claimed by PIIX4 SMB
Dec 08 09:52:30 osboxes kernel: pci 0000:00:08.0: [8086:100e] type 00 class 0x020000
Dec 08 09:52:30 osboxes kernel: pci 0000:00:08.0: reg 0x10: [mem 0xf0820000-0xf083ffff]
Dec 08 09:52:30 osboxes kernel: pci 0000:00:08.0: reg 0x18: [io  0xd240-0xd247]
Dec 08 09:52:30 osboxes kernel: pci 0000:00:09.0: [8086:100e] type 00 class 0x020000
Dec 08 09:52:30 osboxes kernel: pci 0000:00:09.0: reg 0x10: [mem 0xf0840000-0xf085ffff]
Dec 08 09:52:30 osboxes kernel: pci 0000:00:09.0: reg 0x18: [io  0xd248-0xd24f]
Dec 08 09:52:30 osboxes kernel: pci 0000:00:0b.0: [8086:265c] type 00 class 0x0c0320
Dec 08 09:52:30 osboxes kernel: pci 0000:00:0b.0: reg 0x10: [mem 0xf0860000-0xf0860fff]
Dec 08 09:52:30 osboxes kernel: pci 0000:00:0d.0: [8086:2829] type 00 class 0x010601
Dec 08 09:52:30 osboxes kernel: pci 0000:00:0d.0: reg 0x10: [io  0xd250-0xd257]
Dec 08 09:52:30 osboxes kernel: pci 0000:00:0d.0: reg 0x18: [io  0xd260-0xd267]
Dec 08 09:52:30 osboxes kernel: pci 0000:00:0d.0: reg 0x20: [io  0xd270-0xd27f]
Dec 08 09:52:30 osboxes kernel: pci 0000:00:0d.0: reg 0x24: [mem 0xf0862000-0xf0863fff]
Dec 08 09:52:30 osboxes kernel: ACPI: PCI Interrupt Link [LNKA] (IRQs 5 9 10 *11)
Dec 08 09:52:30 osboxes kernel: ACPI: PCI Interrupt Link [LNKB] (IRQs 5 9 10 *11)
Dec 08 09:52:30 osboxes kernel: ACPI: PCI Interrupt Link [LNKC] (IRQs 5 9 *10 11)
Dec 08 09:52:30 osboxes kernel: ACPI: PCI Interrupt Link [LNKD] (IRQs 5 *9 10 11)
Dec 08 09:52:30 osboxes kernel: ACPI: Enabled 2 GPEs in block 00 to 07
Dec 08 09:52:30 osboxes kernel: vgaarb: setting as boot device: PCI:0000:00:02.0
Dec 08 09:52:30 osboxes kernel: vgaarb: device added: PCI:0000:00:02.0,decodes=io+mem,owns=io+mem,locks=none
Dec 08 09:52:30 osboxes kernel: vgaarb: loaded
Dec 08 09:52:30 osboxes kernel: vgaarb: bridge control possible 0000:00:02.0
Dec 08 09:52:30 osboxes kernel: PCI: Using ACPI for IRQ routing
Dec 08 09:52:30 osboxes kernel: PCI: pci_cache_line_size set to 64 bytes
Dec 08 09:52:30 osboxes kernel: e820: reserve RAM buffer [mem 0x0009fc00-0x0009ffff]
Dec 08 09:52:30 osboxes kernel: e820: reserve RAM buffer [mem 0xdfff0000-0xdfffffff]
Dec 08 09:52:30 osboxes kernel: e820: reserve RAM buffer [mem 0x107b00000-0x107ffffff]
Dec 08 09:52:30 osboxes kernel: clocksource: Switched to clocksource kvm-clock
Dec 08 09:52:30 osboxes kernel: VFS: Disk quotas dquot_6.6.0
Dec 08 09:52:30 osboxes kernel: VFS: Dquot-cache hash table entries: 512 (order 0, 4096 bytes)
Dec 08 09:52:30 osboxes kernel: pnp: PnP ACPI init
Dec 08 09:52:30 osboxes kernel: pnp 00:00: Plug and Play ACPI device, IDs PNP0303 (active)
Dec 08 09:52:30 osboxes kernel: pnp 00:01: Plug and Play ACPI device, IDs PNP0f03 (active)
Dec 08 09:52:30 osboxes kernel: pnp: PnP ACPI: found 2 devices
Dec 08 09:52:30 osboxes kernel: clocksource: acpi_pm: mask: 0xffffff max_cycles: 0xffffff, max_idle_ns: 2085701024 ns
Dec 08 09:52:30 osboxes kernel: pci_bus 0000:00: resource 4 [io  0x0000-0x0cf7 window]
Dec 08 09:52:30 osboxes kernel: pci_bus 0000:00: resource 5 [io  0x0d00-0xffff window]
Dec 08 09:52:30 osboxes kernel: pci_bus 0000:00: resource 6 [mem 0x000a0000-0x000bffff window]
Dec 08 09:52:30 osboxes kernel: pci_bus 0000:00: resource 7 [mem 0xe0000000-0xffdfffff window]
Dec 08 09:52:30 osboxes kernel: NET: Registered protocol family 2
Dec 08 09:52:30 osboxes kernel: TCP established hash table entries: 32768 (order: 6, 262144 bytes)
Dec 08 09:52:30 osboxes kernel: TCP bind hash table entries: 32768 (order: 7, 524288 bytes)
Dec 08 09:52:30 osboxes kernel: TCP: Hash tables configured (established 32768 bind 32768)
Dec 08 09:52:30 osboxes kernel: UDP hash table entries: 2048 (order: 4, 65536 bytes)
Dec 08 09:52:30 osboxes kernel: UDP-Lite hash table entries: 2048 (order: 4, 65536 bytes)
Dec 08 09:52:30 osboxes kernel: NET: Registered protocol family 1
Dec 08 09:52:30 osboxes kernel: pci 0000:00:00.0: Limiting direct PCI/PCI transfers
Dec 08 09:52:30 osboxes kernel: pci 0000:00:01.0: Activating ISA DMA hang workarounds
Dec 08 09:52:30 osboxes kernel: pci 0000:00:02.0: Video device with shadowed ROM at [mem 0x000c0000-0x000dffff]
Dec 08 09:52:30 osboxes kernel: PCI: CLS 0 bytes, default 64
Dec 08 09:52:30 osboxes kernel: Unpacking initramfs...
Dec 08 09:52:30 osboxes kernel: Freeing initrd memory: 17852K
Dec 08 09:52:30 osboxes kernel: PCI-DMA: Using software bounce buffering for IO (SWIOTLB)
Dec 08 09:52:30 osboxes kernel: software IO TLB [mem 0xdbff0000-0xdfff0000] (64MB) mapped at [ffff94de1bff0000-ffff94de1ffeffff]
Dec 08 09:52:30 osboxes kernel: platform rtc_cmos: registered platform RTC device (no PNP device found)
Dec 08 09:52:30 osboxes kernel: audit: initializing netlink subsys (disabled)
Dec 08 09:52:30 osboxes kernel: audit: type=2000 audit(1512744753.337:1): initialized
Dec 08 09:52:30 osboxes kernel: workingset: timestamp_bits=40 max_order=20 bucket_order=0
Dec 08 09:52:30 osboxes kernel: zbud: loaded
Dec 08 09:52:30 osboxes kernel: Block layer SCSI generic (bsg) driver version 0.4 loaded (major 250)
Dec 08 09:52:30 osboxes kernel: io scheduler noop registered
Dec 08 09:52:30 osboxes kernel: io scheduler deadline registered
Dec 08 09:52:30 osboxes kernel: io scheduler cfq registered (default)
Dec 08 09:52:30 osboxes kernel: pci_hotplug: PCI Hot Plug PCI Core version: 0.5
Dec 08 09:52:30 osboxes kernel: pciehp: PCI Express Hot Plug Controller Driver version: 0.4
Dec 08 09:52:30 osboxes kernel: intel_idle: does not run on family 6 model 158
Dec 08 09:52:30 osboxes kernel: GHES: HEST is not enabled!
Dec 08 09:52:30 osboxes kernel: Serial: 8250/16550 driver, 4 ports, IRQ sharing enabled
Dec 08 09:52:30 osboxes kernel: Linux agpgart interface v0.103
Dec 08 09:52:30 osboxes kernel: AMD IOMMUv2 driver by Joerg Roedel <jroedel@suse.de>
Dec 08 09:52:30 osboxes kernel: AMD IOMMUv2 functionality not available on this system
Dec 08 09:52:30 osboxes kernel: i8042: PNP: PS/2 Controller [PNP0303:PS2K,PNP0f03:PS2M] at 0x60,0x64 irq 1,12
Dec 08 09:52:30 osboxes kernel: serio: i8042 KBD port at 0x60,0x64 irq 1
Dec 08 09:52:30 osboxes kernel: serio: i8042 AUX port at 0x60,0x64 irq 12
Dec 08 09:52:30 osboxes kernel: mousedev: PS/2 mouse device common for all mice
Dec 08 09:52:30 osboxes kernel: input: AT Translated Set 2 keyboard as /devices/platform/i8042/serio0/input/input0
Dec 08 09:52:30 osboxes kernel: rtc_cmos rtc_cmos: rtc core: registered rtc_cmos as rtc0
Dec 08 09:52:30 osboxes kernel: rtc_cmos rtc_cmos: alarms up to one day, 114 bytes nvram
Dec 08 09:52:30 osboxes kernel: ledtrig-cpu: registered to indicate activity on CPUs
Dec 08 09:52:30 osboxes kernel: NET: Registered protocol family 10
Dec 08 09:52:30 osboxes kernel: mip6: Mobile IPv6
Dec 08 09:52:30 osboxes kernel: NET: Registered protocol family 17
Dec 08 09:52:30 osboxes kernel: mpls_gso: MPLS GSO support
Dec 08 09:52:30 osboxes kernel: microcode: sig=0x906e9, pf=0x8, revision=0x0
Dec 08 09:52:30 osboxes kernel: microcode: Microcode Update Driver: v2.01 <tigran@aivazian.fsnet.co.uk>, Peter Oruba
Dec 08 09:52:30 osboxes kernel: registered taskstats version 1
Dec 08 09:52:30 osboxes kernel: zswap: loaded using pool lzo/zbud
Dec 08 09:52:30 osboxes kernel: ima: No TPM chip found, activating TPM-bypass!
Dec 08 09:52:30 osboxes kernel: rtc_cmos rtc_cmos: setting system clock to 2017-12-08 14:52:26 UTC (1512744746)
Dec 08 09:52:30 osboxes kernel: PM: Hibernation image not present or could not be loaded.
Dec 08 09:52:30 osboxes kernel: Freeing unused kernel memory: 1396K
Dec 08 09:52:30 osboxes kernel: Write protecting the kernel read-only data: 12288k
Dec 08 09:52:30 osboxes kernel: Freeing unused kernel memory: 1980K
Dec 08 09:52:30 osboxes kernel: Freeing unused kernel memory: 1240K
Dec 08 09:52:30 osboxes kernel: x86/mm: Checked W+X mappings: passed, no W+X pages found.
Dec 08 09:52:30 osboxes kernel: random: systemd-udevd: uninitialized urandom read (16 bytes read)
Dec 08 09:52:30 osboxes kernel: random: systemd-udevd: uninitialized urandom read (16 bytes read)
Dec 08 09:52:30 osboxes kernel: random: systemd-udevd: uninitialized urandom read (16 bytes read)
Dec 08 09:52:30 osboxes kernel: random: udevadm: uninitialized urandom read (16 bytes read)
Dec 08 09:52:30 osboxes kernel: random: udevadm: uninitialized urandom read (16 bytes read)
Dec 08 09:52:30 osboxes kernel: random: udevadm: uninitialized urandom read (16 bytes read)
Dec 08 09:52:30 osboxes kernel: random: udevadm: uninitialized urandom read (16 bytes read)
Dec 08 09:52:30 osboxes kernel: random: udevadm: uninitialized urandom read (16 bytes read)
Dec 08 09:52:30 osboxes kernel: random: udevadm: uninitialized urandom read (16 bytes read)
Dec 08 09:52:30 osboxes kernel: random: udevadm: uninitialized urandom read (16 bytes read)
Dec 08 09:52:30 osboxes kernel: e1000: Intel(R) PRO/1000 Network Driver - version 7.3.21-k8-NAPI
Dec 08 09:52:30 osboxes kernel: e1000: Copyright (c) 1999-2006 Intel Corporation.
Dec 08 09:52:30 osboxes kernel: ACPI: bus type USB registered
Dec 08 09:52:30 osboxes kernel: usbcore: registered new interface driver usbfs
Dec 08 09:52:30 osboxes kernel: usbcore: registered new interface driver hub
Dec 08 09:52:30 osboxes kernel: usbcore: registered new device driver usb
Dec 08 09:52:30 osboxes kernel: ehci_hcd: USB 2.0 'Enhanced' Host Controller (EHCI) Driver
Dec 08 09:52:30 osboxes kernel: SCSI subsystem initialized
Dec 08 09:52:30 osboxes kernel: ohci_hcd: USB 1.1 'Open' Host Controller (OHCI) Driver
Dec 08 09:52:30 osboxes kernel: ehci-pci: EHCI PCI platform driver
Dec 08 09:52:30 osboxes kernel: libata version 3.00 loaded.
Dec 08 09:52:30 osboxes kernel: AVX version of gcm_enc/dec engaged.
Dec 08 09:52:30 osboxes kernel: AES CTR mode by8 optimization enabled
Dec 08 09:52:30 osboxes kernel: input: ImExPS/2 Generic Explorer Mouse as /devices/platform/i8042/serio1/input/input2
Dec 08 09:52:30 osboxes kernel: e1000 0000:00:03.0 eth0: (PCI:33MHz:32-bit) 08:00:27:28:43:df
Dec 08 09:52:30 osboxes kernel: e1000 0000:00:03.0 eth0: Intel(R) PRO/1000 Network Connection
Dec 08 09:52:30 osboxes kernel: e1000 0000:00:08.0 eth1: (PCI:33MHz:32-bit) 08:00:27:d7:1e:6f
Dec 08 09:52:30 osboxes kernel: e1000 0000:00:08.0 eth1: Intel(R) PRO/1000 Network Connection
Dec 08 09:52:30 osboxes kernel: tsc: Refined TSC clocksource calibration: 2999.172 MHz
Dec 08 09:52:30 osboxes kernel: clocksource: tsc: mask: 0xffffffffffffffff max_cycles: 0x2b3b3751ca6, max_idle_ns: 440795264341 ns
Dec 08 09:52:30 osboxes kernel: e1000 0000:00:09.0 eth2: (PCI:33MHz:32-bit) 08:00:27:06:26:2c
Dec 08 09:52:30 osboxes kernel: e1000 0000:00:09.0 eth2: Intel(R) PRO/1000 Network Connection
Dec 08 09:52:30 osboxes kernel: ehci-pci 0000:00:0b.0: EHCI Host Controller
Dec 08 09:52:30 osboxes kernel: ehci-pci 0000:00:0b.0: new USB bus registered, assigned bus number 1
Dec 08 09:52:30 osboxes kernel: e1000 0000:00:09.0 enp0s9: renamed from eth2
Dec 08 09:52:30 osboxes kernel: ehci-pci 0000:00:0b.0: irq 19, io mem 0xf0860000
Dec 08 09:52:30 osboxes kernel: ehci-pci 0000:00:0b.0: USB 2.0 started, EHCI 1.00
Dec 08 09:52:30 osboxes kernel: usb usb1: New USB device found, idVendor=1d6b, idProduct=0002
Dec 08 09:52:30 osboxes kernel: usb usb1: New USB device strings: Mfr=3, Product=2, SerialNumber=1
Dec 08 09:52:30 osboxes kernel: usb usb1: Product: EHCI Host Controller
Dec 08 09:52:30 osboxes kernel: usb usb1: Manufacturer: Linux 4.9.0-4-amd64 ehci_hcd
Dec 08 09:52:30 osboxes kernel: usb usb1: SerialNumber: 0000:00:0b.0
Dec 08 09:52:30 osboxes kernel: hub 1-0:1.0: USB hub found
Dec 08 09:52:30 osboxes kernel: hub 1-0:1.0: 12 ports detected
Dec 08 09:52:30 osboxes kernel: piix4_smbus 0000:00:07.0: SMBus Host Controller at 0x4100, revision 0
Dec 08 09:52:30 osboxes kernel: ata_piix 0000:00:01.1: version 2.13
Dec 08 09:52:30 osboxes kernel: scsi host0: ata_piix
Dec 08 09:52:30 osboxes kernel: scsi host1: ata_piix
Dec 08 09:52:30 osboxes kernel: ata1: PATA max UDMA/33 cmd 0x1f0 ctl 0x3f6 bmdma 0xd000 irq 14
Dec 08 09:52:30 osboxes kernel: ata2: PATA max UDMA/33 cmd 0x170 ctl 0x376 bmdma 0xd008 irq 15
Dec 08 09:52:30 osboxes kernel: ohci-pci: OHCI PCI platform driver
Dec 08 09:52:30 osboxes kernel: ohci-pci 0000:00:06.0: OHCI PCI host controller
Dec 08 09:52:30 osboxes kernel: ohci-pci 0000:00:06.0: new USB bus registered, assigned bus number 2
Dec 08 09:52:30 osboxes kernel: ohci-pci 0000:00:06.0: irq 22, io mem 0xf0804000
Dec 08 09:52:30 osboxes kernel: e1000 0000:00:03.0 enp0s3: renamed from eth0
Dec 08 09:52:30 osboxes kernel: usb usb2: New USB device found, idVendor=1d6b, idProduct=0001
Dec 08 09:52:30 osboxes kernel: usb usb2: New USB device strings: Mfr=3, Product=2, SerialNumber=1
Dec 08 09:52:30 osboxes kernel: usb usb2: Product: OHCI PCI host controller
Dec 08 09:52:30 osboxes kernel: usb usb2: Manufacturer: Linux 4.9.0-4-amd64 ohci_hcd
Dec 08 09:52:30 osboxes kernel: usb usb2: SerialNumber: 0000:00:06.0
Dec 08 09:52:30 osboxes kernel: hub 2-0:1.0: USB hub found
Dec 08 09:52:30 osboxes kernel: hub 2-0:1.0: 12 ports detected
Dec 08 09:52:30 osboxes kernel: ahci 0000:00:0d.0: version 3.0
Dec 08 09:52:30 osboxes kernel: ahci 0000:00:0d.0: SSS flag set, parallel bus scan disabled
Dec 08 09:52:30 osboxes kernel: ahci 0000:00:0d.0: AHCI 0001.0100 32 slots 1 ports 3 Gbps 0x1 impl SATA mode
Dec 08 09:52:30 osboxes kernel: ahci 0000:00:0d.0: flags: 64bit ncq stag only ccc 
Dec 08 09:52:30 osboxes kernel: scsi host2: ahci
Dec 08 09:52:30 osboxes kernel: ata3: SATA max UDMA/133 abar m8192@0xf0862000 port 0xf0862100 irq 21
Dec 08 09:52:30 osboxes kernel: e1000 0000:00:08.0 enp0s8: renamed from eth1
Dec 08 09:52:30 osboxes kernel: ata2.00: ATAPI: VBOX CD-ROM, 1.0, max UDMA/133
Dec 08 09:52:30 osboxes kernel: ata2.00: configured for UDMA/33
Dec 08 09:52:30 osboxes kernel: scsi 1:0:0:0: CD-ROM            VBOX     CD-ROM           1.0  PQ: 0 ANSI: 5
Dec 08 09:52:30 osboxes kernel: ata3: SATA link up 3.0 Gbps (SStatus 123 SControl 300)
Dec 08 09:52:30 osboxes kernel: ata3.00: ATA-6: VBOX HARDDISK, 1.0, max UDMA/133
Dec 08 09:52:30 osboxes kernel: ata3.00: 419430400 sectors, multi 128: LBA48 NCQ (depth 31/32)
Dec 08 09:52:30 osboxes kernel: ata3.00: configured for UDMA/133
Dec 08 09:52:30 osboxes kernel: scsi 2:0:0:0: Direct-Access     ATA      VBOX HARDDISK    1.0  PQ: 0 ANSI: 5
Dec 08 09:52:30 osboxes kernel: sd 2:0:0:0: [sda] 419430400 512-byte logical blocks: (215 GB/200 GiB)
Dec 08 09:52:30 osboxes kernel: sd 2:0:0:0: [sda] Write Protect is off
Dec 08 09:52:30 osboxes kernel: sd 2:0:0:0: [sda] Mode Sense: 00 3a 00 00
Dec 08 09:52:30 osboxes kernel: sd 2:0:0:0: [sda] Write cache: enabled, read cache: enabled, doesn't support DPO or FUA
Dec 08 09:52:30 osboxes kernel: sr 1:0:0:0: [sr0] scsi3-mmc drive: 32x/32x xa/form2 tray
Dec 08 09:52:30 osboxes kernel: cdrom: Uniform CD-ROM driver Revision: 3.20
Dec 08 09:52:30 osboxes kernel: sr 1:0:0:0: Attached scsi CD-ROM sr0
Dec 08 09:52:30 osboxes kernel:  sda: sda1 sda2 sda3 sda4
Dec 08 09:52:30 osboxes kernel: sd 2:0:0:0: [sda] Attached SCSI disk
Dec 08 09:52:30 osboxes kernel: random: fast init done
Dec 08 09:52:30 osboxes kernel: usb 2-1: new full-speed USB device number 2 using ohci-pci
Dec 08 09:52:30 osboxes kernel: usb 2-1: New USB device found, idVendor=80ee, idProduct=0021
Dec 08 09:52:30 osboxes kernel: usb 2-1: New USB device strings: Mfr=1, Product=3, SerialNumber=0
Dec 08 09:52:30 osboxes kernel: usb 2-1: Product: USB Tablet
Dec 08 09:52:30 osboxes kernel: usb 2-1: Manufacturer: VirtualBox
Dec 08 09:52:30 osboxes kernel: hidraw: raw HID events driver (C) Jiri Kosina
Dec 08 09:52:30 osboxes kernel: usbcore: registered new interface driver usbhid
Dec 08 09:52:30 osboxes kernel: usbhid: USB HID core driver
Dec 08 09:52:30 osboxes kernel: input: VirtualBox USB Tablet as /devices/pci0000:00/0000:00:06.0/usb2/2-1/2-1:1.0/0003:80EE:0021.0001/input/input3
Dec 08 09:52:30 osboxes kernel: hid-generic 0003:80EE:0021.0001: input,hidraw0: USB HID v1.10 Mouse [VirtualBox USB Tablet] on usb-0000:00:06.0-1/input0
Dec 08 09:52:30 osboxes kernel: floppy0: no floppy controllers found
Dec 08 09:52:30 osboxes kernel: PM: Starting manual resume from disk
Dec 08 09:52:30 osboxes kernel: PM: Hibernation image partition 8:3 present
Dec 08 09:52:30 osboxes kernel: PM: Looking for hibernation image.
Dec 08 09:52:30 osboxes kernel: PM: Image not found (code -22)
Dec 08 09:52:30 osboxes kernel: PM: Hibernation image not present or could not be loaded.
Dec 08 09:52:30 osboxes kernel: EXT4-fs (sda1): mounted filesystem with ordered data mode. Opts: (null)
Dec 08 09:52:30 osboxes kernel: ip_tables: (C) 2000-2006 Netfilter Core Team
Dec 08 09:52:30 osboxes systemd[1]: systemd 232 running in system mode. (+PAM +AUDIT +SELINUX +IMA +APPARMOR +SMACK +SYSVINIT +UTMP +LIBCRYPTSETUP +GCRYPT +GNUTLS +ACL +XZ +LZ4 +SECCOMP +BLKID +ELFUTILS +KMOD +IDN)
Dec 08 09:52:30 osboxes systemd[1]: Detected virtualization oracle.
Dec 08 09:52:30 osboxes systemd[1]: Detected architecture x86-64.
Dec 08 09:52:30 osboxes systemd[1]: Set hostname to <osboxes>.
Dec 08 09:52:30 osboxes systemd[1]: Listening on Journal Socket (/dev/log).
Dec 08 09:52:30 osboxes systemd[1]: Listening on Journal Audit Socket.
Dec 08 09:52:30 osboxes systemd[1]: Listening on udev Kernel Socket.
Dec 08 09:52:30 osboxes systemd[1]: Set up automount Arbitrary Executable File Formats File System Automount Point.
Dec 08 09:52:30 osboxes systemd[1]: Listening on Journal Socket.
Dec 08 09:52:30 osboxes systemd[1]: Listening on fsck to fsckd communication Socket.
Dec 08 09:52:30 osboxes kernel: EXT4-fs (sda1): re-mounted. Opts: errors=remount-ro
Dec 08 09:52:30 osboxes systemd-journald[221]: Journal started
Dec 08 09:52:30 osboxes systemd-journald[221]: Runtime journal (/run/log/journal/12b4fba6ebb349e78018ada292728ddd) is 4.4M, max 35.7M, 31.2M free.
Dec 08 09:52:30 osboxes systemd[1]: Started Remount Root and Kernel File Systems.
Dec 08 09:52:30 osboxes systemd[1]: Starting Flush Journal to Persistent Storage...
Dec 08 09:52:30 osboxes systemd[1]: Starting Load/Save Random Seed...
Dec 08 09:52:30 osboxes systemd[1]: Starting udev Coldplug all Devices...
Dec 08 09:52:30 osboxes systemd-modules-load[217]: Inserted module 'lp'
Dec 08 09:52:30 osboxes kernel: lp: driver loaded but no devices found
Dec 08 09:52:30 osboxes systemd-journald[221]: Runtime journal (/run/log/journal/12b4fba6ebb349e78018ada292728ddd) is 4.4M, max 35.7M, 31.2M free.
Dec 08 09:52:30 osboxes systemd-modules-load[217]: Inserted module 'ppdev'
Dec 08 09:52:30 osboxes systemd[1]: Started Flush Journal to Persistent Storage.
Dec 08 09:52:30 osboxes kernel: ppdev: user-space parallel port driver
Dec 08 09:52:30 osboxes systemd-modules-load[217]: Inserted module 'parport_pc'
Dec 08 09:52:30 osboxes systemd[1]: Started Load Kernel Modules.
Dec 08 09:52:30 osboxes systemd[1]: Starting Apply Kernel Variables...
Dec 08 09:52:30 osboxes systemd[1]: Started Create Static Device Nodes in /dev.
Dec 08 09:52:30 osboxes systemd[1]: Starting udev Kernel Device Manager...
Dec 08 09:52:30 osboxes systemd[1]: Started Load/Save Random Seed.
Dec 08 09:52:30 osboxes systemd[1]: Started Apply Kernel Variables.
Dec 08 09:52:30 osboxes systemd[1]: Started udev Coldplug all Devices.
Dec 08 09:52:30 osboxes systemd[1]: Started udev Kernel Device Manager.
Dec 08 09:52:30 osboxes keyboard-setup.sh[220]: cannot open file /tmp/tmpkbd.NkY3FP
Dec 08 09:52:30 osboxes kernel: ACPI: AC Adapter [AC] (on-line)
Dec 08 09:52:30 osboxes kernel: ACPI: Battery Slot [BAT0] (battery present)
Dec 08 09:52:30 osboxes kernel: input: Power Button as /devices/LNXSYSTM:00/LNXPWRBN:00/input/input4
Dec 08 09:52:30 osboxes kernel: ACPI: Power Button [PWRF]
Dec 08 09:52:30 osboxes kernel: input: Sleep Button as /devices/LNXSYSTM:00/LNXSLPBN:00/input/input5
Dec 08 09:52:30 osboxes kernel: ACPI: Sleep Button [SLPF]
Dec 08 09:52:30 osboxes kernel: ACPI: Video Device [GFX0] (multi-head: yes  rom: no  post: no)
Dec 08 09:52:30 osboxes kernel: input: Video Bus as /devices/LNXSYSTM:00/LNXSYBUS:00/PNP0A03:00/LNXVIDEO:00/input/input6
Dec 08 09:52:30 osboxes kernel: sr 1:0:0:0: Attached scsi generic sg0 type 5
Dec 08 09:52:30 osboxes kernel: sd 2:0:0:0: Attached scsi generic sg1 type 0
Dec 08 09:52:30 osboxes kernel: input: PC Speaker as /devices/platform/pcspkr/input/input7
Dec 08 09:52:30 osboxes mtp-probe[308]: checking bus 2, device 2: "/sys/devices/pci0000:00/0000:00:06.0/usb2/2-1"
Dec 08 09:52:30 osboxes mtp-probe[308]: bus: 2, device: 2 was not an MTP device
Dec 08 09:52:30 osboxes systemd[1]: Found device VBOX_HARDDISK 3.
Dec 08 09:52:30 osboxes systemd[1]: Activating swap /dev/disk/by-uuid/c459b323-8f98-4803-bd37-ad3b6283d962...
Dec 08 09:52:30 osboxes systemd[1]: Activated swap /dev/disk/by-uuid/c459b323-8f98-4803-bd37-ad3b6283d962.
Dec 08 09:52:30 osboxes systemd[1]: Reached target Swap.
Dec 08 09:52:30 osboxes kernel: Adding 4882428k swap on /dev/sda3.  Priority:-1 extents:1 across:4882428k FS
Dec 08 09:52:30 osboxes systemd[1]: Found device VBOX_HARDDISK 4.
Dec 08 09:52:30 osboxes systemd[1]: Found device VBOX_HARDDISK 2.
Dec 08 09:52:30 osboxes kernel: snd_intel8x0 0000:00:05.0: white list rate for 1028:0177 is 48000
Dec 08 09:52:30 osboxes systemd[1]: Reached target Sound Card.
Dec 08 09:52:31 osboxes systemd[1]: Started Set the console keyboard layout.
Dec 08 09:52:31 osboxes systemd[1]: Reached target Local File Systems (Pre).
Dec 08 09:52:31 osboxes systemd[1]: Starting File System Check on /dev/disk/by-uuid/c6a89876-9de2-4bcd-aead-21c3af8d045d...
Dec 08 09:52:31 osboxes systemd[1]: Starting File System Check on /dev/disk/by-uuid/bc3ea64b-f31e-4e7f-bec7-b40c404def9b...
Dec 08 09:52:31 osboxes systemd[1]: Started File System Check Daemon to report status.
Dec 08 09:52:31 osboxes systemd-fsck[367]: /dev/sda2: clean, 341/305216 files, 55233/1220608 blocks
Dec 08 09:52:31 osboxes systemd[1]: Started File System Check on /dev/disk/by-uuid/c6a89876-9de2-4bcd-aead-21c3af8d045d.
Dec 08 09:52:31 osboxes systemd[1]: Mounting /boot...
Dec 08 09:52:31 osboxes systemd-fsck[368]: /dev/sda4: clean, 156/6356992 files, 548210/25402368 blocks
Dec 08 09:52:31 osboxes systemd[1]: Mounted /boot.
Dec 08 09:52:31 osboxes kernel: EXT4-fs (sda2): mounted filesystem with ordered data mode. Opts: (null)
Dec 08 09:52:31 osboxes systemd[1]: Started File System Check on /dev/disk/by-uuid/bc3ea64b-f31e-4e7f-bec7-b40c404def9b.
Dec 08 09:52:31 osboxes systemd[1]: Mounting /home...
Dec 08 09:52:31 osboxes systemd[1]: Mounted /home.
Dec 08 09:52:31 osboxes systemd[1]: Reached target Local File Systems.
Dec 08 09:52:31 osboxes systemd[1]: Starting Set console font and keymap...
Dec 08 09:52:31 osboxes systemd[1]: Starting Create Volatile Files and Directories...
Dec 08 09:52:31 osboxes kernel: EXT4-fs (sda4): mounted filesystem with ordered data mode. Opts: (null)
Dec 08 09:52:31 osboxes systemd[1]: Starting Raise network interfaces...
Dec 08 09:52:31 osboxes systemd[1]: Started Set console font and keymap.
Dec 08 09:52:31 osboxes systemd[1]: Started Create Volatile Files and Directories.
Dec 08 09:52:31 osboxes systemd[1]: Reached target System Time Synchronized.
Dec 08 09:52:31 osboxes systemd[1]: Starting Update UTMP about System Boot/Shutdown...
Dec 08 09:52:31 osboxes systemd[1]: Started Update UTMP about System Boot/Shutdown.
Dec 08 09:52:31 osboxes systemd[1]: Reached target System Initialization.
Dec 08 09:52:31 osboxes systemd[1]: Started Daily Cleanup of Temporary Directories.
Dec 08 09:52:31 osboxes systemd[1]: Listening on CUPS Scheduler.
Dec 08 09:52:31 osboxes systemd[1]: Started CUPS Scheduler.
Dec 08 09:52:31 osboxes systemd[1]: Reached target Paths.
Dec 08 09:52:31 osboxes systemd[1]: Listening on Avahi mDNS/DNS-SD Stack Activation Socket.
Dec 08 09:52:31 osboxes systemd[1]: apt-daily.timer: Adding 5h 1min 39.322930s random time.
Dec 08 09:52:31 osboxes systemd[1]: Started Daily apt download activities.
Dec 08 09:52:31 osboxes systemd[1]: apt-daily-upgrade.timer: Adding 47min 4.005040s random time.
Dec 08 09:52:31 osboxes systemd[1]: Started Daily apt upgrade and clean activities.
Dec 08 09:52:31 osboxes systemd[1]: anacron.timer: Adding 3min 59.107541s random time.
Dec 08 09:52:31 osboxes systemd[1]: Started Trigger anacron every hour.
Dec 08 09:52:31 osboxes systemd[1]: Reached target Timers.
Dec 08 09:52:31 osboxes systemd[1]: Listening on D-Bus System Message Bus Socket.
Dec 08 09:52:31 osboxes systemd[1]: Reached target Sockets.
Dec 08 09:52:31 osboxes systemd[1]: Reached target Basic System.
Dec 08 09:52:31 osboxes systemd[1]: Started D-Bus System Message Bus.
Dec 08 09:52:31 osboxes systemd[1]: Starting LSB: Speech Dispatcher...
Dec 08 09:52:31 osboxes systemd[1]: Starting Restore /etc/resolv.conf if the system crashed before the ppp link was shut down...
Dec 08 09:52:31 osboxes systemd[1]: Starting System Logging Service...
Dec 08 09:52:31 osboxes systemd[1]: Started Run anacron jobs.
Dec 08 09:52:31 osboxes systemd[1]: anacron.timer: Adding 1min 26.394511s random time.
Dec 08 09:52:31 osboxes systemd[1]: anacron.timer: Adding 4min 13.927232s random time.
Dec 08 09:52:31 osboxes anacron[425]: Anacron 2.3 started on 2017-12-08
Dec 08 09:52:31 osboxes anacron[425]: Will run job `cron.daily' in 5 min.
Dec 08 09:52:31 osboxes anacron[425]: Jobs will be executed sequentially
Dec 08 09:52:31 osboxes systemd[1]: Started irqbalance daemon.
Dec 08 09:52:31 osboxes systemd[1]: Started Regular background program processing daemon.
Dec 08 09:52:31 osboxes systemd[1]: Starting Save/Restore Sound Card State...
Dec 08 09:52:31 osboxes systemd[1]: Starting vboxadd.service...
Dec 08 09:52:31 osboxes systemd[1]: Reached target Login Prompts.
Dec 08 09:52:31 osboxes systemd[1]: Starting vboxadd-x11.service...
Dec 08 09:52:31 osboxes systemd[1]: Starting RealtimeKit Scheduling Policy Service...
Dec 08 09:52:31 osboxes liblogging-stdlog[424]:  [origin software="rsyslogd" swVersion="8.24.0" x-pid="424" x-info="http://www.rsyslog.com"] start
Dec 08 09:52:31 osboxes systemd[1]: Started CUPS Scheduler.
Dec 08 09:52:31 osboxes systemd[1]: Starting Avahi mDNS/DNS-SD Stack...
Dec 08 09:52:31 osboxes systemd[1]: Starting Network Manager...
Dec 08 09:52:31 osboxes systemd[1]: Starting Modem Manager...
Dec 08 09:52:31 osboxes systemd[1]: Starting Accounts Service...
Dec 08 09:52:31 osboxes systemd[1]: Starting Login Service...
Dec 08 09:52:31 osboxes rtkit-daemon[436]: Successfully called chroot.
Dec 08 09:52:31 osboxes rtkit-daemon[436]: Successfully dropped privileges.
Dec 08 09:52:31 osboxes rtkit-daemon[436]: Successfully limited resources.
Dec 08 09:52:31 osboxes rtkit-daemon[436]: Running.
Dec 08 09:52:31 osboxes systemd[1]: Started System Logging Service.
Dec 08 09:52:31 osboxes rtkit-daemon[436]: Canary thread running.
Dec 08 09:52:31 osboxes rtkit-daemon[436]: Watchdog thread running.
Dec 08 09:52:31 osboxes systemd[1]: Started Restore /etc/resolv.conf if the system crashed before the ppp link was shut down.
Dec 08 09:52:31 osboxes systemd[1]: Started Save/Restore Sound Card State.
Dec 08 09:52:31 osboxes systemd[1]: Started RealtimeKit Scheduling Policy Service.
Dec 08 09:52:31 osboxes cron[432]: (CRON) INFO (pidfile fd = 3)
Dec 08 09:52:31 osboxes cron[432]: (CRON) INFO (Running @reboot jobs)
Dec 08 09:52:31 osboxes systemd[1]: Started Raise network interfaces.
Dec 08 09:52:31 osboxes avahi-daemon[441]: Found user 'avahi' (UID 113) and group 'avahi' (GID 120).
Dec 08 09:52:31 osboxes avahi-daemon[441]: Successfully dropped root privileges.
Dec 08 09:52:31 osboxes avahi-daemon[441]: avahi-daemon 0.6.32 starting up.
Dec 08 09:52:31 osboxes systemd[1]: Started Avahi mDNS/DNS-SD Stack.
Dec 08 09:52:31 osboxes systemd[1]: Started Make remote CUPS printers available locally.
Dec 08 09:52:31 osboxes avahi-daemon[441]: Successfully called chroot().
Dec 08 09:52:31 osboxes avahi-daemon[441]: Successfully dropped remaining capabilities.
Dec 08 09:52:31 osboxes avahi-daemon[475]: chroot.c: open() failed: No such file or directory
Dec 08 09:52:31 osboxes avahi-daemon[441]: Failed to open /etc/resolv.conf: Invalid argument
Dec 08 09:52:31 osboxes avahi-daemon[441]: No service file found in /etc/avahi/services.
Dec 08 09:52:31 osboxes avahi-daemon[441]: Network interface enumeration completed.
Dec 08 09:52:31 osboxes avahi-daemon[441]: Server startup complete. Host name is osboxes.local. Local service cookie is 2170621208.
Dec 08 09:52:31 osboxes ModemManager[443]: <info>  ModemManager (version 1.6.4) starting in system bus...
Dec 08 09:52:31 osboxes dbus[417]: [system] Activating via systemd: service name='org.freedesktop.PolicyKit1' unit='polkit.service'
Dec 08 09:52:31 osboxes systemd[1]: Starting Authorization Manager...
Dec 08 09:52:31 osboxes NetworkManager[442]: <info>  [1512744751.6573] NetworkManager (version 1.6.2) is starting...
Dec 08 09:52:31 osboxes NetworkManager[442]: <info>  [1512744751.6578] Read config: /etc/NetworkManager/NetworkManager.conf
Dec 08 09:52:31 osboxes NetworkManager[442]: <info>  [1512744751.6615] manager[0x55d55d5b2040]: monitoring kernel firmware directory '/lib/firmware'.
Dec 08 09:52:31 osboxes NetworkManager[442]: <info>  [1512744751.6615] monitoring ifupdown state file '/run/network/ifstate'.
Dec 08 09:52:31 osboxes NetworkManager[442]: <info>  [1512744751.6636] dns-mgr[0x55d55d5a6180]: init: dns=default, rc-manager=resolvconf
Dec 08 09:52:31 osboxes systemd[1]: Started Network Manager.
Dec 08 09:52:31 osboxes systemd[1]: Starting Network Manager Wait Online...
Dec 08 09:52:31 osboxes systemd[1]: Reached target Network.
Dec 08 09:52:31 osboxes systemd[1]: Started Unattended Upgrades Shutdown.
Dec 08 09:52:31 osboxes systemd[1]: Starting OpenBSD Secure Shell server...
Dec 08 09:52:31 osboxes systemd[1]: Started strongSwan IPsec IKEv1/IKEv2 daemon using ipsec.conf.
Dec 08 09:52:31 osboxes dbus[417]: [system] Activating via systemd: service name='org.freedesktop.nm_dispatcher' unit='dbus-org.freedesktop.nm-dispatcher.service'
Dec 08 09:52:31 osboxes systemd[1]: Starting Permit User Sessions...
Dec 08 09:52:31 osboxes systemd[1]: Starting Network Manager Script Dispatcher Service...
Dec 08 09:52:31 osboxes dbus[417]: [system] Successfully activated service 'org.freedesktop.nm_dispatcher'
Dec 08 09:52:31 osboxes systemd[1]: Started Network Manager Script Dispatcher Service.
Dec 08 09:52:31 osboxes NetworkManager[442]: <info>  [1512744751.6828] init!
Dec 08 09:52:31 osboxes NetworkManager[442]: <info>  [1512744751.6830]       interface-parser: parsing file /etc/network/interfaces
Dec 08 09:52:31 osboxes NetworkManager[442]: <info>  [1512744751.6830]       interface-parser: source line includes interfaces file(s) /etc/network/interfaces.d/*
Dec 08 09:52:31 osboxes NetworkManager[442]: <warn>  [1512744751.6830] interfaces file /etc/network/interfaces.d/* doesn't exist
Dec 08 09:52:31 osboxes NetworkManager[442]: <info>  [1512744751.6830]       interface-parser: finished parsing file /etc/network/interfaces
Dec 08 09:52:31 osboxes NetworkManager[442]: <info>  [1512744751.6831] management mode: unmanaged
Dec 08 09:52:31 osboxes NetworkManager[442]: <info>  [1512744751.6834] devices added (path: /sys/devices/pci0000:00/0000:00:03.0/net/enp0s3, iface: enp0s3)
Dec 08 09:52:31 osboxes NetworkManager[442]: <info>  [1512744751.6834] device added (path: /sys/devices/pci0000:00/0000:00:03.0/net/enp0s3, iface: enp0s3): no ifupdown configuration found.
Dec 08 09:52:31 osboxes NetworkManager[442]: <info>  [1512744751.6834] devices added (path: /sys/devices/pci0000:00/0000:00:08.0/net/enp0s8, iface: enp0s8)
Dec 08 09:52:31 osboxes NetworkManager[442]: <info>  [1512744751.6834] device added (path: /sys/devices/pci0000:00/0000:00:08.0/net/enp0s8, iface: enp0s8): no ifupdown configuration found.
Dec 08 09:52:31 osboxes NetworkManager[442]: <info>  [1512744751.6834] devices added (path: /sys/devices/pci0000:00/0000:00:09.0/net/enp0s9, iface: enp0s9)
Dec 08 09:52:31 osboxes dbus[417]: [system] Activating via systemd: service name='org.freedesktop.hostname1' unit='dbus-org.freedesktop.hostname1.service'
Dec 08 09:52:31 osboxes NetworkManager[442]: <info>  [1512744751.6834] device added (path: /sys/devices/pci0000:00/0000:00:09.0/net/enp0s9, iface: enp0s9): no ifupdown configuration found.
Dec 08 09:52:31 osboxes NetworkManager[442]: <info>  [1512744751.6834] devices added (path: /sys/devices/virtual/net/lo, iface: lo)
Dec 08 09:52:31 osboxes NetworkManager[442]: <info>  [1512744751.6834] device added (path: /sys/devices/virtual/net/lo, iface: lo): no ifupdown configuration found.
Dec 08 09:52:31 osboxes NetworkManager[442]: <info>  [1512744751.6834] end _init.
Dec 08 09:52:31 osboxes NetworkManager[442]: <info>  [1512744751.6835] settings: loaded plugin ifupdown: (C) 2008 Canonical Ltd.  To report bugs please use the NetworkManager mailing list. (/usr/lib/x86_64-linux-gnu/NetworkManager/libnm-settings-plugin-ifupdown.so)
Dec 08 09:52:31 osboxes NetworkManager[442]: <info>  [1512744751.6835] settings: loaded plugin keyfile: (c) 2007 - 2016 Red Hat, Inc.  To report bugs please use the NetworkManager mailing list.
Dec 08 09:52:31 osboxes NetworkManager[442]: <info>  [1512744751.6835] (1566400384) ... get_connections.
Dec 08 09:52:31 osboxes NetworkManager[442]: <info>  [1512744751.6835] (1566400384) ... get_connections (managed=false): return empty list.
Dec 08 09:52:31 osboxes NetworkManager[442]: <info>  [1512744751.6838] get unmanaged devices count: 0
Dec 08 09:52:31 osboxes systemd[1]: Starting Hostname Service...
Dec 08 09:52:31 osboxes kernel: random: crng init done
Dec 08 09:52:31 osboxes systemd[1]: Started Permit User Sessions.
Dec 08 09:52:31 osboxes systemd[1]: Starting GNOME Display Manager...
Dec 08 09:52:31 osboxes polkitd[481]: started daemon version 0.105 using authority implementation `local' version `0.105'
Dec 08 09:52:31 osboxes vboxadd[434]: vboxadd.sh: Starting the VirtualBox Guest Additions.
Dec 08 09:52:31 osboxes dbus[417]: [system] Successfully activated service 'org.freedesktop.PolicyKit1'
Dec 08 09:52:31 osboxes accounts-daemon[444]: started daemon version 0.6.43
Dec 08 09:52:31 osboxes systemd[1]: Started Authorization Manager.
Dec 08 09:52:31 osboxes systemd[1]: Started Accounts Service.
Dec 08 09:52:31 osboxes sshd[486]: Server listening on 0.0.0.0 port 22.
Dec 08 09:52:31 osboxes sshd[486]: Server listening on :: port 22.
Dec 08 09:52:31 osboxes systemd[1]: Started OpenBSD Secure Shell server.
Dec 08 09:52:31 osboxes systemd[1]: Started Modem Manager.
Dec 08 09:52:31 osboxes ipsec[487]: Starting weakSwan 5.5.1 IPsec [starter]...
Dec 08 09:52:31 osboxes ipsec_starter[487]: Starting weakSwan 5.5.1 IPsec [starter]...
Dec 08 09:52:31 osboxes kernel: NET: Registered protocol family 15
Dec 08 09:52:31 osboxes vboxadd.sh[508]: Starting the VirtualBox Guest Additions.
Dec 08 09:52:31 osboxes systemd[1]: Started GNOME Display Manager.
Dec 08 09:52:31 osboxes dbus[417]: [system] Successfully activated service 'org.freedesktop.hostname1'
Dec 08 09:52:31 osboxes systemd[1]: Started Hostname Service.
Dec 08 09:52:31 osboxes NetworkManager[442]: <info>  [1512744751.8234] settings: hostname: using hostnamed
Dec 08 09:52:31 osboxes NetworkManager[442]: <info>  [1512744751.8235] settings: hostname changed from (none) to "osboxes"
Dec 08 09:52:31 osboxes nm-dispatcher[489]: req:1 'hostname': new request (1 scripts)
Dec 08 09:52:31 osboxes nm-dispatcher[489]: req:1 'hostname': start running ordered scripts...
Dec 08 09:52:31 osboxes dbus[417]: [system] Activating via systemd: service name='org.freedesktop.login1' unit='dbus-org.freedesktop.login1.service'
Dec 08 09:52:31 osboxes NetworkManager[442]: <info>  [1512744751.8589] dhcp-init: Using DHCP client 'dhclient'
Dec 08 09:52:31 osboxes NetworkManager[442]: <info>  [1512744751.8589] manager: WiFi enabled by radio killswitch; enabled by state file
Dec 08 09:52:31 osboxes NetworkManager[442]: <info>  [1512744751.8590] manager: WWAN enabled by radio killswitch; enabled by state file
Dec 08 09:52:31 osboxes NetworkManager[442]: <info>  [1512744751.8590] manager: Networking is enabled by state file
Dec 08 09:52:31 osboxes NetworkManager[442]: <info>  [1512744751.8595] Loaded device plugin: NMBondDeviceFactory (internal)
Dec 08 09:52:31 osboxes NetworkManager[442]: <info>  [1512744751.8595] Loaded device plugin: NMBridgeDeviceFactory (internal)
Dec 08 09:52:31 osboxes NetworkManager[442]: <info>  [1512744751.8595] Loaded device plugin: NMEthernetDeviceFactory (internal)
Dec 08 09:52:31 osboxes NetworkManager[442]: <info>  [1512744751.8595] Loaded device plugin: NMInfinibandDeviceFactory (internal)
Dec 08 09:52:31 osboxes NetworkManager[442]: <info>  [1512744751.8595] Loaded device plugin: NMIPTunnelDeviceFactory (internal)
Dec 08 09:52:31 osboxes NetworkManager[442]: <info>  [1512744751.8595] Loaded device plugin: NMMacsecDeviceFactory (internal)
Dec 08 09:52:31 osboxes NetworkManager[442]: <info>  [1512744751.8596] Loaded device plugin: NMMacvlanDeviceFactory (internal)
Dec 08 09:52:31 osboxes NetworkManager[442]: <info>  [1512744751.8596] Loaded device plugin: NMTunDeviceFactory (internal)
Dec 08 09:52:31 osboxes NetworkManager[442]: <info>  [1512744751.8596] Loaded device plugin: NMVethDeviceFactory (internal)
Dec 08 09:52:31 osboxes NetworkManager[442]: <info>  [1512744751.8596] Loaded device plugin: NMVlanDeviceFactory (internal)
Dec 08 09:52:31 osboxes NetworkManager[442]: <info>  [1512744751.8596] Loaded device plugin: NMVxlanDeviceFactory (internal)
Dec 08 09:52:31 osboxes NetworkManager[442]: <info>  [1512744751.8609] Loaded device plugin: NMAtmManager (/usr/lib/x86_64-linux-gnu/NetworkManager/libnm-device-plugin-adsl.so)
Dec 08 09:52:31 osboxes NetworkManager[442]: <info>  [1512744751.8631] Loaded device plugin: NMTeamFactory (/usr/lib/x86_64-linux-gnu/NetworkManager/libnm-device-plugin-team.so)
Dec 08 09:52:31 osboxes vboxadd.sh[540]: Building the VirtualBox Guest Additions kernel modules.
Dec 08 09:52:31 osboxes NetworkManager[442]: <info>  [1512744751.8649] Loaded device plugin: NMWifiFactory (/usr/lib/x86_64-linux-gnu/NetworkManager/libnm-device-plugin-wifi.so)
Dec 08 09:52:31 osboxes vboxadd.sh[541]: Building the main Guest Additions module.
Dec 08 09:52:31 osboxes NetworkManager[442]: <info>  [1512744751.8675] Loaded device plugin: NMWwanFactory (/usr/lib/x86_64-linux-gnu/NetworkManager/libnm-device-plugin-wwan.so)
Dec 08 09:52:31 osboxes NetworkManager[442]: <info>  [1512744751.8703] Loaded device plugin: NMBluezManager (/usr/lib/x86_64-linux-gnu/NetworkManager/libnm-device-plugin-bluetooth.so)
Dec 08 09:52:31 osboxes NetworkManager[442]: <info>  [1512744751.8720] device (lo): link connected
Dec 08 09:52:31 osboxes NetworkManager[442]: <info>  [1512744751.8725] manager: (lo): new Generic device (/org/freedesktop/NetworkManager/Devices/1)
Dec 08 09:52:31 osboxes NetworkManager[442]: <info>  [1512744751.8742] manager: (enp0s3): new Ethernet device (/org/freedesktop/NetworkManager/Devices/2)
Dec 08 09:52:31 osboxes NetworkManager[442]: <info>  [1512744751.8752] keyfile: add connection in-memory (1678a5a0-23a9-3d10-add8-45d91d31a2ff,"Wired connection 1")
Dec 08 09:52:31 osboxes NetworkManager[442]: <info>  [1512744751.8761] settings: (enp0s3): created default wired connection 'Wired connection 1'
Dec 08 09:52:31 osboxes NetworkManager[442]: <info>  [1512744751.8770] device (enp0s3): state change: unmanaged -> unavailable (reason 'managed') [10 20 2]
Dec 08 09:52:31 osboxes kernel: IPv6: ADDRCONF(NETDEV_UP): enp0s3: link is not ready
Dec 08 09:52:31 osboxes NetworkManager[442]: <info>  [1512744751.8809] manager: (enp0s8): new Ethernet device (/org/freedesktop/NetworkManager/Devices/3)
Dec 08 09:52:31 osboxes NetworkManager[442]: <info>  [1512744751.8816] keyfile: add connection in-memory (d25d0d6d-cf78-3b67-bd48-49b3350c1dca,"Wired connection 2")
Dec 08 09:52:31 osboxes NetworkManager[442]: <info>  [1512744751.8820] settings: (enp0s8): created default wired connection 'Wired connection 2'
Dec 08 09:52:31 osboxes NetworkManager[442]: <info>  [1512744751.8824] device (enp0s8): state change: unmanaged -> unavailable (reason 'managed') [10 20 2]
Dec 08 09:52:31 osboxes kernel: IPv6: ADDRCONF(NETDEV_UP): enp0s3: link is not ready
Dec 08 09:52:31 osboxes kernel: e1000: enp0s3 NIC Link is Up 1000 Mbps Full Duplex, Flow Control: RX
Dec 08 09:52:31 osboxes kernel: IPv6: ADDRCONF(NETDEV_CHANGE): enp0s3: link becomes ready
Dec 08 09:52:31 osboxes kernel: IPv6: ADDRCONF(NETDEV_UP): enp0s8: link is not ready
Dec 08 09:52:31 osboxes kernel: IPv6: ADDRCONF(NETDEV_UP): enp0s8: link is not ready
Dec 08 09:52:31 osboxes NetworkManager[442]: <info>  [1512744751.8871] manager: (enp0s9): new Ethernet device (/org/freedesktop/NetworkManager/Devices/4)
Dec 08 09:52:31 osboxes NetworkManager[442]: <info>  [1512744751.8878] keyfile: add connection in-memory (4d7770f6-342a-333d-9fca-e90e3c8374f0,"Wired connection 3")
Dec 08 09:52:31 osboxes NetworkManager[442]: <info>  [1512744751.8880] settings: (enp0s9): created default wired connection 'Wired connection 3'
Dec 08 09:52:31 osboxes NetworkManager[442]: <info>  [1512744751.8885] device (enp0s9): state change: unmanaged -> unavailable (reason 'managed') [10 20 2]
Dec 08 09:52:31 osboxes kernel: IPv6: ADDRCONF(NETDEV_UP): enp0s9: link is not ready
Dec 08 09:52:31 osboxes kernel: IPv6: ADDRCONF(NETDEV_UP): enp0s9: link is not ready
Dec 08 09:52:31 osboxes kernel: e1000: enp0s8 NIC Link is Up 1000 Mbps Full Duplex, Flow Control: RX
Dec 08 09:52:31 osboxes kernel: IPv6: ADDRCONF(NETDEV_CHANGE): enp0s8: link becomes ready
Dec 08 09:52:31 osboxes NetworkManager[442]: <info>  [1512744751.8975] device (enp0s3): link connected
Dec 08 09:52:31 osboxes NetworkManager[442]: <info>  [1512744751.8982] device (enp0s8): link connected
Dec 08 09:52:31 osboxes NetworkManager[442]: <info>  [1512744751.8992] device (enp0s3): state change: unavailable -> disconnected (reason 'carrier-changed') [20 30 40]
Dec 08 09:52:31 osboxes NetworkManager[442]: <info>  [1512744751.9008] device (enp0s8): state change: unavailable -> disconnected (reason 'carrier-changed') [20 30 40]
Dec 08 09:52:31 osboxes kernel: e1000: enp0s9 NIC Link is Up 1000 Mbps Full Duplex, Flow Control: RX
Dec 08 09:52:31 osboxes kernel: IPv6: ADDRCONF(NETDEV_CHANGE): enp0s9: link becomes ready
Dec 08 09:52:31 osboxes kernel: Initializing XFRM netlink socket
Dec 08 09:52:31 osboxes speech-dispatcher[422]: speech-dispatcher disabled; edit /etc/default/speech-dispatcher.
Dec 08 09:52:31 osboxes systemd[1]: Started LSB: Speech Dispatcher.
Dec 08 09:52:31 osboxes NetworkManager[442]: <info>  [1512744751.9092] ModemManager available in the bus
Dec 08 09:52:31 osboxes NetworkManager[442]: <info>  [1512744751.9094] device (enp0s9): link connected
Dec 08 09:52:31 osboxes NetworkManager[442]: <info>  [1512744751.9096] policy: auto-activating connection 'Wired connection 1'
Dec 08 09:52:31 osboxes NetworkManager[442]: <info>  [1512744751.9104] policy: auto-activating connection 'Wired connection 2'
Dec 08 09:52:31 osboxes NetworkManager[442]: <info>  [1512744751.9114] device (enp0s9): state change: unavailable -> disconnected (reason 'carrier-changed') [20 30 40]
Dec 08 09:52:31 osboxes NetworkManager[442]: <info>  [1512744751.9135] policy: auto-activating connection 'Wired connection 3'
Dec 08 09:52:31 osboxes NetworkManager[442]: <info>  [1512744751.9142] device (enp0s3): Activation: starting connection 'Wired connection 1' (1678a5a0-23a9-3d10-add8-45d91d31a2ff)
Dec 08 09:52:31 osboxes NetworkManager[442]: <info>  [1512744751.9148] device (enp0s8): Activation: starting connection 'Wired connection 2' (d25d0d6d-cf78-3b67-bd48-49b3350c1dca)
Dec 08 09:52:31 osboxes NetworkManager[442]: <info>  [1512744751.9150] device (enp0s3): state change: disconnected -> prepare (reason 'none') [30 40 0]
Dec 08 09:52:31 osboxes NetworkManager[442]: <info>  [1512744751.9150] manager: NetworkManager state is now CONNECTING
Dec 08 09:52:31 osboxes NetworkManager[442]: <info>  [1512744751.9151] device (enp0s8): state change: disconnected -> prepare (reason 'none') [30 40 0]
Dec 08 09:52:31 osboxes NetworkManager[442]: <info>  [1512744751.9162] device (enp0s9): Activation: starting connection 'Wired connection 3' (4d7770f6-342a-333d-9fca-e90e3c8374f0)
Dec 08 09:52:31 osboxes NetworkManager[442]: <info>  [1512744751.9164] device (enp0s3): state change: prepare -> config (reason 'none') [40 50 0]
Dec 08 09:52:31 osboxes NetworkManager[442]: <info>  [1512744751.9173] device (enp0s8): state change: prepare -> config (reason 'none') [40 50 0]
Dec 08 09:52:31 osboxes NetworkManager[442]: <info>  [1512744751.9187] device (enp0s9): state change: disconnected -> prepare (reason 'none') [30 40 0]
Dec 08 09:52:31 osboxes NetworkManager[442]: <info>  [1512744751.9190] device (enp0s9): state change: prepare -> config (reason 'none') [40 50 0]
Dec 08 09:52:31 osboxes NetworkManager[442]: <info>  [1512744751.9201] device (enp0s3): state change: config -> ip-config (reason 'none') [50 70 0]
Dec 08 09:52:31 osboxes NetworkManager[442]: <info>  [1512744751.9210] dhcp4 (enp0s3): activation: beginning transaction (timeout in 45 seconds)
Dec 08 09:52:31 osboxes charon[552]: 00[DMN] Starting IKE charon daemon (strongSwan 5.5.1, Linux 4.9.0-4-amd64, x86_64)
Dec 08 09:52:31 osboxes NetworkManager[442]: <info>  [1512744751.9389] dhcp4 (enp0s3): dhclient started with pid 555
Dec 08 09:52:31 osboxes dbus[417]: [system] Successfully activated service 'org.freedesktop.login1'
Dec 08 09:52:31 osboxes systemd[1]: Started Login Service.
Dec 08 09:52:31 osboxes systemd-logind[445]: Watching system buttons on /dev/input/event3 (Power Button)
Dec 08 09:52:31 osboxes systemd-logind[445]: Watching system buttons on /dev/input/event4 (Sleep Button)
Dec 08 09:52:31 osboxes systemd-logind[445]: Watching system buttons on /dev/input/event5 (Video Bus)
Dec 08 09:52:31 osboxes systemd-logind[445]: New seat seat0.
Dec 08 09:52:31 osboxes NetworkManager[442]: <info>  [1512744751.9747] device (enp0s8): state change: config -> ip-config (reason 'none') [50 70 0]
Dec 08 09:52:31 osboxes NetworkManager[442]: <info>  [1512744751.9753] dhcp4 (enp0s8): activation: beginning transaction (timeout in 45 seconds)
Dec 08 09:52:31 osboxes NetworkManager[442]: <info>  [1512744751.9811] dhcp4 (enp0s8): dhclient started with pid 560
Dec 08 09:52:31 osboxes NetworkManager[442]: <info>  [1512744751.9860] device (enp0s9): state change: config -> ip-config (reason 'none') [50 70 0]
Dec 08 09:52:31 osboxes NetworkManager[442]: <info>  [1512744751.9864] dhcp4 (enp0s9): activation: beginning transaction (timeout in 45 seconds)
Dec 08 09:52:31 osboxes NetworkManager[442]: <info>  [1512744751.9919] dhcp4 (enp0s9): dhclient started with pid 562
Dec 08 09:52:32 osboxes charon[552]: 00[CFG] loading ca certificates from '/etc/ipsec.d/cacerts'
Dec 08 09:52:32 osboxes charon[552]: 00[CFG] loading aa certificates from '/etc/ipsec.d/aacerts'
Dec 08 09:52:32 osboxes charon[552]: 00[CFG] loading ocsp signer certificates from '/etc/ipsec.d/ocspcerts'
Dec 08 09:52:32 osboxes charon[552]: 00[CFG] loading attribute certificates from '/etc/ipsec.d/acerts'
Dec 08 09:52:32 osboxes charon[552]: 00[CFG] loading crls from '/etc/ipsec.d/crls'
Dec 08 09:52:32 osboxes charon[552]: 00[CFG] loading secrets from '/etc/ipsec.secrets'
Dec 08 09:52:32 osboxes charon[552]: 00[CFG]   loaded IKE secret for 192.168.0.1 192.168.0.100
Dec 08 09:52:32 osboxes charon[552]: 00[LIB] loaded plugins: charon aesni aes rc2 sha2 sha1 md5 random nonce x509 revocation constraints pubkey pkcs1 pkcs7 pkcs8 pkcs12 pgp dnskey sshkey pem openssl fips-prf gmp agent xcbc hmac gcm attr kernel-netlink resolve socket-default connmark stroke updown
Dec 08 09:52:32 osboxes charon[552]: 00[LIB] dropped capabilities, running as uid 0, gid 0
Dec 08 09:52:32 osboxes charon[552]: 00[JOB] spawning 16 worker threads
Dec 08 09:52:32 osboxes ipsec[487]: charon (552) started after 120 ms
Dec 08 09:52:32 osboxes ipsec_starter[487]: charon (552) started after 120 ms
Dec 08 09:52:32 osboxes charon[552]: 05[CFG] received stroke: add connection 'rw-carol'
Dec 08 09:52:32 osboxes charon[552]: 05[CFG] left nor right host is our side, assuming left=local
Dec 08 09:52:32 osboxes charon[552]: 05[CFG] added configuration 'rw-carol'
Dec 08 09:52:32 osboxes dhclient[555]: DHCPDISCOVER on enp0s3 to 255.255.255.255 port 67 interval 7
Dec 08 09:52:32 osboxes dhclient[560]: DHCPDISCOVER on enp0s8 to 255.255.255.255 port 67 interval 4
Dec 08 09:52:32 osboxes dhclient[560]: DHCPREQUEST of 10.1.0.2 on enp0s8 to 255.255.255.255 port 67
Dec 08 09:52:32 osboxes dhclient[560]: DHCPOFFER of 10.1.0.2 from 10.1.0.1
Dec 08 09:52:32 osboxes dhclient[560]: DHCPACK of 10.1.0.2 from 10.1.0.1
Dec 08 09:52:32 osboxes dhclient[555]: DHCPREQUEST of 192.168.0.101 on enp0s3 to 255.255.255.255 port 67
Dec 08 09:52:32 osboxes dhclient[555]: DHCPOFFER of 192.168.0.101 from 192.168.0.10
Dec 08 09:52:32 osboxes dhclient[555]: DHCPACK of 192.168.0.101 from 192.168.0.10
Dec 08 09:52:32 osboxes NetworkManager[442]: <info>  [1512744752.0641] dhcp4 (enp0s3):   address 192.168.0.101
Dec 08 09:52:32 osboxes avahi-daemon[441]: Joining mDNS multicast group on interface enp0s3.IPv4 with address 192.168.0.101.
Dec 08 09:52:32 osboxes NetworkManager[442]: <info>  [1512744752.0642] dhcp4 (enp0s3):   plen 24 (255.255.255.0)
Dec 08 09:52:32 osboxes charon[552]: 07[KNL] 192.168.0.101 appeared on enp0s3
Dec 08 09:52:32 osboxes NetworkManager[442]: <info>  [1512744752.0642] dhcp4 (enp0s3):   server identifier 192.168.0.10
Dec 08 09:52:32 osboxes avahi-daemon[441]: New relevant interface enp0s3.IPv4 for mDNS.
Dec 08 09:52:32 osboxes NetworkManager[442]: <info>  [1512744752.0642] dhcp4 (enp0s3):   lease time 1200
Dec 08 09:52:32 osboxes avahi-daemon[441]: Registering new address record for 192.168.0.101 on enp0s3.IPv4.
Dec 08 09:52:32 osboxes NetworkManager[442]: <info>  [1512744752.0642] dhcp4 (enp0s3): state changed unknown -> bound
Dec 08 09:52:32 osboxes NetworkManager[442]: <info>  [1512744752.0652] device (enp0s3): state change: ip-config -> ip-check (reason 'none') [70 80 0]
Dec 08 09:52:32 osboxes NetworkManager[442]: <info>  [1512744752.0656] device (enp0s3): state change: ip-check -> secondaries (reason 'none') [80 90 0]
Dec 08 09:52:32 osboxes NetworkManager[442]: <info>  [1512744752.0657] device (enp0s3): state change: secondaries -> activated (reason 'none') [90 100 0]
Dec 08 09:52:32 osboxes dhclient[555]: bound to 192.168.0.101 -- renewal in 527 seconds.
Dec 08 09:52:32 osboxes NetworkManager[442]: <info>  [1512744752.0771] device (enp0s3): Activation: successful, device activated.
Dec 08 09:52:32 osboxes vboxadd[434]: vboxadd.sh: failed: Look at /var/log/vboxadd-install.log to find out what went wrong.
Dec 08 09:52:32 osboxes NetworkManager[442]: <info>  [1512744752.0778] dhcp4 (enp0s8):   address 10.1.0.2
Dec 08 09:52:32 osboxes NetworkManager[442]: <info>  [1512744752.0778] dhcp4 (enp0s8):   plen 16 (255.255.0.0)
Dec 08 09:52:32 osboxes NetworkManager[442]: <info>  [1512744752.0778] dhcp4 (enp0s8):   server identifier 10.1.0.1
Dec 08 09:52:32 osboxes NetworkManager[442]: <info>  [1512744752.0778] dhcp4 (enp0s8):   lease time 1200
Dec 08 09:52:32 osboxes NetworkManager[442]: <info>  [1512744752.0778] dhcp4 (enp0s8): state changed unknown -> bound
Dec 08 09:52:32 osboxes NetworkManager[442]: <info>  [1512744752.0784] device (enp0s8): state change: ip-config -> ip-check (reason 'none') [70 80 0]
Dec 08 09:52:32 osboxes NetworkManager[442]: <info>  [1512744752.0787] device (enp0s8): state change: ip-check -> secondaries (reason 'none') [80 90 0]
Dec 08 09:52:32 osboxes NetworkManager[442]: <info>  [1512744752.0788] device (enp0s8): state change: secondaries -> activated (reason 'none') [90 100 0]
Dec 08 09:52:32 osboxes avahi-daemon[441]: Joining mDNS multicast group on interface enp0s8.IPv4 with address 10.1.0.2.
Dec 08 09:52:32 osboxes vboxadd.sh[600]: Look at /var/log/vboxadd-install.log to find out what went wrong.
Dec 08 09:52:32 osboxes avahi-daemon[441]: New relevant interface enp0s8.IPv4 for mDNS.
Dec 08 09:52:32 osboxes avahi-daemon[441]: Registering new address record for 10.1.0.2 on enp0s8.IPv4.
Dec 08 09:52:32 osboxes dhclient[562]: DHCPREQUEST of 10.0.4.15 on enp0s9 to 255.255.255.255 port 67
Dec 08 09:52:32 osboxes charon[552]: 14[KNL] 10.1.0.2 appeared on enp0s8
Dec 08 09:52:32 osboxes vboxadd.sh[601]: Doing non-kernel setup of the Guest Additions.
Dec 08 09:52:32 osboxes nm-dispatcher[489]: req:2 'up' [enp0s3]: new request (1 scripts)
Dec 08 09:52:32 osboxes nm-dispatcher[489]: req:2 'up' [enp0s3]: start running ordered scripts...
Dec 08 09:52:32 osboxes NetworkManager[442]: <info>  [1512744752.0822] device (enp0s8): Activation: successful, device activated.
Dec 08 09:52:32 osboxes dhclient[562]: DHCPACK of 10.0.4.15 from 10.0.4.2
Dec 08 09:52:32 osboxes dhclient[560]: bound to 10.1.0.2 -- renewal in 564 seconds.
Dec 08 09:52:32 osboxes nm-dispatcher[489]: req:3 'up' [enp0s8]: new request (1 scripts)
Dec 08 09:52:32 osboxes NetworkManager[442]: <info>  [1512744752.0857] dhcp4 (enp0s9):   address 10.0.4.15
Dec 08 09:52:32 osboxes avahi-daemon[441]: Joining mDNS multicast group on interface enp0s9.IPv4 with address 10.0.4.15.
Dec 08 09:52:32 osboxes NetworkManager[442]: <info>  [1512744752.0857] dhcp4 (enp0s9):   plen 24 (255.255.255.0)
Dec 08 09:52:32 osboxes charon[552]: 09[KNL] 10.0.4.15 appeared on enp0s9
Dec 08 09:52:32 osboxes NetworkManager[442]: <info>  [1512744752.0857] dhcp4 (enp0s9):   gateway 10.0.4.2
Dec 08 09:52:32 osboxes avahi-daemon[441]: New relevant interface enp0s9.IPv4 for mDNS.
Dec 08 09:52:32 osboxes NetworkManager[442]: <info>  [1512744752.0857] dhcp4 (enp0s9):   server identifier 10.0.4.2
Dec 08 09:52:32 osboxes avahi-daemon[441]: Registering new address record for 10.0.4.15 on enp0s9.IPv4.
Dec 08 09:52:32 osboxes NetworkManager[442]: <info>  [1512744752.0857] dhcp4 (enp0s9):   lease time 86400
Dec 08 09:52:32 osboxes NetworkManager[442]: <info>  [1512744752.0858] dhcp4 (enp0s9):   nameserver '10.0.4.3'
Dec 08 09:52:32 osboxes NetworkManager[442]: <info>  [1512744752.0858] dhcp4 (enp0s9): state changed unknown -> bound
Dec 08 09:52:32 osboxes NetworkManager[442]: <info>  [1512744752.0868] device (enp0s9): state change: ip-config -> ip-check (reason 'none') [70 80 0]
Dec 08 09:52:32 osboxes NetworkManager[442]: <info>  [1512744752.0872] device (enp0s9): state change: ip-check -> secondaries (reason 'none') [80 90 0]
Dec 08 09:52:32 osboxes NetworkManager[442]: <info>  [1512744752.0873] device (enp0s9): state change: secondaries -> activated (reason 'none') [90 100 0]
Dec 08 09:52:32 osboxes NetworkManager[442]: <info>  [1512744752.0873] manager: NetworkManager state is now CONNECTED_LOCAL
Dec 08 09:52:32 osboxes nm-dispatcher[489]: req:4 'connectivity-change': new request (1 scripts)
Dec 08 09:52:32 osboxes NetworkManager[442]: <info>  [1512744752.0931] manager: NetworkManager state is now CONNECTED_GLOBAL
Dec 08 09:52:32 osboxes NetworkManager[442]: <info>  [1512744752.0932] policy: set 'Wired connection 3' (enp0s9) as default for IPv4 routing and DNS
Dec 08 09:52:32 osboxes NetworkManager[442]: <info>  [1512744752.0940] device (enp0s9): Activation: successful, device activated.
Dec 08 09:52:32 osboxes nm-dispatcher[489]: req:5 'up' [enp0s9]: new request (1 scripts)
Dec 08 09:52:32 osboxes dhclient[562]: bound to 10.0.4.15 -- renewal in 41203 seconds.
Dec 08 09:52:32 osboxes useradd[603]: failed adding user 'vboxadd', data deleted
Dec 08 09:52:32 osboxes gdm-launch-environment][556]: pam_unix(gdm-launch-environment:session): session opened for user Debian-gdm by (uid=0)
Dec 08 09:52:32 osboxes systemd[1]: Started vboxadd-x11.service.
Dec 08 09:52:32 osboxes systemd[1]: Created slice User Slice of Debian-gdm.
Dec 08 09:52:32 osboxes useradd[628]: failed adding user 'vboxadd', data deleted
Dec 08 09:52:32 osboxes systemd[1]: Starting User Manager for UID 117...
Dec 08 09:52:32 osboxes systemd-logind[445]: New session c1 of user Debian-gdm.
Dec 08 09:52:32 osboxes systemd[1]: Started Session c1 of user Debian-gdm.
Dec 08 09:52:32 osboxes systemd[635]: pam_unix(systemd-user:session): session opened for user Debian-gdm by (uid=0)
Dec 08 09:52:32 osboxes systemd[635]: Reached target Paths.
Dec 08 09:52:32 osboxes systemd[635]: Listening on GnuPG cryptographic agent and passphrase cache (restricted).
Dec 08 09:52:32 osboxes systemd[635]: Starting D-Bus User Message Bus Socket.
Dec 08 09:52:32 osboxes systemd[635]: Listening on Sound System.
Dec 08 09:52:32 osboxes systemd[635]: Listening on GnuPG cryptographic agent (ssh-agent emulation).
Dec 08 09:52:32 osboxes systemd[635]: Listening on GnuPG cryptographic agent (access for web browsers).
Dec 08 09:52:32 osboxes systemd[635]: Listening on GnuPG cryptographic agent and passphrase cache.
Dec 08 09:52:32 osboxes systemd[635]: Reached target Timers.
Dec 08 09:52:32 osboxes systemd[635]: Listening on D-Bus User Message Bus Socket.
Dec 08 09:52:32 osboxes systemd[635]: Reached target Sockets.
Dec 08 09:52:32 osboxes systemd[635]: Reached target Basic System.
Dec 08 09:52:32 osboxes systemd[635]: Reached target Default.
Dec 08 09:52:32 osboxes systemd[635]: Startup finished in 21ms.
Dec 08 09:52:32 osboxes systemd[1]: Started User Manager for UID 117.
Dec 08 09:52:32 osboxes systemd[635]: Started D-Bus User Message Bus.
Dec 08 09:52:32 osboxes vboxadd[434]: vboxadd.sh: failed: modprobe vboxguest failed.
Dec 08 09:52:32 osboxes vboxadd.sh[705]: modprobe vboxguest failed.
Dec 08 09:52:32 osboxes systemd[1]: vboxadd.service: Control process exited, code=exited status=1
Dec 08 09:52:32 osboxes systemd[1]: Failed to start vboxadd.service.
Dec 08 09:52:32 osboxes systemd[1]: vboxadd.service: Unit entered failed state.
Dec 08 09:52:32 osboxes systemd[1]: vboxadd.service: Failed with result 'exit-code'.
Dec 08 09:52:32 osboxes systemd[1]: Starting vboxadd-service.service...
Dec 08 09:52:32 osboxes vboxadd-service[707]: vboxadd-service.sh: Starting VirtualBox Guest Addition service.
Dec 08 09:52:32 osboxes vboxadd-service.sh[710]: Starting VirtualBox Guest Addition service.
Dec 08 09:52:32 osboxes vboxadd-service[707]: VirtualBox Additions module not loaded!
Dec 08 09:52:32 osboxes systemd[1]: vboxadd-service.service: Control process exited, code=exited status=1
Dec 08 09:52:32 osboxes systemd[1]: Failed to start vboxadd-service.service.
Dec 08 09:52:32 osboxes systemd[1]: vboxadd-service.service: Unit entered failed state.
Dec 08 09:52:32 osboxes systemd[1]: vboxadd-service.service: Failed with result 'exit-code'.
Dec 08 09:52:32 osboxes gnome-shell[718]: Can't initialize KMS backend: could not find drm kms device
Dec 08 09:52:32 osboxes gnome-session[671]: gnome-session-binary[671]: WARNING: App 'org.gnome.Shell.desktop' exited with code 1
Dec 08 09:52:32 osboxes gnome-session-binary[671]: WARNING: App 'org.gnome.Shell.desktop' exited with code 1
Dec 08 09:52:32 osboxes gnome-session-binary[671]: Unrecoverable failure in required component org.gnome.Shell.desktop
Dec 08 09:52:32 osboxes gdm-launch-environment][556]: pam_unix(gdm-launch-environment:session): session closed for user Debian-gdm
Dec 08 09:52:32 osboxes gdm3[523]: GdmDisplay: display lasted 0.533761 seconds
Dec 08 09:52:32 osboxes systemd-logind[445]: Removed session c1.
Dec 08 09:52:32 osboxes gdm3[523]: Child process -660 was already dead.
Dec 08 09:52:32 osboxes gdm3[523]: Child process 556 was already dead.
Dec 08 09:52:32 osboxes gdm3[523]: Unable to kill session worker process
Dec 08 09:52:32 osboxes systemd[1]: Stopping User Manager for UID 117...
Dec 08 09:52:32 osboxes systemd[635]: Stopped target Default.
Dec 08 09:52:32 osboxes systemd[635]: Stopping D-Bus User Message Bus...
Dec 08 09:52:32 osboxes systemd[635]: Stopped D-Bus User Message Bus.
Dec 08 09:52:32 osboxes systemd[635]: Stopped target Basic System.
Dec 08 09:52:32 osboxes systemd[635]: Stopped target Timers.
Dec 08 09:52:32 osboxes systemd[635]: Stopped target Paths.
Dec 08 09:52:32 osboxes systemd[635]: Stopped target Sockets.
Dec 08 09:52:32 osboxes systemd[635]: Closed GnuPG cryptographic agent (ssh-agent emulation).
Dec 08 09:52:32 osboxes systemd[635]: Closed GnuPG cryptographic agent and passphrase cache (restricted).
Dec 08 09:52:32 osboxes systemd[635]: Closed GnuPG cryptographic agent (access for web browsers).
Dec 08 09:52:32 osboxes systemd[635]: Closed Sound System.
Dec 08 09:52:32 osboxes systemd[635]: Closed GnuPG cryptographic agent and passphrase cache.
Dec 08 09:52:32 osboxes systemd[635]: Closed D-Bus User Message Bus Socket.
Dec 08 09:52:32 osboxes systemd[635]: Reached target Shutdown.
Dec 08 09:52:32 osboxes systemd[635]: Starting Exit the Session...
Dec 08 09:52:32 osboxes systemd[635]: Received SIGRTMIN+24 from PID 724 (kill).
Dec 08 09:52:32 osboxes systemd[652]: pam_unix(systemd-user:session): session closed for user Debian-gdm
Dec 08 09:52:32 osboxes systemd[1]: Stopped User Manager for UID 117.
Dec 08 09:52:32 osboxes systemd[1]: Removed slice User Slice of Debian-gdm.
Dec 08 09:52:32 osboxes gdm-launch-environment][723]: pam_unix(gdm-launch-environment:session): session opened for user Debian-gdm by (uid=0)
Dec 08 09:52:32 osboxes systemd[1]: Created slice User Slice of Debian-gdm.
Dec 08 09:52:32 osboxes systemd[1]: Starting User Manager for UID 117...
Dec 08 09:52:32 osboxes systemd[1]: Started Session c2 of user Debian-gdm.
Dec 08 09:52:32 osboxes systemd-logind[445]: New session c2 of user Debian-gdm.
Dec 08 09:52:32 osboxes systemd[735]: pam_unix(systemd-user:session): session opened for user Debian-gdm by (uid=0)
Dec 08 09:52:32 osboxes systemd[735]: Listening on GnuPG cryptographic agent and passphrase cache.
Dec 08 09:52:32 osboxes systemd[735]: Starting D-Bus User Message Bus Socket.
Dec 08 09:52:32 osboxes systemd[735]: Listening on GnuPG cryptographic agent (ssh-agent emulation).
Dec 08 09:52:32 osboxes systemd[735]: Listening on GnuPG cryptographic agent and passphrase cache (restricted).
Dec 08 09:52:32 osboxes systemd[735]: Listening on Sound System.
Dec 08 09:52:32 osboxes systemd[735]: Listening on GnuPG cryptographic agent (access for web browsers).
Dec 08 09:52:32 osboxes systemd[735]: Reached target Paths.
Dec 08 09:52:32 osboxes systemd[735]: Reached target Timers.
Dec 08 09:52:32 osboxes systemd[735]: Listening on D-Bus User Message Bus Socket.
Dec 08 09:52:32 osboxes systemd[735]: Reached target Sockets.
Dec 08 09:52:32 osboxes systemd[735]: Reached target Basic System.
Dec 08 09:52:32 osboxes systemd[735]: Reached target Default.
Dec 08 09:52:32 osboxes systemd[735]: Startup finished in 12ms.
Dec 08 09:52:32 osboxes systemd[1]: Started User Manager for UID 117.
Dec 08 09:52:32 osboxes /usr/lib/gdm3/gdm-x-session[740]: (--) Log file renamed from "/var/log/Xorg.pid-742.log" to "/var/log/Xorg.0.log"
Dec 08 09:52:32 osboxes /usr/lib/gdm3/gdm-x-session[740]: X.Org X Server 1.19.2
Dec 08 09:52:32 osboxes /usr/lib/gdm3/gdm-x-session[740]: Release Date: 2017-03-02
Dec 08 09:52:32 osboxes /usr/lib/gdm3/gdm-x-session[740]: X Protocol Version 11, Revision 0
Dec 08 09:52:32 osboxes /usr/lib/gdm3/gdm-x-session[740]: Build Operating System: Linux 4.9.0-4-amd64 x86_64 Debian
Dec 08 09:52:32 osboxes /usr/lib/gdm3/gdm-x-session[740]: Current Operating System: Linux osboxes 4.9.0-4-amd64 #1 SMP Debian 4.9.51-1 (2017-09-28) x86_64
Dec 08 09:52:32 osboxes /usr/lib/gdm3/gdm-x-session[740]: Kernel command line: BOOT_IMAGE=/vmlinuz-4.9.0-4-amd64 root=UUID=5e2700b4-cb8e-461a-8540-20d9fc6cb64b ro quiet
Dec 08 09:52:32 osboxes /usr/lib/gdm3/gdm-x-session[740]: Build Date: 16 October 2017  08:19:45AM
Dec 08 09:52:32 osboxes /usr/lib/gdm3/gdm-x-session[740]: xorg-server 2:1.19.2-1+deb9u2 (https://www.debian.org/support)
Dec 08 09:52:32 osboxes /usr/lib/gdm3/gdm-x-session[740]: Current version of pixman: 0.34.0
Dec 08 09:52:32 osboxes /usr/lib/gdm3/gdm-x-session[740]:         Before reporting problems, check http://wiki.x.org
Dec 08 09:52:32 osboxes /usr/lib/gdm3/gdm-x-session[740]:         to make sure that you have the latest version.
Dec 08 09:52:32 osboxes /usr/lib/gdm3/gdm-x-session[740]: Markers: (--) probed, (**) from config file, (==) default setting,
Dec 08 09:52:32 osboxes /usr/lib/gdm3/gdm-x-session[740]:         (++) from command line, (!!) notice, (II) informational,
Dec 08 09:52:32 osboxes /usr/lib/gdm3/gdm-x-session[740]:         (WW) warning, (EE) error, (NI) not implemented, (??) unknown.
Dec 08 09:52:32 osboxes /usr/lib/gdm3/gdm-x-session[740]: (==) Log file: "/var/log/Xorg.0.log", Time: Fri Dec  8 09:52:32 2017
Dec 08 09:52:32 osboxes /usr/lib/gdm3/gdm-x-session[740]: (==) Using system config directory "/usr/share/X11/xorg.conf.d"
Dec 08 09:52:32 osboxes /usr/lib/gdm3/gdm-x-session[740]: (==) No Layout section.  Using the first Screen section.
Dec 08 09:52:32 osboxes /usr/lib/gdm3/gdm-x-session[740]: (==) No screen section available. Using defaults.
Dec 08 09:52:32 osboxes /usr/lib/gdm3/gdm-x-session[740]: (**) |-->Screen "Default Screen Section" (0)
Dec 08 09:52:32 osboxes /usr/lib/gdm3/gdm-x-session[740]: (**) |   |-->Monitor "<default monitor>"
Dec 08 09:52:32 osboxes /usr/lib/gdm3/gdm-x-session[740]: (==) No monitor specified for screen "Default Screen Section".
Dec 08 09:52:32 osboxes /usr/lib/gdm3/gdm-x-session[740]:         Using a default monitor configuration.
Dec 08 09:52:32 osboxes /usr/lib/gdm3/gdm-x-session[740]: (==) Automatically adding devices
Dec 08 09:52:32 osboxes /usr/lib/gdm3/gdm-x-session[740]: (==) Automatically enabling devices
Dec 08 09:52:32 osboxes /usr/lib/gdm3/gdm-x-session[740]: (==) Automatically adding GPU devices
Dec 08 09:52:32 osboxes /usr/lib/gdm3/gdm-x-session[740]: (==) Max clients allowed: 256, resource mask: 0x1fffff
Dec 08 09:52:32 osboxes /usr/lib/gdm3/gdm-x-session[740]: (WW) The directory "/usr/share/fonts/X11/cyrillic" does not exist.
Dec 08 09:52:32 osboxes /usr/lib/gdm3/gdm-x-session[740]:         Entry deleted from font path.
Dec 08 09:52:32 osboxes /usr/lib/gdm3/gdm-x-session[740]: (==) FontPath set to:
Dec 08 09:52:32 osboxes /usr/lib/gdm3/gdm-x-session[740]:         /usr/share/fonts/X11/misc,
Dec 08 09:52:32 osboxes /usr/lib/gdm3/gdm-x-session[740]:         /usr/share/fonts/X11/100dpi/:unscaled,
Dec 08 09:52:32 osboxes /usr/lib/gdm3/gdm-x-session[740]:         /usr/share/fonts/X11/75dpi/:unscaled,
Dec 08 09:52:32 osboxes /usr/lib/gdm3/gdm-x-session[740]:         /usr/share/fonts/X11/Type1,
Dec 08 09:52:32 osboxes /usr/lib/gdm3/gdm-x-session[740]:         /usr/share/fonts/X11/100dpi,
Dec 08 09:52:32 osboxes /usr/lib/gdm3/gdm-x-session[740]:         /usr/share/fonts/X11/75dpi,
Dec 08 09:52:32 osboxes /usr/lib/gdm3/gdm-x-session[740]:         built-ins
Dec 08 09:52:32 osboxes /usr/lib/gdm3/gdm-x-session[740]: (==) ModulePath set to "/usr/lib/xorg/modules"
Dec 08 09:52:32 osboxes /usr/lib/gdm3/gdm-x-session[740]: (II) The server relies on udev to provide the list of input devices.
Dec 08 09:52:32 osboxes /usr/lib/gdm3/gdm-x-session[740]:         If no devices become available, reconfigure udev or disable AutoAddDevices.
Dec 08 09:52:32 osboxes /usr/lib/gdm3/gdm-x-session[740]: (II) Loader magic: 0x55a418cb5e00
Dec 08 09:52:32 osboxes /usr/lib/gdm3/gdm-x-session[740]: (II) Module ABI versions:
Dec 08 09:52:32 osboxes /usr/lib/gdm3/gdm-x-session[740]:         X.Org ANSI C Emulation: 0.4
Dec 08 09:52:32 osboxes /usr/lib/gdm3/gdm-x-session[740]:         X.Org Video Driver: 23.0
Dec 08 09:52:32 osboxes /usr/lib/gdm3/gdm-x-session[740]:         X.Org XInput driver : 24.1
Dec 08 09:52:32 osboxes /usr/lib/gdm3/gdm-x-session[740]:         X.Org Server Extension : 10.0
Dec 08 09:52:32 osboxes /usr/lib/gdm3/gdm-x-session[740]: (++) using VT number 1
Dec 08 09:52:32 osboxes /usr/lib/gdm3/gdm-x-session[740]: (II) systemd-logind: took control of session /org/freedesktop/login1/session/c2
Dec 08 09:52:32 osboxes /usr/lib/gdm3/gdm-x-session[740]: (--) PCI:*(0:0:2:0) 80ee:beef:0000:0000 rev 0, Mem @ 0xe0000000/67108864, BIOS @ 0x????????/131072
Dec 08 09:52:32 osboxes /usr/lib/gdm3/gdm-x-session[740]: (II) LoadModule: "glx"
Dec 08 09:52:32 osboxes /usr/lib/gdm3/gdm-x-session[740]: (II) Loading /usr/lib/xorg/modules/extensions/libglx.so
Dec 08 09:52:32 osboxes /usr/lib/gdm3/gdm-x-session[740]: (II) Module glx: vendor="X.Org Foundation"
Dec 08 09:52:32 osboxes /usr/lib/gdm3/gdm-x-session[740]:         compiled for 1.19.2, module version = 1.0.0
Dec 08 09:52:32 osboxes /usr/lib/gdm3/gdm-x-session[740]:         ABI class: X.Org Server Extension, version 10.0
Dec 08 09:52:32 osboxes /usr/lib/gdm3/gdm-x-session[740]: (==) Matched vboxvideo as autoconfigured driver 0
Dec 08 09:52:32 osboxes /usr/lib/gdm3/gdm-x-session[740]: (==) Matched modesetting as autoconfigured driver 1
Dec 08 09:52:32 osboxes /usr/lib/gdm3/gdm-x-session[740]: (==) Matched fbdev as autoconfigured driver 2
Dec 08 09:52:32 osboxes /usr/lib/gdm3/gdm-x-session[740]: (==) Matched vesa as autoconfigured driver 3
Dec 08 09:52:32 osboxes /usr/lib/gdm3/gdm-x-session[740]: (==) Assigned the driver to the xf86ConfigLayout
Dec 08 09:52:32 osboxes /usr/lib/gdm3/gdm-x-session[740]: (II) LoadModule: "vboxvideo"
Dec 08 09:52:32 osboxes /usr/lib/gdm3/gdm-x-session[740]: (WW) Warning, couldn't open module vboxvideo
Dec 08 09:52:32 osboxes /usr/lib/gdm3/gdm-x-session[740]: (II) UnloadModule: "vboxvideo"
Dec 08 09:52:32 osboxes /usr/lib/gdm3/gdm-x-session[740]: (II) Unloading vboxvideo
Dec 08 09:52:32 osboxes /usr/lib/gdm3/gdm-x-session[740]: (EE) Failed to load module "vboxvideo" (module does not exist, 0)
Dec 08 09:52:32 osboxes /usr/lib/gdm3/gdm-x-session[740]: (II) LoadModule: "modesetting"
Dec 08 09:52:32 osboxes /usr/lib/gdm3/gdm-x-session[740]: (II) Loading /usr/lib/xorg/modules/drivers/modesetting_drv.so
Dec 08 09:52:32 osboxes /usr/lib/gdm3/gdm-x-session[740]: (II) Module modesetting: vendor="X.Org Foundation"
Dec 08 09:52:32 osboxes /usr/lib/gdm3/gdm-x-session[740]:         compiled for 1.19.2, module version = 1.19.2
Dec 08 09:52:32 osboxes /usr/lib/gdm3/gdm-x-session[740]:         Module class: X.Org Video Driver
Dec 08 09:52:32 osboxes /usr/lib/gdm3/gdm-x-session[740]:         ABI class: X.Org Video Driver, version 23.0
Dec 08 09:52:32 osboxes /usr/lib/gdm3/gdm-x-session[740]: (II) LoadModule: "fbdev"
Dec 08 09:52:32 osboxes /usr/lib/gdm3/gdm-x-session[740]: (II) Loading /usr/lib/xorg/modules/drivers/fbdev_drv.so
Dec 08 09:52:32 osboxes /usr/lib/gdm3/gdm-x-session[740]: (II) Module fbdev: vendor="X.Org Foundation"
Dec 08 09:52:32 osboxes /usr/lib/gdm3/gdm-x-session[740]:         compiled for 1.19.0, module version = 0.4.4
Dec 08 09:52:32 osboxes /usr/lib/gdm3/gdm-x-session[740]:         Module class: X.Org Video Driver
Dec 08 09:52:32 osboxes /usr/lib/gdm3/gdm-x-session[740]:         ABI class: X.Org Video Driver, version 23.0
Dec 08 09:52:32 osboxes /usr/lib/gdm3/gdm-x-session[740]: (II) LoadModule: "vesa"
Dec 08 09:52:32 osboxes /usr/lib/gdm3/gdm-x-session[740]: (II) Loading /usr/lib/xorg/modules/drivers/vesa_drv.so
Dec 08 09:52:32 osboxes /usr/lib/gdm3/gdm-x-session[740]: (II) Module vesa: vendor="X.Org Foundation"
Dec 08 09:52:32 osboxes /usr/lib/gdm3/gdm-x-session[740]:         compiled for 1.19.0, module version = 2.3.4
Dec 08 09:52:32 osboxes /usr/lib/gdm3/gdm-x-session[740]:         Module class: X.Org Video Driver
Dec 08 09:52:32 osboxes /usr/lib/gdm3/gdm-x-session[740]:         ABI class: X.Org Video Driver, version 23.0
Dec 08 09:52:32 osboxes /usr/lib/gdm3/gdm-x-session[740]: (II) modesetting: Driver for Modesetting Kernel Drivers: kms
Dec 08 09:52:32 osboxes /usr/lib/gdm3/gdm-x-session[740]: (II) FBDEV: driver for framebuffer: fbdev
Dec 08 09:52:32 osboxes /usr/lib/gdm3/gdm-x-session[740]: (II) VESA: driver for VESA chipsets: vesa
Dec 08 09:52:32 osboxes /usr/lib/gdm3/gdm-x-session[740]: (EE) open /dev/dri/card0: No such file or directory
Dec 08 09:52:32 osboxes /usr/lib/gdm3/gdm-x-session[740]: (WW) Falling back to old probe method for modesetting
Dec 08 09:52:32 osboxes /usr/lib/gdm3/gdm-x-session[740]: (EE) open /dev/dri/card0: No such file or directory
Dec 08 09:52:32 osboxes /usr/lib/gdm3/gdm-x-session[740]: (II) Loading sub module "fbdevhw"
Dec 08 09:52:32 osboxes /usr/lib/gdm3/gdm-x-session[740]: (II) LoadModule: "fbdevhw"
Dec 08 09:52:32 osboxes /usr/lib/gdm3/gdm-x-session[740]: (II) Loading /usr/lib/xorg/modules/libfbdevhw.so
Dec 08 09:52:32 osboxes /usr/lib/gdm3/gdm-x-session[740]: (II) Module fbdevhw: vendor="X.Org Foundation"
Dec 08 09:52:32 osboxes /usr/lib/gdm3/gdm-x-session[740]:         compiled for 1.19.2, module version = 0.0.2
Dec 08 09:52:32 osboxes /usr/lib/gdm3/gdm-x-session[740]:         ABI class: X.Org Video Driver, version 23.0
Dec 08 09:52:32 osboxes /usr/lib/gdm3/gdm-x-session[740]: (EE) open /dev/fb0: No such file or directory
Dec 08 09:52:32 osboxes /usr/lib/gdm3/gdm-x-session[740]: (WW) Falling back to old probe method for fbdev
Dec 08 09:52:32 osboxes /usr/lib/gdm3/gdm-x-session[740]: (II) Loading sub module "fbdevhw"
Dec 08 09:52:32 osboxes /usr/lib/gdm3/gdm-x-session[740]: (II) LoadModule: "fbdevhw"
Dec 08 09:52:32 osboxes /usr/lib/gdm3/gdm-x-session[740]: (II) Loading /usr/lib/xorg/modules/libfbdevhw.so
Dec 08 09:52:32 osboxes /usr/lib/gdm3/gdm-x-session[740]: (II) Module fbdevhw: vendor="X.Org Foundation"
Dec 08 09:52:32 osboxes /usr/lib/gdm3/gdm-x-session[740]:         compiled for 1.19.2, module version = 0.0.2
Dec 08 09:52:32 osboxes /usr/lib/gdm3/gdm-x-session[740]:         ABI class: X.Org Video Driver, version 23.0
Dec 08 09:52:32 osboxes /usr/lib/gdm3/gdm-x-session[740]: (EE) open /dev/fb0: No such file or directory
Dec 08 09:52:32 osboxes /usr/lib/gdm3/gdm-x-session[740]: (EE) Screen 0 deleted because of no matching config section.
Dec 08 09:52:32 osboxes /usr/lib/gdm3/gdm-x-session[740]: (II) UnloadModule: "modesetting"
Dec 08 09:52:32 osboxes /usr/lib/gdm3/gdm-x-session[740]: (EE) Screen 0 deleted because of no matching config section.
Dec 08 09:52:32 osboxes /usr/lib/gdm3/gdm-x-session[740]: (II) UnloadModule: "fbdev"
Dec 08 09:52:32 osboxes /usr/lib/gdm3/gdm-x-session[740]: (II) UnloadSubModule: "fbdevhw"
Dec 08 09:52:32 osboxes /usr/lib/gdm3/gdm-x-session[740]: (II) Loading sub module "vbe"
Dec 08 09:52:32 osboxes /usr/lib/gdm3/gdm-x-session[740]: (II) LoadModule: "vbe"
Dec 08 09:52:32 osboxes /usr/lib/gdm3/gdm-x-session[740]: (II) Loading /usr/lib/xorg/modules/libvbe.so
Dec 08 09:52:32 osboxes /usr/lib/gdm3/gdm-x-session[740]: (II) Module vbe: vendor="X.Org Foundation"
Dec 08 09:52:32 osboxes /usr/lib/gdm3/gdm-x-session[740]:         compiled for 1.19.2, module version = 1.1.0
Dec 08 09:52:32 osboxes /usr/lib/gdm3/gdm-x-session[740]:         ABI class: X.Org Video Driver, version 23.0
Dec 08 09:52:32 osboxes /usr/lib/gdm3/gdm-x-session[740]: (II) Loading sub module "int10"
Dec 08 09:52:32 osboxes /usr/lib/gdm3/gdm-x-session[740]: (II) LoadModule: "int10"
Dec 08 09:52:32 osboxes /usr/lib/gdm3/gdm-x-session[740]: (II) Loading /usr/lib/xorg/modules/libint10.so
Dec 08 09:52:32 osboxes /usr/lib/gdm3/gdm-x-session[740]: (II) Module int10: vendor="X.Org Foundation"
Dec 08 09:52:32 osboxes /usr/lib/gdm3/gdm-x-session[740]:         compiled for 1.19.2, module version = 1.0.0
Dec 08 09:52:32 osboxes /usr/lib/gdm3/gdm-x-session[740]:         ABI class: X.Org Video Driver, version 23.0
Dec 08 09:52:32 osboxes /usr/lib/gdm3/gdm-x-session[740]: (II) VESA(0): initializing int10
Dec 08 09:52:32 osboxes /usr/lib/gdm3/gdm-x-session[740]: (II) VESA(0): Primary V_BIOS segment is: 0xc000
Dec 08 09:52:32 osboxes /usr/lib/gdm3/gdm-x-session[740]: (II) VESA(0): VESA BIOS detected
Dec 08 09:52:32 osboxes /usr/lib/gdm3/gdm-x-session[740]: (II) VESA(0): VESA VBE Version 2.0
Dec 08 09:52:32 osboxes /usr/lib/gdm3/gdm-x-session[740]: (II) VESA(0): VESA VBE Total Mem: 33792 kB
Dec 08 09:52:32 osboxes /usr/lib/gdm3/gdm-x-session[740]: (II) VESA(0): VESA VBE OEM: VirtualBox VESA BIOS
Dec 08 09:52:32 osboxes /usr/lib/gdm3/gdm-x-session[740]: (II) VESA(0): VESA VBE OEM Software Rev: 0.3
Dec 08 09:52:32 osboxes /usr/lib/gdm3/gdm-x-session[740]: (II) VESA(0): VESA VBE OEM Vendor: Oracle Corporation
Dec 08 09:52:32 osboxes /usr/lib/gdm3/gdm-x-session[740]: (II) VESA(0): VESA VBE OEM Product: Oracle VM VirtualBox VBE Adapter
Dec 08 09:52:32 osboxes /usr/lib/gdm3/gdm-x-session[740]: (II) VESA(0): VESA VBE OEM Product Rev: Oracle VM VirtualBox Version 5.1.22
Dec 08 09:52:32 osboxes /usr/lib/gdm3/gdm-x-session[740]: (II) VESA(0): Creating default Display subsection in Screen section
Dec 08 09:52:32 osboxes /usr/lib/gdm3/gdm-x-session[740]:         "Default Screen Section" for depth/fbbpp 24/32
Dec 08 09:52:32 osboxes /usr/lib/gdm3/gdm-x-session[740]: (==) VESA(0): Depth 24, (--) framebuffer bpp 32
Dec 08 09:52:32 osboxes /usr/lib/gdm3/gdm-x-session[740]: (==) VESA(0): RGB weight 888
Dec 08 09:52:32 osboxes /usr/lib/gdm3/gdm-x-session[740]: (==) VESA(0): Default visual is TrueColor
Dec 08 09:52:32 osboxes /usr/lib/gdm3/gdm-x-session[740]: (==) VESA(0): Using gamma correction (1.0, 1.0, 1.0)
Dec 08 09:52:32 osboxes /usr/lib/gdm3/gdm-x-session[740]: (II) Loading sub module "ddc"
Dec 08 09:52:32 osboxes /usr/lib/gdm3/gdm-x-session[740]: (II) LoadModule: "ddc"
Dec 08 09:52:32 osboxes /usr/lib/gdm3/gdm-x-session[740]: (II) Module "ddc" already built-in
Dec 08 09:52:32 osboxes /usr/lib/gdm3/gdm-x-session[740]: (II) VESA(0): VESA VBE DDC not supported
Dec 08 09:52:32 osboxes /usr/lib/gdm3/gdm-x-session[740]: (II) VESA(0): VESA VBE PanelID invalid
Dec 08 09:52:32 osboxes /usr/lib/gdm3/gdm-x-session[740]: (II) VESA(0): Searching for matching VESA mode(s):
Dec 08 09:52:32 osboxes /usr/lib/gdm3/gdm-x-session[740]: Mode: 100 (640x400)
Dec 08 09:52:32 osboxes /usr/lib/gdm3/gdm-x-session[740]:         ModeAttributes: 0x9b
Dec 08 09:52:32 osboxes /usr/lib/gdm3/gdm-x-session[740]:         WinAAttributes: 0x7
Dec 08 09:52:32 osboxes /usr/lib/gdm3/gdm-x-session[740]:         WinBAttributes: 0x0
Dec 08 09:52:32 osboxes /usr/lib/gdm3/gdm-x-session[740]:         WinGranularity: 64
Dec 08 09:52:32 osboxes /usr/lib/gdm3/gdm-x-session[740]:         WinSize: 64
Dec 08 09:52:32 osboxes /usr/lib/gdm3/gdm-x-session[740]:         WinASegment: 0xa000
